Archive member included because of file (symbol)

C:\Program Files (x86)\VEX Robotics\VEXcode Pro V5\sdk/vexv5\libv5rt.a(v5_startup.c.obj)
                              (vexStartup)
C:\Program Files (x86)\VEX Robotics\VEXcode Pro V5\sdk/vexv5\libv5rt.a(v5_util.c.obj)
                              C:\Program Files (x86)\VEX Robotics\VEXcode Pro V5\sdk/vexv5\libv5rt.a(v5_startup.c.obj) (vexStdlibVersionLinked)
C:\Program Files (x86)\VEX Robotics\VEXcode Pro V5\sdk/vexv5\libv5rt.a(v5_apijump.c.obj)
                              C:\Program Files (x86)\VEX Robotics\VEXcode Pro V5\sdk/vexv5\libv5rt.a(v5_startup.c.obj) (vexPrivateApiEnable)
C:\Program Files (x86)\VEX Robotics\VEXcode Pro V5\sdk/vexv5\libv5rt.a(v5_apiversions.c.obj)
                              C:\Program Files (x86)\VEX Robotics\VEXcode Pro V5\sdk/vexv5\libv5rt.a(v5_apijump.c.obj) (vexSystemVersion)
C:\Program Files (x86)\VEX Robotics\VEXcode Pro V5\sdk/vexv5\libv5rt.a(vex_global.cpp.obj)
                              build/src/main.o (vex::wait(double, vex::timeUnits))
C:\Program Files (x86)\VEX Robotics\VEXcode Pro V5\sdk/vexv5\libv5rt.a(vex_motor.cpp.obj)
                              build/src/robot-config.o (vex::motor::~motor())
C:\Program Files (x86)\VEX Robotics\VEXcode Pro V5\sdk/vexv5\libv5rt.a(vex_imu.cpp.obj)
                              build/src/chasis.o (vex::inertial::setRotation(double, vex::rotationUnits))
C:\Program Files (x86)\VEX Robotics\VEXcode Pro V5\sdk/vexv5\libv5rt.a(vex_rotation.cpp.obj)
                              build/src/robot-config.o (vex::rotation::~rotation())
C:\Program Files (x86)\VEX Robotics\VEXcode Pro V5\sdk/vexv5\libv5rt.a(vex_distance.cpp.obj)
                              build/src/robot-config.o (vex::distance::~distance())
C:\Program Files (x86)\VEX Robotics\VEXcode Pro V5\sdk/vexv5\libv5rt.a(vex_gps.cpp.obj)
                              build/src/robot-config.o (vex::gps::~gps())
C:\Program Files (x86)\VEX Robotics\VEXcode Pro V5\sdk/vexv5\libv5rt.a(vex_controller.cpp.obj)
                              build/src/robot-config.o (vex::controller::~controller())
C:\Program Files (x86)\VEX Robotics\VEXcode Pro V5\sdk/vexv5\libv5rt.a(vex_task.cpp.obj)
                              build/src/main.o (vex::task::task())
C:\Program Files (x86)\VEX Robotics\VEXcode Pro V5\sdk/vexv5\libv5rt.a(vex_thread.cpp.obj)
                              build/src/chasis.o (vex::thread::thread(int (*)()))
C:\Program Files (x86)\VEX Robotics\VEXcode Pro V5\sdk/vexv5\libv5rt.a(vex_event.cpp.obj)
                              C:\Program Files (x86)\VEX Robotics\VEXcode Pro V5\sdk/vexv5\libv5rt.a(vex_imu.cpp.obj) (vex::event::init(unsigned long, unsigned long, void (*)()))
C:\Program Files (x86)\VEX Robotics\VEXcode Pro V5\sdk/vexv5\libv5rt.a(vex_mevent.cpp.obj)
                              C:\Program Files (x86)\VEX Robotics\VEXcode Pro V5\sdk/vexv5\libv5rt.a(vex_controller.cpp.obj) (vex::mevent::mevent(unsigned long, unsigned long))
C:\Program Files (x86)\VEX Robotics\VEXcode Pro V5\sdk/vexv5\libv5rt.a(vex_brain.cpp.obj)
                              build/src/main.o (vex::brain::lcd::setCursor(long, long))
C:\Program Files (x86)\VEX Robotics\VEXcode Pro V5\sdk/vexv5\libv5rt.a(vex_competition.cpp.obj)
                              build/src/main.o (vex::competition::competition())
C:\Program Files (x86)\VEX Robotics\VEXcode Pro V5\sdk/vexv5\libv5rt.a(vex_triport.cpp.obj)
                              C:\Program Files (x86)\VEX Robotics\VEXcode Pro V5\sdk/vexv5\libv5rt.a(vex_brain.cpp.obj) (vex::triport::~triport())
C:\Program Files (x86)\VEX Robotics\VEXcode Pro V5\sdk/vexv5\libv5rt.a(vex_color.cpp.obj)
                              C:\Program Files (x86)\VEX Robotics\VEXcode Pro V5\sdk/vexv5\libv5rt.a(vex_brain.cpp.obj) (vex::color::operator unsigned long() const)
C:\Program Files (x86)\VEX Robotics\VEXcode Pro V5\sdk/vexv5\libv5rt.a(vex_timer.cpp.obj)
                              C:\Program Files (x86)\VEX Robotics\VEXcode Pro V5\sdk/vexv5\libv5rt.a(vex_brain.cpp.obj) (vex::timer::~timer())
C:\Program Files (x86)\VEX Robotics\VEXcode Pro V5\sdk/vexv5\libv5rt.a(v5_apiuser.c.obj)
                              C:\Program Files (x86)\VEX Robotics\VEXcode Pro V5\sdk/vexv5\libv5rt.a(vex_triport.cpp.obj) (vexAdiPortConfigSet)
C:\Program Files (x86)\VEX Robotics\VEXcode Pro V5\sdk/vexv5\libv5rt.a(vex_device.cpp.obj)
                              C:\Program Files (x86)\VEX Robotics\VEXcode Pro V5\sdk/vexv5\libv5rt.a(vex_motor.cpp.obj) (vex::device::~device())
C:\Program Files (x86)\VEX Robotics\VEXcode Pro V5\sdk/vexv5/gcc/libs\libc.a(lib_a-clock.o)
                              build/src/util.o (clock)
C:\Program Files (x86)\VEX Robotics\VEXcode Pro V5\sdk/vexv5/gcc/libs\libc.a(lib_a-fini.o)
                              C:\Program Files (x86)\VEX Robotics\VEXcode Pro V5\sdk/vexv5\libv5rt.a(v5_startup.c.obj) (__libc_fini_array)
[...]
Memory Configuration

Name             Origin             Length             Attributes
ps7_ddr_0_S_AXI_BASEADDR 0x03800000         0x04800000
*default*        0x00000000         0xffffffff

Linker script and memory map

                0x00002000                _STACK_SIZE = DEFINED (_STACK_SIZE)?_STACK_SIZE:0x2000
                0x00100000                _HEAP_SIZE = DEFINED (_HEAP_SIZE)?_HEAP_SIZE:0x100000
                0x00000400                _ABORT_STACK_SIZE = DEFINED (_ABORT_STACK_SIZE)?_ABORT_STACK_SIZE:0x400
                0x00000800                _SUPERVISOR_STACK_SIZE = DEFINED (_SUPERVISOR_STACK_SIZE)?_SUPERVISOR_STACK_SIZE:0x800
                0x00000400                _IRQ_STACK_SIZE = DEFINED (_IRQ_STACK_SIZE)?_IRQ_STACK_SIZE:0x400
                0x00000400                _FIQ_STACK_SIZE = DEFINED (_FIQ_STACK_SIZE)?_FIQ_STACK_SIZE:0x400
                0x00000400                _UNDEF_STACK_SIZE = DEFINED (_UNDEF_STACK_SIZE)?_UNDEF_STACK_SIZE:0x400

.text           0x03800000     0x7f98
 *(.vectors)
 *(.boot_data)
 .boot_data     0x03800000       0x20 C:\Program Files (x86)\VEX Robotics\VEXcode Pro V5\sdk/vexv5\libv5rt.a(v5_startup.c.obj)
                0x03800000                vexCodeSig
                0x00000020                . = 0x20
 *(.boot)
 .boot          0x03800020       0xbc C:\Program Files (x86)\VEX Robotics\VEXcode Pro V5\sdk/vexv5\libv5rt.a(v5_startup.c.obj)
                0x03800020                vexStartup
                0x03800100                . = ALIGN (0x40)
 *fill*         0x038000dc       0x24 
 *(.freertos_vectors)
 *(.text)
 *(.text.*)
 .text._Z4spinPN3vex5motorEdNS_9brakeTypeE
                0x03800100       0x78 build/src/util.o
                0x03800100                spin(vex::motor*, double, vex::brakeType)
 .text._Z2aedd  0x03800178       0x30 build/src/util.o
                0x03800178                ae(double, double)
 .text._Z9is_skillsv
                0x038001a8       0x20 build/src/util.o
                0x038001a8                is_skills()
 .text._Z5clampddd
                0x038001c8       0x30 build/src/util.o
                0x038001c8                clamp(double, double, double)
 .text._Z10ithresholddd
                0x038001f8       0x4c build/src/util.o
                0x038001f8                ithreshold(double, double)
 .text._Z2sqd   0x03800244       0x10 build/src/util.o
                0x03800244                sq(double)
 .text._Z11insaneAutonf
                0x03800254       0xd4 build/src/main.o
                0x03800254                insaneAuton(float)
 .text._Z5autonv
                0x03800328     0x1498 build/src/main.o
                0x03800328                auton()
 .text._Z11usercontrolv
                0x038017c0      0x49c build/src/main.o
                0x038017c0                usercontrol()
 *fill*         0x03801c5c        0x4 
 .text.main     0x03801c60      0x1e8 build/src/main.o
                0x03801c60                main
 .text._GLOBAL__sub_I_main.cpp
                0x03801e48       0xa0 build/src/main.o
 .text._ZN8Kalman1DC2Edddd
                0x03801ee8       0x24 build/src/kalman.o
                0x03801ee8                Kalman1D::Kalman1D(double, double, double, double)
                0x03801ee8                Kalman1D::Kalman1D(double, double, double, double)
 .text._ZN8Kalman1D6updateEd
                0x03801f0c       0x34 build/src/kalman.o
                0x03801f0c                Kalman1D::update(double)
 .text._Z9drawFieldv
                0x03801f40      0x528 build/src/DrawField.o
                0x03801f40                drawField()
 .text._Z16positionTrackingv
                0x03802468      0x370 build/src/odometry.o
                0x03802468                positionTracking()
 .text._Z10initializev
                0x038027d8       0x28 build/src/chasis.o
                0x038027d8                initialize()
 .text._Z12get_rotationv
                0x03802800       0x3c build/src/chasis.o
                0x03802800                get_rotation()
 .text._Z15brake_uncheckedv
                0x0380283c       0x4c build/src/chasis.o
                0x0380283c                brake_unchecked()
 .text._Z22turn_absolute_inertialdbSs
                0x03802888      0x4a0 build/src/chasis.o
                0x03802888                turn_absolute_inertial(double, bool, std::string)
 .text._Z7moveRotff
                0x03802d28       0xc8 build/src/chasis.o
                0x03802d28                moveRot(float, float)
 .text._Z7turnRotffSs
                0x03802df0      0x22c build/src/chasis.o
                0x03802df0                turnRot(float, float, std::string)
 *fill*         0x0380301c        0x4 
 .text._Z14inertial_driveddb
                0x03803020      0x348 build/src/chasis.o
                0x03803020                inertial_drive(double, double, bool)
 .text._Z14allBaseVoltagebd
                0x03803368       0xb8 build/src/chasis.o
                0x03803368                allBaseVoltage(bool, double)
 .text._Z11driveToGoalf
                0x03803420       0x5c build/src/chasis.o
                0x03803420                driveToGoal(float)
 .text._Z11voltageDistd
                0x0380347c       0x74 build/src/chasis.o
                0x0380347c                voltageDist(double)
 .text._ZZ10initializevEN3$_08__invokeEv
                0x038034f0        0xc build/src/chasis.o
 .text._ZZ10initializevENK3$_0clEv
                0x038034fc       0xa0 build/src/chasis.o
 .text._GLOBAL__sub_I_chasis.cpp
                0x0380359c       0xa0 build/src/chasis.o
 .text._Z11vexcodeInitv
                0x0380363c        0x4 build/src/robot-config.o
                0x0380363c                vexcodeInit()
 .text._GLOBAL__sub_I_robot_config.cpp
                0x03803640      0x580 build/src/robot-config.o
 .text._Z6setBard
                0x03803bc0      0x104 build/src/control.o
                0x03803bc0                setBar(double)
 *fill*         0x03803cc4        0x4 
 .text._Z7setMogod
                0x03803cc8      0x124 build/src/control.o
                0x03803cc8                setMogo(double)
 *fill*         0x03803dec        0x4 
 .text._Z7mogoPosib
                0x03803df0       0xd8 build/src/control.o
                0x03803df0                mogoPos(int, bool)
 .text._Z8startBarf
                0x03803ec8       0x48 build/src/control.o
                0x03803ec8                startBar(float)
 .text._Z7stopBarv
                0x03803f10       0x18 build/src/control.o
                0x03803f10                stopBar()
 .text._Z10spinIntakev
                0x03803f28       0x50 build/src/control.o
                0x03803f28                spinIntake()
 .text._Z10stopIntakev
                0x03803f78       0x18 build/src/control.o
                0x03803f78                stopIntake()
 .text._Z8openClawv
                0x03803f90        0xc build/src/control.o
                0x03803f90                openClaw()
 *fill*         0x03803f9c        0x4 
 .text._Z9clawSpinTf
                0x03803fa0       0xd0 build/src/control.o
                0x03803fa0                clawSpinT(float)
 .text._Z9closeClawv
                0x03804070        0x8 build/src/control.o
                0x03804070                closeClaw()
 .text._ZZ10mogoThreaddEN3$_18__invokeEPv
                0x03804078        0xc build/src/control.o
 .text._ZZ7mogoPosibEN3$_28__invokeEv
                0x03804084       0x60 build/src/control.o
 .text.vexMain  0x038040e4       0xb0 C:\Program Files (x86)\VEX Robotics\VEXcode Pro V5\sdk/vexv5\libv5rt.a(v5_startup.c.obj)
                0x038040e4                vexMain
 .text.__vex_function_prolog
                0x03804194       0x18 C:\Program Files (x86)\VEX Robotics\VEXcode Pro V5\sdk/vexv5\libv5rt.a(v5_startup.c.obj)
                0x03804194                __vex_function_prolog
 .text._init    0x038041ac        0x4 C:\Program Files (x86)\VEX Robotics\VEXcode Pro V5\sdk/vexv5\libv5rt.a(v5_startup.c.obj)
                0x038041ac                _init
 .text._fini    0x038041b0        0x4 C:\Program Files (x86)\VEX Robotics\VEXcode Pro V5\sdk/vexv5\libv5rt.a(v5_startup.c.obj)
                0x038041b0                _fini
 .text.vexStdlibVersionLinked
                0x038041b4        0xc C:\Program Files (x86)\VEX Robotics\VEXcode Pro V5\sdk/vexv5\libv5rt.a(v5_util.c.obj)
                0x038041b4                vexStdlibVersionLinked
 .text.vexStdlibVersionVerify
                0x038041c0       0x30 C:\Program Files (x86)\VEX Robotics\VEXcode Pro V5\sdk/vexv5\libv5rt.a(v5_util.c.obj)
                0x038041c0                vexStdlibVersionVerify
 .text.vexPrivateApiEnable
                0x038041f0       0x10 C:\Program Files (x86)\VEX Robotics\VEXcode Pro V5\sdk/vexv5\libv5rt.a(v5_apijump.c.obj)
                0x038041f0                vexPrivateApiEnable
 .text.vexStdlibMismatchError
                0x03804200       0x3c C:\Program Files (x86)\VEX Robotics\VEXcode Pro V5\sdk/vexv5\libv5rt.a(v5_apijump.c.obj)
                0x03804200                vexStdlibMismatchError
 .text.vexTaskAdd
                0x0380423c       0x10 C:\Program Files (x86)\VEX Robotics\VEXcode Pro V5\sdk/vexv5\libv5rt.a(v5_apijump.c.obj)
                0x0380423c                vexTaskAdd
 .text.vexTasksRun
                0x0380424c       0x10 C:\Program Files (x86)\VEX Robotics\VEXcode Pro V5\sdk/vexv5\libv5rt.a(v5_apijump.c.obj)
                0x0380424c                vexTasksRun
 .text.vexTaskYield
                0x0380425c       0x10 C:\Program Files (x86)\VEX Robotics\VEXcode Pro V5\sdk/vexv5\libv5rt.a(v5_apijump.c.obj)
                0x0380425c                vexTaskYield
 .text.vexTaskCheckTimeslice
                0x0380426c       0x10 C:\Program Files (x86)\VEX Robotics\VEXcode Pro V5\sdk/vexv5\libv5rt.a(v5_apijump.c.obj)
                0x0380426c                vexTaskCheckTimeslice
 .text.vexTaskGetIndex
                0x0380427c       0x10 C:\Program Files (x86)\VEX Robotics\VEXcode Pro V5\sdk/vexv5\libv5rt.a(v5_apijump.c.obj)
                0x0380427c                vexTaskGetIndex
 .text.vexTaskSleep
                0x0380428c       0x10 C:\Program Files (x86)\VEX Robotics\VEXcode Pro V5\sdk/vexv5\libv5rt.a(v5_apijump.c.obj)
                0x0380428c                vexTaskSleep
 .text.vexSemaphoreInit
                0x0380429c       0x24 C:\Program Files (x86)\VEX Robotics\VEXcode Pro V5\sdk/vexv5\libv5rt.a(v5_apijump.c.obj)
                0x0380429c                vexSemaphoreInit
 .text.vexSemaphoreLock
                0x038042c0       0x2c C:\Program Files (x86)\VEX Robotics\VEXcode Pro V5\sdk/vexv5\libv5rt.a(v5_apijump.c.obj)
                0x038042c0                vexSemaphoreLock
 .text.vexSemaphoreUnlock
                0x038042ec       0x24 C:\Program Files (x86)\VEX Robotics\VEXcode Pro V5\sdk/vexv5\libv5rt.a(v5_apijump.c.obj)
                0x038042ec                vexSemaphoreUnlock
 .text.vexTasksDump
                0x03804310       0x1c C:\Program Files (x86)\VEX Robotics\VEXcode Pro V5\sdk/vexv5\libv5rt.a(v5_apijump.c.obj)
                0x03804310                vexTasksDump
 .text.vexTaskGetTaskIndex
                0x0380432c       0x10 C:\Program Files (x86)\VEX Robotics\VEXcode Pro V5\sdk/vexv5\libv5rt.a(v5_apijump.c.obj)
                0x0380432c                vexTaskGetTaskIndex
 .text.vexTaskStopAll
                0x0380433c       0x10 C:\Program Files (x86)\VEX Robotics\VEXcode Pro V5\sdk/vexv5\libv5rt.a(v5_apijump.c.obj)
                0x0380433c                vexTaskStopAll
 .text.vexTaskRemoveAllUser
                0x0380434c       0x34 C:\Program Files (x86)\VEX Robotics\VEXcode Pro V5\sdk/vexv5\libv5rt.a(v5_apijump.c.obj)
                0x0380434c                vexTaskRemoveAllUser
 .text.vexTaskCompletionIdSet
                0x03804380       0x10 C:\Program Files (x86)\VEX Robotics\VEXcode Pro V5\sdk/vexv5\libv5rt.a(v5_apijump.c.obj)
                0x03804380                vexTaskCompletionIdSet
 .text.vexTaskAddWithArg
                0x03804390       0x10 C:\Program Files (x86)\VEX Robotics\VEXcode Pro V5\sdk/vexv5\libv5rt.a(v5_apijump.c.obj)
                0x03804390                vexTaskAddWithArg
 .text.vexTaskStopWithId
                0x038043a0       0x10 C:\Program Files (x86)\VEX Robotics\VEXcode Pro V5\sdk/vexv5\libv5rt.a(v5_apijump.c.obj)
                0x038043a0                vexTaskStopWithId
 .text.vexTaskGetCallbackAndId
                0x038043b0       0x54 C:\Program Files (x86)\VEX Robotics\VEXcode Pro V5\sdk/vexv5\libv5rt.a(v5_apijump.c.obj)
                0x038043b0                vexTaskGetCallbackAndId
 .text.vexCriticalSection
                0x03804404       0x2c C:\Program Files (x86)\VEX Robotics\VEXcode Pro V5\sdk/vexv5\libv5rt.a(v5_apijump.c.obj)
                0x03804404                vexCriticalSection
 .text.vexEventAdd
                0x03804430       0x34 C:\Program Files (x86)\VEX Robotics\VEXcode Pro V5\sdk/vexv5\libv5rt.a(v5_apijump.c.obj)
                0x03804430                vexEventAdd
 .text.vexEventUserIndexGet
                0x03804464       0x1c C:\Program Files (x86)\VEX Robotics\VEXcode Pro V5\sdk/vexv5\libv5rt.a(v5_apijump.c.obj)
                0x03804464                vexEventUserIndexGet
 .text.vexEventAddWithArg
                0x03804480       0x3c C:\Program Files (x86)\VEX Robotics\VEXcode Pro V5\sdk/vexv5\libv5rt.a(v5_apijump.c.obj)
                0x03804480                vexEventAddWithArg
 .text.vexEventsCleanup
                0x038044bc       0x2c C:\Program Files (x86)\VEX Robotics\VEXcode Pro V5\sdk/vexv5\libv5rt.a(v5_apijump.c.obj)
                0x038044bc                vexEventsCleanup
 .text.vexDebug
                0x038044e8       0x38 C:\Program Files (x86)\VEX Robotics\VEXcode Pro V5\sdk/vexv5\libv5rt.a(v5_apijump.c.obj)
                0x038044e8                vexDebug
 .text.vex_sprintf
                0x03804520       0x40 C:\Program Files (x86)\VEX Robotics\VEXcode Pro V5\sdk/vexv5\libv5rt.a(v5_apijump.c.obj)
                0x03804520                vex_sprintf
 .text.vex_vsnprintf
                0x03804560       0x3c C:\Program Files (x86)\VEX Robotics\VEXcode Pro V5\sdk/vexv5\libv5rt.a(v5_apijump.c.obj)
                0x03804560                vex_vsnprintf
 .text.vexSystemTimeGet
                0x0380459c       0x1c C:\Program Files (x86)\VEX Robotics\VEXcode Pro V5\sdk/vexv5\libv5rt.a(v5_apijump.c.obj)
                0x0380459c                vexSystemTimeGet
 .text.vexSystemExitRequest
                0x038045b8       0x1c C:\Program Files (x86)\VEX Robotics\VEXcode Pro V5\sdk/vexv5\libv5rt.a(v5_apijump.c.obj)
                0x038045b8                vexSystemExitRequest
 .text.vexDeviceGetByIndex
                0x038045d4       0x24 C:\Program Files (x86)\VEX Robotics\VEXcode Pro V5\sdk/vexv5\libv5rt.a(v5_apijump.c.obj)
                0x038045d4                vexDeviceGetByIndex
 .text.vexControllerGet
                0x038045f8       0x2c C:\Program Files (x86)\VEX Robotics\VEXcode Pro V5\sdk/vexv5\libv5rt.a(v5_apijump.c.obj)
                0x038045f8                vexControllerGet
 .text.vexControllerTextSet
                0x03804624       0x74 C:\Program Files (x86)\VEX Robotics\VEXcode Pro V5\sdk/vexv5\libv5rt.a(v5_apijump.c.obj)
                0x03804624                vexControllerTextSet
 .text.vexDeviceAdiPortConfigSet
                0x03804698       0x34 C:\Program Files (x86)\VEX Robotics\VEXcode Pro V5\sdk/vexv5\libv5rt.a(v5_apijump.c.obj)
                0x03804698                vexDeviceAdiPortConfigSet
 .text.vexDeviceAdiPortConfigGet
                0x038046cc       0x2c C:\Program Files (x86)\VEX Robotics\VEXcode Pro V5\sdk/vexv5\libv5rt.a(v5_apijump.c.obj)
                0x038046cc                vexDeviceAdiPortConfigGet
 .text.vexDeviceAdiValueSet
                0x038046f8       0x34 C:\Program Files (x86)\VEX Robotics\VEXcode Pro V5\sdk/vexv5\libv5rt.a(v5_apijump.c.obj)
                0x038046f8                vexDeviceAdiValueSet
 .text.vexDeviceAdiValueGet
                0x0380472c       0x2c C:\Program Files (x86)\VEX Robotics\VEXcode Pro V5\sdk/vexv5\libv5rt.a(v5_apijump.c.obj)
                0x0380472c                vexDeviceAdiValueGet
 .text.vexDeviceMotorVelocitySet
                0x03804758       0x2c C:\Program Files (x86)\VEX Robotics\VEXcode Pro V5\sdk/vexv5\libv5rt.a(v5_apijump.c.obj)
                0x03804758                vexDeviceMotorVelocitySet
 .text.vexDeviceMotorVoltageSet
                0x03804784       0x2c C:\Program Files (x86)\VEX Robotics\VEXcode Pro V5\sdk/vexv5\libv5rt.a(v5_apijump.c.obj)
                0x03804784                vexDeviceMotorVoltageSet
 .text.vexDeviceMotorVelocityGet
                0x038047b0       0x24 C:\Program Files (x86)\VEX Robotics\VEXcode Pro V5\sdk/vexv5\libv5rt.a(v5_apijump.c.obj)
                0x038047b0                vexDeviceMotorVelocityGet
 .text.vexDeviceMotorActualVelocityGet
                0x038047d4       0x24 C:\Program Files (x86)\VEX Robotics\VEXcode Pro V5\sdk/vexv5\libv5rt.a(v5_apijump.c.obj)
                0x038047d4                vexDeviceMotorActualVelocityGet
 .text.vexDeviceMotorModeGet
                0x038047f8       0x24 C:\Program Files (x86)\VEX Robotics\VEXcode Pro V5\sdk/vexv5\libv5rt.a(v5_apijump.c.obj)
                0x038047f8                vexDeviceMotorModeGet
 .text.vexDeviceMotorZeroPositionFlagGet
                0x0380481c       0x24 C:\Program Files (x86)\VEX Robotics\VEXcode Pro V5\sdk/vexv5\libv5rt.a(v5_apijump.c.obj)
                0x0380481c                vexDeviceMotorZeroPositionFlagGet
 .text.vexDeviceMotorReverseFlagSet
                0x03804840       0x2c C:\Program Files (x86)\VEX Robotics\VEXcode Pro V5\sdk/vexv5\libv5rt.a(v5_apijump.c.obj)
                0x03804840                vexDeviceMotorReverseFlagSet
 .text.vexDeviceMotorEncoderUnitsSet
                0x0380486c       0x2c C:\Program Files (x86)\VEX Robotics\VEXcode Pro V5\sdk/vexv5\libv5rt.a(v5_apijump.c.obj)
                0x0380486c                vexDeviceMotorEncoderUnitsSet
 .text.vexDeviceMotorBrakeModeSet
                0x03804898       0x2c C:\Program Files (x86)\VEX Robotics\VEXcode Pro V5\sdk/vexv5\libv5rt.a(v5_apijump.c.obj)
                0x03804898                vexDeviceMotorBrakeModeSet
 .text.vexDeviceMotorPositionSet
                0x038048c4       0x34 C:\Program Files (x86)\VEX Robotics\VEXcode Pro V5\sdk/vexv5\libv5rt.a(v5_apijump.c.obj)
                0x038048c4                vexDeviceMotorPositionSet
 .text.vexDeviceMotorPositionGet
                0x038048f8       0x24 C:\Program Files (x86)\VEX Robotics\VEXcode Pro V5\sdk/vexv5\libv5rt.a(v5_apijump.c.obj)
                0x038048f8                vexDeviceMotorPositionGet
 .text.vexDeviceMotorRelativeTargetSet
                0x0380491c       0x3c C:\Program Files (x86)\VEX Robotics\VEXcode Pro V5\sdk/vexv5\libv5rt.a(v5_apijump.c.obj)
                0x0380491c                vexDeviceMotorRelativeTargetSet
 .text.vexDeviceMotorGearingSet
                0x03804958       0x2c C:\Program Files (x86)\VEX Robotics\VEXcode Pro V5\sdk/vexv5\libv5rt.a(v5_apijump.c.obj)
                0x03804958                vexDeviceMotorGearingSet
 .text.vexDeviceMotorGearingGet
                0x03804984       0x24 C:\Program Files (x86)\VEX Robotics\VEXcode Pro V5\sdk/vexv5\libv5rt.a(v5_apijump.c.obj)
                0x03804984                vexDeviceMotorGearingGet
 .text.vexDeviceImuReset
                0x038049a8       0x24 C:\Program Files (x86)\VEX Robotics\VEXcode Pro V5\sdk/vexv5\libv5rt.a(v5_apijump.c.obj)
                0x038049a8                vexDeviceImuReset
 .text.vexDeviceImuHeadingGet
                0x038049cc       0x24 C:\Program Files (x86)\VEX Robotics\VEXcode Pro V5\sdk/vexv5\libv5rt.a(v5_apijump.c.obj)
                0x038049cc                vexDeviceImuHeadingGet
 .text.vexDeviceImuDegreesGet
                0x038049f0       0x24 C:\Program Files (x86)\VEX Robotics\VEXcode Pro V5\sdk/vexv5\libv5rt.a(v5_apijump.c.obj)
                0x038049f0                vexDeviceImuDegreesGet
 .text.vexDeviceImuStatusGet
                0x03804a14       0x24 C:\Program Files (x86)\VEX Robotics\VEXcode Pro V5\sdk/vexv5\libv5rt.a(v5_apijump.c.obj)
                0x03804a14                vexDeviceImuStatusGet
 .text.vexDeviceAbsEncPositionSet
                0x03804a38       0x2c C:\Program Files (x86)\VEX Robotics\VEXcode Pro V5\sdk/vexv5\libv5rt.a(v5_apijump.c.obj)
                0x03804a38                vexDeviceAbsEncPositionSet
 .text.vexDeviceAbsEncPositionGet
                0x03804a64       0x24 C:\Program Files (x86)\VEX Robotics\VEXcode Pro V5\sdk/vexv5\libv5rt.a(v5_apijump.c.obj)
                0x03804a64                vexDeviceAbsEncPositionGet
 .text.vexDeviceAbsEncAngleGet
                0x03804a88       0x24 C:\Program Files (x86)\VEX Robotics\VEXcode Pro V5\sdk/vexv5\libv5rt.a(v5_apijump.c.obj)
                0x03804a88                vexDeviceAbsEncAngleGet
 .text.vexDeviceAbsEncReverseFlagSet
                0x03804aac       0x2c C:\Program Files (x86)\VEX Robotics\VEXcode Pro V5\sdk/vexv5\libv5rt.a(v5_apijump.c.obj)
                0x03804aac                vexDeviceAbsEncReverseFlagSet
 .text.vexDeviceDistanceDistanceGet
                0x03804ad8       0x24 C:\Program Files (x86)\VEX Robotics\VEXcode Pro V5\sdk/vexv5\libv5rt.a(v5_apijump.c.obj)
                0x03804ad8                vexDeviceDistanceDistanceGet
 .text.vexDeviceDistanceObjectSizeGet
                0x03804afc       0x24 C:\Program Files (x86)\VEX Robotics\VEXcode Pro V5\sdk/vexv5\libv5rt.a(v5_apijump.c.obj)
                0x03804afc                vexDeviceDistanceObjectSizeGet
 .text.vexDeviceGpsReset
                0x03804b20       0x38 C:\Program Files (x86)\VEX Robotics\VEXcode Pro V5\sdk/vexv5\libv5rt.a(v5_apijump.c.obj)
                0x03804b20                vexDeviceGpsReset
 .text.vexDeviceGpsHeadingGet
                0x03804b58       0x44 C:\Program Files (x86)\VEX Robotics\VEXcode Pro V5\sdk/vexv5\libv5rt.a(v5_apijump.c.obj)
                0x03804b58                vexDeviceGpsHeadingGet
 .text.vexDeviceGpsDegreesGet
                0x03804b9c       0x44 C:\Program Files (x86)\VEX Robotics\VEXcode Pro V5\sdk/vexv5\libv5rt.a(v5_apijump.c.obj)
                0x03804b9c                vexDeviceGpsDegreesGet
 .text.vexDeviceGpsAttitudeGet
                0x03804be0      0x198 C:\Program Files (x86)\VEX Robotics\VEXcode Pro V5\sdk/vexv5\libv5rt.a(v5_apijump.c.obj)
                0x03804be0                vexDeviceGpsAttitudeGet
 .text.vexDeviceGpsStatusGet
                0x03804d78       0x40 C:\Program Files (x86)\VEX Robotics\VEXcode Pro V5\sdk/vexv5\libv5rt.a(v5_apijump.c.obj)
                0x03804d78                vexDeviceGpsStatusGet
 .text.vexDeviceGpsModeSet
                0x03804db8       0x40 C:\Program Files (x86)\VEX Robotics\VEXcode Pro V5\sdk/vexv5\libv5rt.a(v5_apijump.c.obj)
                0x03804db8                vexDeviceGpsModeSet
 .text.vexDeviceGpsOriginSet
                0x03804df8       0x50 C:\Program Files (x86)\VEX Robotics\VEXcode Pro V5\sdk/vexv5\libv5rt.a(v5_apijump.c.obj)
                0x03804df8                vexDeviceGpsOriginSet
 .text.vexDeviceGpsRotationSet
                0x03804e48       0x48 C:\Program Files (x86)\VEX Robotics\VEXcode Pro V5\sdk/vexv5\libv5rt.a(v5_apijump.c.obj)
                0x03804e48                vexDeviceGpsRotationSet
 .text.vexDeviceGpsRotationGet
                0x03804e90       0x44 C:\Program Files (x86)\VEX Robotics\VEXcode Pro V5\sdk/vexv5\libv5rt.a(v5_apijump.c.obj)
                0x03804e90                vexDeviceGpsRotationGet
 .text.vexDisplayForegroundColor
                0x03804ed4       0x24 C:\Program Files (x86)\VEX Robotics\VEXcode Pro V5\sdk/vexv5\libv5rt.a(v5_apijump.c.obj)
                0x03804ed4                vexDisplayForegroundColor
 .text.vexDisplayBackgroundColor
                0x03804ef8       0x24 C:\Program Files (x86)\VEX Robotics\VEXcode Pro V5\sdk/vexv5\libv5rt.a(v5_apijump.c.obj)
                0x03804ef8                vexDisplayBackgroundColor
 .text.vexDisplayPixelSet
                0x03804f1c       0x38 C:\Program Files (x86)\VEX Robotics\VEXcode Pro V5\sdk/vexv5\libv5rt.a(v5_apijump.c.obj)
                0x03804f1c                vexDisplayPixelSet
 .text.vexDisplayLineDraw
                0x03804f54       0x4c C:\Program Files (x86)\VEX Robotics\VEXcode Pro V5\sdk/vexv5\libv5rt.a(v5_apijump.c.obj)
                0x03804f54                vexDisplayLineDraw
 .text.vexDisplayRectDraw
                0x03804fa0       0x4c C:\Program Files (x86)\VEX Robotics\VEXcode Pro V5\sdk/vexv5\libv5rt.a(v5_apijump.c.obj)
                0x03804fa0                vexDisplayRectDraw
 .text.vexDisplayRectClear
                0x03804fec       0x4c C:\Program Files (x86)\VEX Robotics\VEXcode Pro V5\sdk/vexv5\libv5rt.a(v5_apijump.c.obj)
                0x03804fec                vexDisplayRectClear
 .text.vexDisplayVPrintf
                0x03805038       0x50 C:\Program Files (x86)\VEX Robotics\VEXcode Pro V5\sdk/vexv5\libv5rt.a(v5_apijump.c.obj)
                0x03805038                vexDisplayVPrintf
 .text.vexDisplayTextReference
                0x03805088       0x24 C:\Program Files (x86)\VEX Robotics\VEXcode Pro V5\sdk/vexv5\libv5rt.a(v5_apijump.c.obj)
                0x03805088                vexDisplayTextReference
 .text.vexDisplayTextSize
                0x038050ac       0x2c C:\Program Files (x86)\VEX Robotics\VEXcode Pro V5\sdk/vexv5\libv5rt.a(v5_apijump.c.obj)
                0x038050ac                vexDisplayTextSize
 .text.vexDisplayFontNamedSet
                0x038050d8       0x24 C:\Program Files (x86)\VEX Robotics\VEXcode Pro V5\sdk/vexv5\libv5rt.a(v5_apijump.c.obj)
                0x038050d8                vexDisplayFontNamedSet
 .text.vexDisplayStringWidthGet
                0x038050fc       0x24 C:\Program Files (x86)\VEX Robotics\VEXcode Pro V5\sdk/vexv5\libv5rt.a(v5_apijump.c.obj)
                0x038050fc                vexDisplayStringWidthGet
 .text.vexDisplayPenSizeGet
                0x03805120       0x1c C:\Program Files (x86)\VEX Robotics\VEXcode Pro V5\sdk/vexv5\libv5rt.a(v5_apijump.c.obj)
                0x03805120                vexDisplayPenSizeGet
 .text.vexSystemStdlibImpureDataAddr
                0x0380513c       0x28 C:\Program Files (x86)\VEX Robotics\VEXcode Pro V5\sdk/vexv5\libv5rt.a(v5_apijump.c.obj)
                0x0380513c                vexSystemStdlibImpureDataAddr
 .text.vexSystemStdlibImpureDataSize
                0x03805164       0x28 C:\Program Files (x86)\VEX Robotics\VEXcode Pro V5\sdk/vexv5\libv5rt.a(v5_apijump.c.obj)
                0x03805164                vexSystemStdlibImpureDataSize
 .text.vexSystemSaveUserData
                0x0380518c       0x3c C:\Program Files (x86)\VEX Robotics\VEXcode Pro V5\sdk/vexv5\libv5rt.a(v5_apijump.c.obj)
                0x0380518c                vexSystemSaveUserData
 .text.vexDisplayThemeIdGet
                0x038051c8       0x38 C:\Program Files (x86)\VEX Robotics\VEXcode Pro V5\sdk/vexv5\libv5rt.a(v5_apijump.c.obj)
                0x038051c8                vexDisplayThemeIdGet
 .text.vexDeviceEventMaskSet
                0x03805200       0x48 C:\Program Files (x86)\VEX Robotics\VEXcode Pro V5\sdk/vexv5\libv5rt.a(v5_apijump.c.obj)
                0x03805200                vexDeviceEventMaskSet
 .text.vexDeviceEventMaskGet
                0x03805248       0x3c C:\Program Files (x86)\VEX Robotics\VEXcode Pro V5\sdk/vexv5\libv5rt.a(v5_apijump.c.obj)
                0x03805248                vexDeviceEventMaskGet
 .text.vexSystemVersion
                0x03805284       0x10 C:\Program Files (x86)\VEX Robotics\VEXcode Pro V5\sdk/vexv5\libv5rt.a(v5_apiversions.c.obj)
                0x03805284                vexSystemVersion
 .text.vexStdlibVersion
                0x03805294       0x10 C:\Program Files (x86)\VEX Robotics\VEXcode Pro V5\sdk/vexv5\libv5rt.a(v5_apiversions.c.obj)
                0x03805294                vexStdlibVersion
 *fill*         0x038052a4        0x4 
 .text._ZN3vex4waitEdNS_9timeUnitsE
                0x038052a8       0x30 C:\Program Files (x86)\VEX Robotics\VEXcode Pro V5\sdk/vexv5\libv5rt.a(vex_global.cpp.obj)
                0x038052a8                vex::wait(double, vex::timeUnits)
 .text._ZN3vex5motorD2Ev
                0x038052d8       0x20 C:\Program Files (x86)\VEX Robotics\VEXcode Pro V5\sdk/vexv5\libv5rt.a(vex_motor.cpp.obj)
                0x038052d8                vex::motor::~motor()
                0x038052d8                vex::motor::~motor()
 .text._ZN3vex5motorD0Ev
                0x038052f8       0x1c C:\Program Files (x86)\VEX Robotics\VEXcode Pro V5\sdk/vexv5\libv5rt.a(vex_motor.cpp.obj)
                0x038052f8                vex::motor::~motor()
 .text._ZN3vex5motor9installedEv
                0x03805314       0x18 C:\Program Files (x86)\VEX Robotics\VEXcode Pro V5\sdk/vexv5\libv5rt.a(vex_motor.cpp.obj)
                0x03805314                vex::motor::installed()
 .text._ZN3vex5motor15defaultStoppingENS_9brakeTypeE
                0x0380532c       0x30 C:\Program Files (x86)\VEX Robotics\VEXcode Pro V5\sdk/vexv5\libv5rt.a(vex_motor.cpp.obj)
                0x0380532c                vex::motor::defaultStopping(vex::brakeType)
 .text._ZN3vex5motor8setBrakeENS_9brakeTypeE
                0x0380535c        0x4 C:\Program Files (x86)\VEX Robotics\VEXcode Pro V5\sdk/vexv5\libv5rt.a(vex_motor.cpp.obj)
                0x0380535c                vex::motor::setBrake(vex::brakeType)
 .text._ZN3vex5motorC2El
                0x03805360       0x78 C:\Program Files (x86)\VEX Robotics\VEXcode Pro V5\sdk/vexv5\libv5rt.a(vex_motor.cpp.obj)
                0x03805360                vex::motor::motor(long)
                0x03805360                vex::motor::motor(long)
 .text._ZN3vex5motorC2ElNS_11gearSettingEb
                0x038053d8       0x34 C:\Program Files (x86)\VEX Robotics\VEXcode Pro V5\sdk/vexv5\libv5rt.a(vex_motor.cpp.obj)
                0x038053d8                vex::motor::motor(long, vex::gearSetting, bool)
                0x038053d8                vex::motor::motor(long, vex::gearSetting, bool)
 *fill*         0x0380540c        0x4 
 .text._ZN3vex5motor4spinENS_13directionTypeEdNS_12voltageUnitsE
                0x03805410       0x50 C:\Program Files (x86)\VEX Robotics\VEXcode Pro V5\sdk/vexv5\libv5rt.a(vex_motor.cpp.obj)
                0x03805410                vex::motor::spin(vex::directionType, double, vex::voltageUnits)
 .text._ZN3vex5motor14isSpinningModeEv
                0x03805460       0x48 C:\Program Files (x86)\VEX Robotics\VEXcode Pro V5\sdk/vexv5\libv5rt.a(vex_motor.cpp.obj)
                0x03805460                vex::motor::isSpinningMode()
 .text._ZN3vex5motor4stopENS_9brakeTypeE
                0x038054a8       0x30 C:\Program Files (x86)\VEX Robotics\VEXcode Pro V5\sdk/vexv5\libv5rt.a(vex_motor.cpp.obj)
                0x038054a8                vex::motor::stop(vex::brakeType)
 .text._ZN3vex5motor4stopEv
                0x038054d8        0x8 C:\Program Files (x86)\VEX Robotics\VEXcode Pro V5\sdk/vexv5\libv5rt.a(vex_motor.cpp.obj)
                0x038054d8                vex::motor::stop()
 .text._ZN3vex5motor16velocityToScaledEdNS_13velocityUnitsE
                0x038054e0       0x5c C:\Program Files (x86)\VEX Robotics\VEXcode Pro V5\sdk/vexv5\libv5rt.a(vex_motor.cpp.obj)
                0x038054e0                vex::motor::velocityToScaled(double, vex::velocityUnits)
 .text._ZN3vex5motor8velocityENS_13velocityUnitsE
                0x0380553c       0x30 C:\Program Files (x86)\VEX Robotics\VEXcode Pro V5\sdk/vexv5\libv5rt.a(vex_motor.cpp.obj)
                0x0380553c                vex::motor::velocity(vex::velocityUnits)
 .text._ZN3vex5motor5valueEv
                0x0380556c       0x1c C:\Program Files (x86)\VEX Robotics\VEXcode Pro V5\sdk/vexv5\libv5rt.a(vex_motor.cpp.obj)
                0x0380556c                vex::motor::value()
 .text._ZN3vex5motor16scaledToVelocityEdNS_13velocityUnitsE
                0x03805588       0xa4 C:\Program Files (x86)\VEX Robotics\VEXcode Pro V5\sdk/vexv5\libv5rt.a(vex_motor.cpp.obj)
                0x03805588                vex::motor::scaledToVelocity(double, vex::velocityUnits)
 .text._ZN3vex5motor4spinENS_13directionTypeEdNS_13velocityUnitsE
                0x0380562c       0x5c C:\Program Files (x86)\VEX Robotics\VEXcode Pro V5\sdk/vexv5\libv5rt.a(vex_motor.cpp.obj)
                0x0380562c                vex::motor::spin(vex::directionType, double, vex::velocityUnits)
 .text._ZN3vex5motor16setRotationUnitsENS_13rotationUnitsE
                0x03805688       0x1c C:\Program Files (x86)\VEX Robotics\VEXcode Pro V5\sdk/vexv5\libv5rt.a(vex_motor.cpp.obj)
                0x03805688                vex::motor::setRotationUnits(vex::rotationUnits)
 .text._ZN3vex5motor11setRotationEdNS_13rotationUnitsE
                0x038056a4       0x44 C:\Program Files (x86)\VEX Robotics\VEXcode Pro V5\sdk/vexv5\libv5rt.a(vex_motor.cpp.obj)
                0x038056a4                vex::motor::setRotation(double, vex::rotationUnits)
 .text._ZN3vex5motor11setPositionEdNS_13rotationUnitsE
                0x038056e8        0x4 C:\Program Files (x86)\VEX Robotics\VEXcode Pro V5\sdk/vexv5\libv5rt.a(vex_motor.cpp.obj)
                0x038056e8                vex::motor::setPosition(double, vex::rotationUnits)
 .text._ZN3vex5motor9rotateForEdNS_13rotationUnitsEdNS_13velocityUnitsEb
                0x038056ec       0xf4 C:\Program Files (x86)\VEX Robotics\VEXcode Pro V5\sdk/vexv5\libv5rt.a(vex_motor.cpp.obj)
                0x038056ec                vex::motor::rotateFor(double, vex::rotationUnits, double, vex::velocityUnits, bool)
 .text._ZN3vex5motor8rotationENS_13rotationUnitsE
                0x038057e0       0x44 C:\Program Files (x86)\VEX Robotics\VEXcode Pro V5\sdk/vexv5\libv5rt.a(vex_motor.cpp.obj)
                0x038057e0                vex::motor::rotation(vex::rotationUnits)
 .text._ZN3vex5motor8positionENS_13rotationUnitsE
                0x03805824        0x4 C:\Program Files (x86)\VEX Robotics\VEXcode Pro V5\sdk/vexv5\libv5rt.a(vex_motor.cpp.obj)
                0x03805824                vex::motor::position(vex::rotationUnits)
 .text._ZN3vex8inertial11getTurnTypeEv
                0x03805828        0x8 C:\Program Files (x86)\VEX Robotics\VEXcode Pro V5\sdk/vexv5\libv5rt.a(vex_imu.cpp.obj)
                0x03805828                vex::inertial::getTurnType()
 .text._ZThn16_N3vex8inertial11getTurnTypeEv
                0x03805830        0x8 C:\Program Files (x86)\VEX Robotics\VEXcode Pro V5\sdk/vexv5\libv5rt.a(vex_imu.cpp.obj)
                0x03805830                non-virtual thunk to vex::inertial::getTurnType()
 .text._ZN3vex8inertial10setHeadingEdNS_13rotationUnitsE
                0x03805838       0x58 C:\Program Files (x86)\VEX Robotics\VEXcode Pro V5\sdk/vexv5\libv5rt.a(vex_imu.cpp.obj)
                0x03805838                vex::inertial::setHeading(double, vex::rotationUnits)
 .text._ZThn16_N3vex8inertial10setHeadingEdNS_13rotationUnitsE
                0x03805890        0x8 C:\Program Files (x86)\VEX Robotics\VEXcode Pro V5\sdk/vexv5\libv5rt.a(vex_imu.cpp.obj)
                0x03805890                non-virtual thunk to vex::inertial::setHeading(double, vex::rotationUnits)
 .text._ZN3vex8inertial11setRotationEdNS_13rotationUnitsE
                0x03805898       0x58 C:\Program Files (x86)\VEX Robotics\VEXcode Pro V5\sdk/vexv5\libv5rt.a(vex_imu.cpp.obj)
                0x03805898                vex::inertial::setRotation(double, vex::rotationUnits)
 .text._ZThn16_N3vex8inertial11setRotationEdNS_13rotationUnitsE
                0x038058f0        0x8 C:\Program Files (x86)\VEX Robotics\VEXcode Pro V5\sdk/vexv5\libv5rt.a(vex_imu.cpp.obj)
                0x038058f0                non-virtual thunk to vex::inertial::setRotation(double, vex::rotationUnits)
 .text._ZN3vex8inertialD2Ev
                0x038058f8       0x20 C:\Program Files (x86)\VEX Robotics\VEXcode Pro V5\sdk/vexv5\libv5rt.a(vex_imu.cpp.obj)
                0x038058f8                vex::inertial::~inertial()
                0x038058f8                vex::inertial::~inertial()
 .text._ZThn16_N3vex8inertialD1Ev
                0x03805918        0x8 C:\Program Files (x86)\VEX Robotics\VEXcode Pro V5\sdk/vexv5\libv5rt.a(vex_imu.cpp.obj)
                0x03805918                non-virtual thunk to vex::inertial::~inertial()
 .text._ZN3vex8inertialD0Ev
                0x03805920       0x1c C:\Program Files (x86)\VEX Robotics\VEXcode Pro V5\sdk/vexv5\libv5rt.a(vex_imu.cpp.obj)
                0x03805920                vex::inertial::~inertial()
 .text._ZThn16_N3vex8inertialD0Ev
                0x0380593c        0x8 C:\Program Files (x86)\VEX Robotics\VEXcode Pro V5\sdk/vexv5\libv5rt.a(vex_imu.cpp.obj)
                0x0380593c                non-virtual thunk to vex::inertial::~inertial()
 .text._ZN3vex8inertial9installedEv
                0x03805944       0x18 C:\Program Files (x86)\VEX Robotics\VEXcode Pro V5\sdk/vexv5\libv5rt.a(vex_imu.cpp.obj)
                0x03805944                vex::inertial::installed()
 .text._ZN3vex8inertial5angleENS_13rotationUnitsE
                0x0380595c       0x6c C:\Program Files (x86)\VEX Robotics\VEXcode Pro V5\sdk/vexv5\libv5rt.a(vex_imu.cpp.obj)
                0x0380595c                vex::inertial::angle(vex::rotationUnits)
 .text._ZThn16_N3vex8inertial5angleENS_13rotationUnitsE
                0x038059c8        0x8 C:\Program Files (x86)\VEX Robotics\VEXcode Pro V5\sdk/vexv5\libv5rt.a(vex_imu.cpp.obj)
                0x038059c8                non-virtual thunk to vex::inertial::angle(vex::rotationUnits)
 .text._ZN3vex8inertial7headingENS_13rotationUnitsE
                0x038059d0        0x4 C:\Program Files (x86)\VEX Robotics\VEXcode Pro V5\sdk/vexv5\libv5rt.a(vex_imu.cpp.obj)
                0x038059d0                vex::inertial::heading(vex::rotationUnits)
 .text._ZThn16_N3vex8inertial7headingENS_13rotationUnitsE
                0x038059d4        0x8 C:\Program Files (x86)\VEX Robotics\VEXcode Pro V5\sdk/vexv5\libv5rt.a(vex_imu.cpp.obj)
                0x038059d4                non-virtual thunk to vex::inertial::heading(vex::rotationUnits)
 .text._ZN3vex8inertial5valueEv
                0x038059dc       0x1c C:\Program Files (x86)\VEX Robotics\VEXcode Pro V5\sdk/vexv5\libv5rt.a(vex_imu.cpp.obj)
                0x038059dc                vex::inertial::value()
 .text._ZN3vex8inertial8rotationENS_13rotationUnitsE
                0x038059f8       0x48 C:\Program Files (x86)\VEX Robotics\VEXcode Pro V5\sdk/vexv5\libv5rt.a(vex_imu.cpp.obj)
                0x038059f8                vex::inertial::rotation(vex::rotationUnits)
 .text._ZThn16_N3vex8inertial8rotationENS_13rotationUnitsE
                0x03805a40        0x8 C:\Program Files (x86)\VEX Robotics\VEXcode Pro V5\sdk/vexv5\libv5rt.a(vex_imu.cpp.obj)
                0x03805a40                non-virtual thunk to vex::inertial::rotation(vex::rotationUnits)
 .text._ZN3vex8inertial13isCalibratingEv
                0x03805a48       0x38 C:\Program Files (x86)\VEX Robotics\VEXcode Pro V5\sdk/vexv5\libv5rt.a(vex_imu.cpp.obj)
                0x03805a48                vex::inertial::isCalibrating()
 .text._ZThn16_N3vex8inertial13isCalibratingEv
                0x03805a80        0x8 C:\Program Files (x86)\VEX Robotics\VEXcode Pro V5\sdk/vexv5\libv5rt.a(vex_imu.cpp.obj)
                0x03805a80                non-virtual thunk to vex::inertial::isCalibrating()
 .text._ZN3vex8inertialC2ElNS_8turnTypeE
                0x03805a88       0x4c C:\Program Files (x86)\VEX Robotics\VEXcode Pro V5\sdk/vexv5\libv5rt.a(vex_imu.cpp.obj)
                0x03805a88                vex::inertial::inertial(long, vex::turnType)
                0x03805a88                vex::inertial::inertial(long, vex::turnType)
 .text._ZN3vex8inertial16startCalibrationEl
                0x03805ad4       0x20 C:\Program Files (x86)\VEX Robotics\VEXcode Pro V5\sdk/vexv5\libv5rt.a(vex_imu.cpp.obj)
                0x03805ad4                vex::inertial::startCalibration(long)
 .text._ZN3vex8inertial9calibrateEl
                0x03805af4        0xc C:\Program Files (x86)\VEX Robotics\VEXcode Pro V5\sdk/vexv5\libv5rt.a(vex_imu.cpp.obj)
                0x03805af4                vex::inertial::calibrate(long)
                0x03805af8                non-virtual thunk to vex::inertial::calibrate(long)
 .text._ZN3vex8rotationD2Ev
                0x03805b00       0x20 C:\Program Files (x86)\VEX Robotics\VEXcode Pro V5\sdk/vexv5\libv5rt.a(vex_rotation.cpp.obj)
                0x03805b00                vex::rotation::~rotation()
                0x03805b00                vex::rotation::~rotation()
 .text._ZN3vex8rotationD0Ev
                0x03805b20       0x1c C:\Program Files (x86)\VEX Robotics\VEXcode Pro V5\sdk/vexv5\libv5rt.a(vex_rotation.cpp.obj)
                0x03805b20                vex::rotation::~rotation()
 .text._ZN3vex8rotation9installedEv
                0x03805b3c       0x18 C:\Program Files (x86)\VEX Robotics\VEXcode Pro V5\sdk/vexv5\libv5rt.a(vex_rotation.cpp.obj)
                0x03805b3c                vex::rotation::installed()
 .text._ZN3vex8rotation5valueEv
                0x03805b54        0x8 C:\Program Files (x86)\VEX Robotics\VEXcode Pro V5\sdk/vexv5\libv5rt.a(vex_rotation.cpp.obj)
                0x03805b54                vex::rotation::value()
 .text._ZN3vex8rotationC2Elb
                0x03805b5c       0x30 C:\Program Files (x86)\VEX Robotics\VEXcode Pro V5\sdk/vexv5\libv5rt.a(vex_rotation.cpp.obj)
                0x03805b5c                vex::rotation::rotation(long, bool)
                0x03805b5c                vex::rotation::rotation(long, bool)
 *fill*         0x03805b8c        0x4 
 .text._ZN3vex8rotation11setPositionEdNS_13rotationUnitsE
                0x03805b90       0x48 C:\Program Files (x86)\VEX Robotics\VEXcode Pro V5\sdk/vexv5\libv5rt.a(vex_rotation.cpp.obj)
                0x03805b90                vex::rotation::setPosition(double, vex::rotationUnits)
 .text._ZN3vex8rotation8positionENS_13rotationUnitsE
                0x03805bd8       0x50 C:\Program Files (x86)\VEX Robotics\VEXcode Pro V5\sdk/vexv5\libv5rt.a(vex_rotation.cpp.obj)
                0x03805bd8                vex::rotation::position(vex::rotationUnits)
 .text._ZN3vex8distanceD2Ev
                0x03805c28       0x20 C:\Program Files (x86)\VEX Robotics\VEXcode Pro V5\sdk/vexv5\libv5rt.a(vex_distance.cpp.obj)
                0x03805c28                vex::distance::~distance()
                0x03805c28                vex::distance::~distance()
 .text._ZN3vex8distanceD0Ev
                0x03805c48       0x1c C:\Program Files (x86)\VEX Robotics\VEXcode Pro V5\sdk/vexv5\libv5rt.a(vex_distance.cpp.obj)
                0x03805c48                vex::distance::~distance()
 .text._ZN3vex8distance9installedEv
                0x03805c64       0x18 C:\Program Files (x86)\VEX Robotics\VEXcode Pro V5\sdk/vexv5\libv5rt.a(vex_distance.cpp.obj)
                0x03805c64                vex::distance::installed()
 .text._ZN3vex8distance5valueEv
                0x03805c7c        0x8 C:\Program Files (x86)\VEX Robotics\VEXcode Pro V5\sdk/vexv5\libv5rt.a(vex_distance.cpp.obj)
                0x03805c7c                vex::distance::value()
 .text._ZN3vex8distanceC2El
                0x03805c84       0x20 C:\Program Files (x86)\VEX Robotics\VEXcode Pro V5\sdk/vexv5\libv5rt.a(vex_distance.cpp.obj)
                0x03805c84                vex::distance::distance(long)
                0x03805c84                vex::distance::distance(long)
 *fill*         0x03805ca4        0x4 
 .text._ZN3vex8distance16isObjectDetectedEv
                0x03805ca8       0x80 C:\Program Files (x86)\VEX Robotics\VEXcode Pro V5\sdk/vexv5\libv5rt.a(vex_distance.cpp.obj)
                0x03805ca8                vex::distance::isObjectDetected()
 .text._ZN3vex3gps11getTurnTypeEv
                0x03805d28        0x8 C:\Program Files (x86)\VEX Robotics\VEXcode Pro V5\sdk/vexv5\libv5rt.a(vex_gps.cpp.obj)
                0x03805d28                vex::gps::getTurnType()
 .text._ZThn16_N3vex3gps11getTurnTypeEv
                0x03805d30        0x8 C:\Program Files (x86)\VEX Robotics\VEXcode Pro V5\sdk/vexv5\libv5rt.a(vex_gps.cpp.obj)
                0x03805d30                non-virtual thunk to vex::gps::getTurnType()
 .text._ZN3vex3gps10setHeadingEdNS_13rotationUnitsE
                0x03805d38       0x58 C:\Program Files (x86)\VEX Robotics\VEXcode Pro V5\sdk/vexv5\libv5rt.a(vex_gps.cpp.obj)
                0x03805d38                vex::gps::setHeading(double, vex::rotationUnits)
 .text._ZThn16_N3vex3gps10setHeadingEdNS_13rotationUnitsE
                0x03805d90        0x8 C:\Program Files (x86)\VEX Robotics\VEXcode Pro V5\sdk/vexv5\libv5rt.a(vex_gps.cpp.obj)
                0x03805d90                non-virtual thunk to vex::gps::setHeading(double, vex::rotationUnits)
 .text._ZN3vex3gps11setRotationEdNS_13rotationUnitsE
                0x03805d98       0x58 C:\Program Files (x86)\VEX Robotics\VEXcode Pro V5\sdk/vexv5\libv5rt.a(vex_gps.cpp.obj)
                0x03805d98                vex::gps::setRotation(double, vex::rotationUnits)
 .text._ZThn16_N3vex3gps11setRotationEdNS_13rotationUnitsE
                0x03805df0        0x8 C:\Program Files (x86)\VEX Robotics\VEXcode Pro V5\sdk/vexv5\libv5rt.a(vex_gps.cpp.obj)
                0x03805df0                non-virtual thunk to vex::gps::setRotation(double, vex::rotationUnits)
 .text._ZN3vex3gpsD2Ev
                0x03805df8       0x20 C:\Program Files (x86)\VEX Robotics\VEXcode Pro V5\sdk/vexv5\libv5rt.a(vex_gps.cpp.obj)
                0x03805df8                vex::gps::~gps()
                0x03805df8                vex::gps::~gps()
 .text._ZThn16_N3vex3gpsD1Ev
                0x03805e18        0x8 C:\Program Files (x86)\VEX Robotics\VEXcode Pro V5\sdk/vexv5\libv5rt.a(vex_gps.cpp.obj)
                0x03805e18                non-virtual thunk to vex::gps::~gps()
 .text._ZN3vex3gpsD0Ev
                0x03805e20       0x1c C:\Program Files (x86)\VEX Robotics\VEXcode Pro V5\sdk/vexv5\libv5rt.a(vex_gps.cpp.obj)
                0x03805e20                vex::gps::~gps()
 .text._ZThn16_N3vex3gpsD0Ev
                0x03805e3c        0x8 C:\Program Files (x86)\VEX Robotics\VEXcode Pro V5\sdk/vexv5\libv5rt.a(vex_gps.cpp.obj)
                0x03805e3c                non-virtual thunk to vex::gps::~gps()
 .text._ZN3vex3gps9installedEv
                0x03805e44       0x18 C:\Program Files (x86)\VEX Robotics\VEXcode Pro V5\sdk/vexv5\libv5rt.a(vex_gps.cpp.obj)
                0x03805e44                vex::gps::installed()
 .text._ZN3vex3gps5angleENS_13rotationUnitsE
                0x03805e5c       0x84 C:\Program Files (x86)\VEX Robotics\VEXcode Pro V5\sdk/vexv5\libv5rt.a(vex_gps.cpp.obj)
                0x03805e5c                vex::gps::angle(vex::rotationUnits)
 .text._ZThn16_N3vex3gps5angleENS_13rotationUnitsE
                0x03805ee0        0x8 C:\Program Files (x86)\VEX Robotics\VEXcode Pro V5\sdk/vexv5\libv5rt.a(vex_gps.cpp.obj)
                0x03805ee0                non-virtual thunk to vex::gps::angle(vex::rotationUnits)
 .text._ZN3vex3gps7headingENS_13rotationUnitsE
                0x03805ee8        0x4 C:\Program Files (x86)\VEX Robotics\VEXcode Pro V5\sdk/vexv5\libv5rt.a(vex_gps.cpp.obj)
                0x03805ee8                vex::gps::heading(vex::rotationUnits)
 .text._ZThn16_N3vex3gps7headingENS_13rotationUnitsE
                0x03805eec        0x8 C:\Program Files (x86)\VEX Robotics\VEXcode Pro V5\sdk/vexv5\libv5rt.a(vex_gps.cpp.obj)
                0x03805eec                non-virtual thunk to vex::gps::heading(vex::rotationUnits)
 .text._ZN3vex3gps5valueEv
                0x03805ef4       0x1c C:\Program Files (x86)\VEX Robotics\VEXcode Pro V5\sdk/vexv5\libv5rt.a(vex_gps.cpp.obj)
                0x03805ef4                vex::gps::value()
 .text._ZN3vex3gps8rotationENS_13rotationUnitsE
                0x03805f10       0x60 C:\Program Files (x86)\VEX Robotics\VEXcode Pro V5\sdk/vexv5\libv5rt.a(vex_gps.cpp.obj)
                0x03805f10                vex::gps::rotation(vex::rotationUnits)
 .text._ZThn16_N3vex3gps8rotationENS_13rotationUnitsE
                0x03805f70        0x8 C:\Program Files (x86)\VEX Robotics\VEXcode Pro V5\sdk/vexv5\libv5rt.a(vex_gps.cpp.obj)
                0x03805f70                non-virtual thunk to vex::gps::rotation(vex::rotationUnits)
 .text._ZN3vex3gps13isCalibratingEv
                0x03805f78       0x38 C:\Program Files (x86)\VEX Robotics\VEXcode Pro V5\sdk/vexv5\libv5rt.a(vex_gps.cpp.obj)
                0x03805f78                vex::gps::isCalibrating()
 .text._ZThn16_N3vex3gps13isCalibratingEv
                0x03805fb0        0x8 C:\Program Files (x86)\VEX Robotics\VEXcode Pro V5\sdk/vexv5\libv5rt.a(vex_gps.cpp.obj)
                0x03805fb0                non-virtual thunk to vex::gps::isCalibrating()
 .text._ZN3vex3gps17setSensorRotationEd
                0x03805fb8        0x8 C:\Program Files (x86)\VEX Robotics\VEXcode Pro V5\sdk/vexv5\libv5rt.a(vex_gps.cpp.obj)
                0x03805fb8                vex::gps::setSensorRotation(double)
 .text._ZN3vex3gpsC2EldNS_8turnTypeE
                0x03805fc0       0x74 C:\Program Files (x86)\VEX Robotics\VEXcode Pro V5\sdk/vexv5\libv5rt.a(vex_gps.cpp.obj)
                0x03805fc0                vex::gps::gps(long, double, vex::turnType)
                0x03805fc0                vex::gps::gps(long, double, vex::turnType)
 *fill*         0x03806034        0x4 
 .text._ZN3vex3gps9setOriginEddNS_13distanceUnitsE
                0x03806038       0x68 C:\Program Files (x86)\VEX Robotics\VEXcode Pro V5\sdk/vexv5\libv5rt.a(vex_gps.cpp.obj)
                0x03806038                vex::gps::setOrigin(double, double, vex::distanceUnits)
 .text._ZN3vex3gpsC2ElddNS_13distanceUnitsEdNS_8turnTypeE
                0x038060a0       0x4c C:\Program Files (x86)\VEX Robotics\VEXcode Pro V5\sdk/vexv5\libv5rt.a(vex_gps.cpp.obj)
                0x038060a0                vex::gps::gps(long, double, double, vex::distanceUnits, double, vex::turnType)
                0x038060a0                vex::gps::gps(long, double, double, vex::distanceUnits, double, vex::turnType)
 *fill*         0x038060ec        0x4 
 .text._ZN3vex3gps9xPositionENS_13distanceUnitsE
                0x038060f0       0x70 C:\Program Files (x86)\VEX Robotics\VEXcode Pro V5\sdk/vexv5\libv5rt.a(vex_gps.cpp.obj)
                0x038060f0                vex::gps::xPosition(vex::distanceUnits)
 .text._ZN3vex3gps9yPositionENS_13distanceUnitsE
                0x03806160       0x70 C:\Program Files (x86)\VEX Robotics\VEXcode Pro V5\sdk/vexv5\libv5rt.a(vex_gps.cpp.obj)
                0x03806160                vex::gps::yPosition(vex::distanceUnits)
 .text._ZN3vex3gps16startCalibrationEl
                0x038061d0       0x48 C:\Program Files (x86)\VEX Robotics\VEXcode Pro V5\sdk/vexv5\libv5rt.a(vex_gps.cpp.obj)
                0x038061d0                vex::gps::startCalibration(long)
 .text._ZN3vex3gps9calibrateEl
                0x03806218        0xc C:\Program Files (x86)\VEX Robotics\VEXcode Pro V5\sdk/vexv5\libv5rt.a(vex_gps.cpp.obj)
                0x03806218                vex::gps::calibrate(long)
                0x0380621c                non-virtual thunk to vex::gps::calibrate(long)
 .text._ZN3vex10controllerD2Ev
                0x03806224        0x4 C:\Program Files (x86)\VEX Robotics\VEXcode Pro V5\sdk/vexv5\libv5rt.a(vex_controller.cpp.obj)
                0x03806224                vex::controller::~controller()
                0x03806224                vex::controller::~controller()
 .text._ZN3vex10controller5valueE19_V5_ControllerIndex
                0x03806228        0x8 C:\Program Files (x86)\VEX Robotics\VEXcode Pro V5\sdk/vexv5\libv5rt.a(vex_controller.cpp.obj)
                0x03806228                vex::controller::value(_V5_ControllerIndex)
 .text._ZNK3vex10controller6button8pressingEv
                0x03806230       0xc8 C:\Program Files (x86)\VEX Robotics\VEXcode Pro V5\sdk/vexv5\libv5rt.a(vex_controller.cpp.obj)
                0x03806230                vex::controller::button::pressing() const
 .text._ZNK3vex10controller6button21_buttonToPressedEventEv
                0x038062f8       0x20 C:\Program Files (x86)\VEX Robotics\VEXcode Pro V5\sdk/vexv5\libv5rt.a(vex_controller.cpp.obj)
                0x038062f8                vex::controller::button::_buttonToPressedEvent() const
 .text._ZNK3vex10controller6button22_buttonToReleasedEventEv
                0x03806318       0x20 C:\Program Files (x86)\VEX Robotics\VEXcode Pro V5\sdk/vexv5\libv5rt.a(vex_controller.cpp.obj)
                0x03806318                vex::controller::button::_buttonToReleasedEvent() const
 .text._ZN3vex10controller6buttonC2ENS0_11tButtonTypeEPS0_
                0x03806338       0x48 C:\Program Files (x86)\VEX Robotics\VEXcode Pro V5\sdk/vexv5\libv5rt.a(vex_controller.cpp.obj)
                0x03806338                vex::controller::button::button(vex::controller::tButtonType, vex::controller*)
                0x03806338                vex::controller::button::button(vex::controller::tButtonType, vex::controller*)
 .text._ZNK3vex10controller4axis5valueEv
                0x03806380       0x58 C:\Program Files (x86)\VEX Robotics\VEXcode Pro V5\sdk/vexv5\libv5rt.a(vex_controller.cpp.obj)
                0x03806380                vex::controller::axis::value() const
 .text._ZNK3vex10controller4axis8positionENS_12percentUnitsE
                0x038063d8       0x1c C:\Program Files (x86)\VEX Robotics\VEXcode Pro V5\sdk/vexv5\libv5rt.a(vex_controller.cpp.obj)
                0x038063d8                vex::controller::axis::position(vex::percentUnits) const
 .text._ZNK3vex10controller4axis23_joystickToChangedEventEv
                0x038063f4       0x20 C:\Program Files (x86)\VEX Robotics\VEXcode Pro V5\sdk/vexv5\libv5rt.a(vex_controller.cpp.obj)
                0x038063f4                vex::controller::axis::_joystickToChangedEvent() const
 .text._ZN3vex10controller4axisC2ENS0_9tAxisTypeEPS0_
                0x03806414       0x2c C:\Program Files (x86)\VEX Robotics\VEXcode Pro V5\sdk/vexv5\libv5rt.a(vex_controller.cpp.obj)
                0x03806414                vex::controller::axis::axis(vex::controller::tAxisType, vex::controller*)
                0x03806414                vex::controller::axis::axis(vex::controller::tAxisType, vex::controller*)
 .text._ZN3vex10controllerC2ENS_14controllerTypeE
                0x03806440      0x16c C:\Program Files (x86)\VEX Robotics\VEXcode Pro V5\sdk/vexv5\libv5rt.a(vex_controller.cpp.obj)
                0x03806440                vex::controller::controller(vex::controllerType)
                0x03806440                vex::controller::controller(vex::controllerType)
 .text._ZN3vex10controller3lcd15getControllerIdEv
                0x038065ac       0x10 C:\Program Files (x86)\VEX Robotics\VEXcode Pro V5\sdk/vexv5\libv5rt.a(vex_controller.cpp.obj)
                0x038065ac                vex::controller::lcd::getControllerId()
 .text._ZN3vex10controller3lcd9setCursorEll
                0x038065bc       0x40 C:\Program Files (x86)\VEX Robotics\VEXcode Pro V5\sdk/vexv5\libv5rt.a(vex_controller.cpp.obj)
                0x038065bc                vex::controller::lcd::setCursor(long, long)
 .text._ZN3vex10controller3lcd5printEPKcz
                0x038065fc       0x80 C:\Program Files (x86)\VEX Robotics\VEXcode Pro V5\sdk/vexv5\libv5rt.a(vex_controller.cpp.obj)
                0x038065fc                vex::controller::lcd::print(char const*, ...)
 .text._ZN3vex4taskC2Ev
                0x0380667c       0x28 C:\Program Files (x86)\VEX Robotics\VEXcode Pro V5\sdk/vexv5\libv5rt.a(vex_task.cpp.obj)
                0x0380667c                vex::task::task()
                0x0380667c                vex::task::task()
 .text._ZN3vex4taskC2EPFivE
                0x038066a4       0x5c C:\Program Files (x86)\VEX Robotics\VEXcode Pro V5\sdk/vexv5\libv5rt.a(vex_task.cpp.obj)
                0x038066a4                vex::task::task(int (*)())
                0x038066a4                vex::task::task(int (*)())
 .text._ZN3vex4taskD2Ev
                0x03806700        0x4 C:\Program Files (x86)\VEX Robotics\VEXcode Pro V5\sdk/vexv5\libv5rt.a(vex_task.cpp.obj)
                0x03806700                vex::task::~task()
                0x03806700                vex::task::~task()
 .text._ZN3vex4task4stopEPvi
                0x03806704       0x1c C:\Program Files (x86)\VEX Robotics\VEXcode Pro V5\sdk/vexv5\libv5rt.a(vex_task.cpp.obj)
                0x03806704                vex::task::stop(void*, int)
 .text._ZN3vex4task5sleepEm
                0x03806720        0x4 C:\Program Files (x86)\VEX Robotics\VEXcode Pro V5\sdk/vexv5\libv5rt.a(vex_task.cpp.obj)
                0x03806720                vex::task::sleep(unsigned long)
 .text._ZN3vex4task6_indexEPFivE
                0x03806724       0x14 C:\Program Files (x86)\VEX Robotics\VEXcode Pro V5\sdk/vexv5\libv5rt.a(vex_task.cpp.obj)
                0x03806724                vex::task::_index(int (*)())
 .text._ZN3vex4task8_stopAllEv
                0x03806738       0x3c C:\Program Files (x86)\VEX Robotics\VEXcode Pro V5\sdk/vexv5\libv5rt.a(vex_task.cpp.obj)
                0x03806738                vex::task::_stopAll()
 .text._ZN3vex6threadC2EPFivE
                0x03806774       0x5c C:\Program Files (x86)\VEX Robotics\VEXcode Pro V5\sdk/vexv5\libv5rt.a(vex_thread.cpp.obj)
                0x03806774                vex::thread::thread(int (*)())
                0x03806774                vex::thread::thread(int (*)())
 .text._ZN3vex6threadC2EPFiPvES1_
                0x038067d0       0x5c C:\Program Files (x86)\VEX Robotics\VEXcode Pro V5\sdk/vexv5\libv5rt.a(vex_thread.cpp.obj)
                0x038067d0                vex::thread::thread(int (*)(void*), void*)
                0x038067d0                vex::thread::thread(int (*)(void*), void*)
 .text._ZN3vex6threadD2Ev
                0x0380682c        0x4 C:\Program Files (x86)\VEX Robotics\VEXcode Pro V5\sdk/vexv5\libv5rt.a(vex_thread.cpp.obj)
                0x0380682c                vex::thread::~thread()
                0x0380682c                vex::thread::~thread()
 .text._ZN3vex11this_thread9sleep_forEm
                0x03806830        0x4 C:\Program Files (x86)\VEX Robotics\VEXcode Pro V5\sdk/vexv5\libv5rt.a(vex_thread.cpp.obj)
                0x03806830                vex::this_thread::sleep_for(unsigned long)
 .text._ZN3vex5mutexC2Ev
                0x03806834       0x1c C:\Program Files (x86)\VEX Robotics\VEXcode Pro V5\sdk/vexv5\libv5rt.a(vex_thread.cpp.obj)
                0x03806834                vex::mutex::mutex()
                0x03806834                vex::mutex::mutex()
 .text._ZN3vex5mutexD2Ev
                0x03806850        0x4 C:\Program Files (x86)\VEX Robotics\VEXcode Pro V5\sdk/vexv5\libv5rt.a(vex_thread.cpp.obj)
                0x03806850                vex::mutex::~mutex()
                0x03806850                vex::mutex::~mutex()
 .text._ZN3vex5mutex4lockEv
                0x03806854        0x8 C:\Program Files (x86)\VEX Robotics\VEXcode Pro V5\sdk/vexv5\libv5rt.a(vex_thread.cpp.obj)
                0x03806854                vex::mutex::lock()
 .text._ZN3vex5mutex6unlockEv
                0x0380685c        0x4 C:\Program Files (x86)\VEX Robotics\VEXcode Pro V5\sdk/vexv5\libv5rt.a(vex_thread.cpp.obj)
                0x0380685c                vex::mutex::unlock()
 .text._ZN3vex5event4initEmmPFvvE
                0x03806860        0x4 C:\Program Files (x86)\VEX Robotics\VEXcode Pro V5\sdk/vexv5\libv5rt.a(vex_event.cpp.obj)
                0x03806860                vex::event::init(unsigned long, unsigned long, void (*)())
 .text._ZN3vex5event4initEmmPFvPvES1_
                0x03806864        0x4 C:\Program Files (x86)\VEX Robotics\VEXcode Pro V5\sdk/vexv5\libv5rt.a(vex_event.cpp.obj)
                0x03806864                vex::event::init(unsigned long, unsigned long, void (*)(void*), void*)
 .text._ZN3vex5event9userindexEv
                0x03806868        0x4 C:\Program Files (x86)\VEX Robotics\VEXcode Pro V5\sdk/vexv5\libv5rt.a(vex_event.cpp.obj)
                0x03806868                vex::event::userindex()
 .text._ZZN3vex6meventC4EmmENUlvE_4_FUNEv
                0x0380686c        0x4 C:\Program Files (x86)\VEX Robotics\VEXcode Pro V5\sdk/vexv5\libv5rt.a(vex_mevent.cpp.obj)
 .text._ZN3vex6meventC2Emm
                0x03806870       0x70 C:\Program Files (x86)\VEX Robotics\VEXcode Pro V5\sdk/vexv5\libv5rt.a(vex_mevent.cpp.obj)
                0x03806870                vex::mevent::mevent(unsigned long, unsigned long)
                0x03806870                vex::mevent::mevent(unsigned long, unsigned long)
 .text._ZL9_hexDigitc
                0x038068e0       0x48 C:\Program Files (x86)\VEX Robotics\VEXcode Pro V5\sdk/vexv5\libv5rt.a(vex_brain.cpp.obj)
 .text._ZN3vex5brain9_getIndexEv
                0x03806928       0x10 C:\Program Files (x86)\VEX Robotics\VEXcode Pro V5\sdk/vexv5\libv5rt.a(vex_brain.cpp.obj)
                0x03806928                vex::brain::_getIndex()
 .text._ZN3vex5brain3lcd9setCursorEll
                0x03806938       0x44 C:\Program Files (x86)\VEX Robotics\VEXcode Pro V5\sdk/vexv5\libv5rt.a(vex_brain.cpp.obj)
                0x03806938                vex::brain::lcd::setCursor(long, long)
 .text._ZN3vex5brain3lcd7setFontENS_8fontTypeE
                0x0380697c      0x23c C:\Program Files (x86)\VEX Robotics\VEXcode Pro V5\sdk/vexv5\libv5rt.a(vex_brain.cpp.obj)
                0x0380697c                vex::brain::lcd::setFont(vex::fontType)
 .text._ZN3vex5brain3lcdC2Ev
                0x03806bb8       0x94 C:\Program Files (x86)\VEX Robotics\VEXcode Pro V5\sdk/vexv5\libv5rt.a(vex_brain.cpp.obj)
                0x03806bb8                vex::brain::lcd::lcd()
                0x03806bb8                vex::brain::lcd::lcd()
 .text._ZN3vex5brainC2Ev
                0x03806c4c       0x3c C:\Program Files (x86)\VEX Robotics\VEXcode Pro V5\sdk/vexv5\libv5rt.a(vex_brain.cpp.obj)
                0x03806c4c                vex::brain::brain()
                0x03806c4c                vex::brain::brain()
 .text._ZN3vex5brain3lcd11setPenColorERKNS_5colorE
                0x03806c88       0x14 C:\Program Files (x86)\VEX Robotics\VEXcode Pro V5\sdk/vexv5\libv5rt.a(vex_brain.cpp.obj)
                0x03806c88                vex::brain::lcd::setPenColor(vex::color const&)
 .text._ZN3vex5brain3lcd9drawPixelEii
                0x03806c9c       0x14 C:\Program Files (x86)\VEX Robotics\VEXcode Pro V5\sdk/vexv5\libv5rt.a(vex_brain.cpp.obj)
                0x03806c9c                vex::brain::lcd::drawPixel(int, int)
 .text._ZN3vex5brain3lcd8drawLineEiiii
                0x03806cb0      0x2c4 C:\Program Files (x86)\VEX Robotics\VEXcode Pro V5\sdk/vexv5\libv5rt.a(vex_brain.cpp.obj)
                0x03806cb0                vex::brain::lcd::drawLine(int, int, int, int)
 .text._ZN3vex5brain3lcd13drawRectangleEiiii
                0x03806f74       0xdc C:\Program Files (x86)\VEX Robotics\VEXcode Pro V5\sdk/vexv5\libv5rt.a(vex_brain.cpp.obj)
                0x03806f74                vex::brain::lcd::drawRectangle(int, int, int, int)
 .text._ZN3vex5brain3lcd10rowToPixelEl
                0x03807050       0x34 C:\Program Files (x86)\VEX Robotics\VEXcode Pro V5\sdk/vexv5\libv5rt.a(vex_brain.cpp.obj)
                0x03807050                vex::brain::lcd::rowToPixel(long)
 .text._ZN3vex5brain3lcd5printEPKcz
                0x03807084       0xb8 C:\Program Files (x86)\VEX Robotics\VEXcode Pro V5\sdk/vexv5\libv5rt.a(vex_brain.cpp.obj)
                0x03807084                vex::brain::lcd::print(char const*, ...)
 .text._ZN3vex5brain3lcd13webColorToRgbEPKc
                0x0380713c       0x9c C:\Program Files (x86)\VEX Robotics\VEXcode Pro V5\sdk/vexv5\libv5rt.a(vex_brain.cpp.obj)
                0x0380713c                vex::brain::lcd::webColorToRgb(char const*)
 .text._ZN3vex5brain3lcd11setPenColorEPKc
                0x038071d8       0x10 C:\Program Files (x86)\VEX Robotics\VEXcode Pro V5\sdk/vexv5\libv5rt.a(vex_brain.cpp.obj)
                0x038071d8                vex::brain::lcd::setPenColor(char const*)
 .text._ZN3vex5brain3lcd12setFillColorEPKc
                0x038071e8       0x1c C:\Program Files (x86)\VEX Robotics\VEXcode Pro V5\sdk/vexv5\libv5rt.a(vex_brain.cpp.obj)
                0x038071e8                vex::brain::lcd::setFillColor(char const*)
 .text._ZN3vex5brainD2Ev
                0x03807204       0x20 C:\Program Files (x86)\VEX Robotics\VEXcode Pro V5\sdk/vexv5\libv5rt.a(vex_brain.cpp.obj)
                0x03807204                vex::brain::~brain()
                0x03807204                vex::brain::~brain()
 .text._ZN3vex11competition8_disableEPv
                0x03807224       0xa4 C:\Program Files (x86)\VEX Robotics\VEXcode Pro V5\sdk/vexv5\libv5rt.a(vex_competition.cpp.obj)
                0x03807224                vex::competition::_disable(void*)
 .text._ZN3vex11competition11_autonomousEv
                0x038072c8       0x80 C:\Program Files (x86)\VEX Robotics\VEXcode Pro V5\sdk/vexv5\libv5rt.a(vex_competition.cpp.obj)
                0x038072c8                vex::competition::_autonomous()
 .text._ZN3vex11competition14_drivercontrolEv
                0x03807348       0x80 C:\Program Files (x86)\VEX Robotics\VEXcode Pro V5\sdk/vexv5\libv5rt.a(vex_competition.cpp.obj)
                0x03807348                vex::competition::_drivercontrol()
 .text._ZN3vex11competitionC2Ev
                0x038073c8      0x13c C:\Program Files (x86)\VEX Robotics\VEXcode Pro V5\sdk/vexv5\libv5rt.a(vex_competition.cpp.obj)
                0x038073c8                vex::competition::competition()
                0x038073c8                vex::competition::competition()
 .text._ZN3vex11competitionD2Ev
                0x03807504        0x4 C:\Program Files (x86)\VEX Robotics\VEXcode Pro V5\sdk/vexv5\libv5rt.a(vex_competition.cpp.obj)
                0x03807504                vex::competition::~competition()
                0x03807504                vex::competition::~competition()
 .text._ZN3vex11competition10autonomousEPFvvE
                0x03807508       0x44 C:\Program Files (x86)\VEX Robotics\VEXcode Pro V5\sdk/vexv5\libv5rt.a(vex_competition.cpp.obj)
                0x03807508                vex::competition::autonomous(void (*)())
 .text._ZN3vex11competition13drivercontrolEPFvvE
                0x0380754c       0x44 C:\Program Files (x86)\VEX Robotics\VEXcode Pro V5\sdk/vexv5\libv5rt.a(vex_competition.cpp.obj)
                0x0380754c                vex::competition::drivercontrol(void (*)())
 .text._ZN3vex7triportD2Ev
                0x03807590       0x38 C:\Program Files (x86)\VEX Robotics\VEXcode Pro V5\sdk/vexv5\libv5rt.a(vex_triport.cpp.obj)
                0x03807590                vex::triport::~triport()
                0x03807590                vex::triport::~triport()
 .text._ZN3vex7triportD0Ev
                0x038075c8       0x1c C:\Program Files (x86)\VEX Robotics\VEXcode Pro V5\sdk/vexv5\libv5rt.a(vex_triport.cpp.obj)
                0x038075c8                vex::triport::~triport()
 .text._ZN3vex7triport9installedEv
                0x038075e4       0x18 C:\Program Files (x86)\VEX Robotics\VEXcode Pro V5\sdk/vexv5\libv5rt.a(vex_triport.cpp.obj)
                0x038075e4                vex::triport::installed()
 .text._ZN3vex7triport4portC2ElPS0_
                0x038075fc       0x74 C:\Program Files (x86)\VEX Robotics\VEXcode Pro V5\sdk/vexv5\libv5rt.a(vex_triport.cpp.obj)
                0x038075fc                vex::triport::port::port(long, vex::triport*)
                0x038075fc                vex::triport::port::port(long, vex::triport*)
 .text._ZN3vex7triportC2El
                0x03807670       0xf0 C:\Program Files (x86)\VEX Robotics\VEXcode Pro V5\sdk/vexv5\libv5rt.a(vex_triport.cpp.obj)
                0x03807670                vex::triport::triport(long)
                0x03807670                vex::triport::triport(long)
 .text._ZN3vex7triport4port4typeENS_11triportTypeE
                0x03807760       0x30 C:\Program Files (x86)\VEX Robotics\VEXcode Pro V5\sdk/vexv5\libv5rt.a(vex_triport.cpp.obj)
                0x03807760                vex::triport::port::type(vex::triportType)
 .text._ZN3vex7triport4port4typeEv
                0x03807790       0x38 C:\Program Files (x86)\VEX Robotics\VEXcode Pro V5\sdk/vexv5\libv5rt.a(vex_triport.cpp.obj)
                0x03807790                vex::triport::port::type()
 .text._ZN3vex7triport4port5valueEv
                0x038077c8       0x14 C:\Program Files (x86)\VEX Robotics\VEXcode Pro V5\sdk/vexv5\libv5rt.a(vex_triport.cpp.obj)
                0x038077c8                vex::triport::port::value()
 .text._ZN3vex7triport4port5valueEl
                0x038077dc       0x18 C:\Program Files (x86)\VEX Robotics\VEXcode Pro V5\sdk/vexv5\libv5rt.a(vex_triport.cpp.obj)
                0x038077dc                vex::triport::port::value(long)
 .text._ZN3vex11__trideviceC2ERNS_7triport4portENS_11triportTypeE
                0x038077f4       0x5c C:\Program Files (x86)\VEX Robotics\VEXcode Pro V5\sdk/vexv5\libv5rt.a(vex_triport.cpp.obj)
                0x038077f4                vex::__tridevice::__tridevice(vex::triport::port&, vex::triportType)
                0x038077f4                vex::__tridevice::__tridevice(vex::triport::port&, vex::triportType)
 .text._ZN3vex6bumperC2ERNS_7triport4portE
                0x03807850       0x28 C:\Program Files (x86)\VEX Robotics\VEXcode Pro V5\sdk/vexv5\libv5rt.a(vex_triport.cpp.obj)
                0x03807850                vex::bumper::bumper(vex::triport::port&)
                0x03807850                vex::bumper::bumper(vex::triport::port&)
 .text._ZN3vex6bumperD2Ev
                0x03807878        0x4 C:\Program Files (x86)\VEX Robotics\VEXcode Pro V5\sdk/vexv5\libv5rt.a(vex_triport.cpp.obj)
                0x03807878                vex::bumper::~bumper()
                0x03807878                vex::bumper::~bumper()
 .text._ZN3vex6bumper5valueEv
                0x0380787c        0x8 C:\Program Files (x86)\VEX Robotics\VEXcode Pro V5\sdk/vexv5\libv5rt.a(vex_triport.cpp.obj)
                0x0380787c                vex::bumper::value()
 .text._ZN3vex11digital_outC2ERNS_7triport4portE
                0x03807884       0x18 C:\Program Files (x86)\VEX Robotics\VEXcode Pro V5\sdk/vexv5\libv5rt.a(vex_triport.cpp.obj)
                0x03807884                vex::digital_out::digital_out(vex::triport::port&)
                0x03807884                vex::digital_out::digital_out(vex::triport::port&)
 .text._ZN3vex11digital_outD2Ev
                0x0380789c        0x4 C:\Program Files (x86)\VEX Robotics\VEXcode Pro V5\sdk/vexv5\libv5rt.a(vex_triport.cpp.obj)
                0x0380789c                vex::digital_out::~digital_out()
                0x0380789c                vex::digital_out::~digital_out()
 .text._ZN3vex11digital_out3setEb
                0x038078a0        0x8 C:\Program Files (x86)\VEX Robotics\VEXcode Pro V5\sdk/vexv5\libv5rt.a(vex_triport.cpp.obj)
                0x038078a0                vex::digital_out::set(bool)
 .text._ZN3vex5colorD2Ev
                0x038078a8        0x4 C:\Program Files (x86)\VEX Robotics\VEXcode Pro V5\sdk/vexv5\libv5rt.a(vex_color.cpp.obj)
                0x038078a8                vex::color::~color()
                0x038078a8                vex::color::~color()
 .text._ZNK3vex5colorcvmEv
                0x038078ac        0x8 C:\Program Files (x86)\VEX Robotics\VEXcode Pro V5\sdk/vexv5\libv5rt.a(vex_color.cpp.obj)
                0x038078ac                vex::color::operator unsigned long() const
 .text.startup._GLOBAL__sub_I__ZN3vex5color5blackE
                0x038078b4      0x164 C:\Program Files (x86)\VEX Robotics\VEXcode Pro V5\sdk/vexv5\libv5rt.a(vex_color.cpp.obj)
 .text._ZN3vex5timerD2Ev
                0x03807a18        0x4 C:\Program Files (x86)\VEX Robotics\VEXcode Pro V5\sdk/vexv5\libv5rt.a(vex_timer.cpp.obj)
                0x03807a18                vex::timer::~timer()
                0x03807a18                vex::timer::~timer()
 .text._ZN3vex5timer5clearEv
                0x03807a1c       0x1c C:\Program Files (x86)\VEX Robotics\VEXcode Pro V5\sdk/vexv5\libv5rt.a(vex_timer.cpp.obj)
                0x03807a1c                vex::timer::clear()
 .text._ZN3vex5timerC2Ev
                0x03807a38       0x14 C:\Program Files (x86)\VEX Robotics\VEXcode Pro V5\sdk/vexv5\libv5rt.a(vex_timer.cpp.obj)
                0x03807a38                vex::timer::timer()
                0x03807a38                vex::timer::timer()
 .text.vexAdiPortConfigSet
                0x03807a4c       0x28 C:\Program Files (x86)\VEX Robotics\VEXcode Pro V5\sdk/vexv5\libv5rt.a(v5_apiuser.c.obj)
                0x03807a4c                vexAdiPortConfigSet
 .text.vexAdiPortConfigGet
                0x03807a74       0x28 C:\Program Files (x86)\VEX Robotics\VEXcode Pro V5\sdk/vexv5\libv5rt.a(v5_apiuser.c.obj)
                0x03807a74                vexAdiPortConfigGet
 .text.vexAdiValueSet
                0x03807a9c       0x28 C:\Program Files (x86)\VEX Robotics\VEXcode Pro V5\sdk/vexv5\libv5rt.a(v5_apiuser.c.obj)
                0x03807a9c                vexAdiValueSet
 .text.vexAdiValueGet
                0x03807ac4       0x20 C:\Program Files (x86)\VEX Robotics\VEXcode Pro V5\sdk/vexv5\libv5rt.a(v5_apiuser.c.obj)
                0x03807ac4                vexAdiValueGet
 .text.vexMotorVelocitySet
                0x03807ae4       0x20 C:\Program Files (x86)\VEX Robotics\VEXcode Pro V5\sdk/vexv5\libv5rt.a(v5_apiuser.c.obj)
                0x03807ae4                vexMotorVelocitySet
 .text.vexMotorVoltageSet
                0x03807b04       0x20 C:\Program Files (x86)\VEX Robotics\VEXcode Pro V5\sdk/vexv5\libv5rt.a(v5_apiuser.c.obj)
                0x03807b04                vexMotorVoltageSet
 .text.vexMotorVelocityGet
                0x03807b24       0x18 C:\Program Files (x86)\VEX Robotics\VEXcode Pro V5\sdk/vexv5\libv5rt.a(v5_apiuser.c.obj)
                0x03807b24                vexMotorVelocityGet
 .text.vexMotorActualVelocityGet
                0x03807b3c       0x24 C:\Program Files (x86)\VEX Robotics\VEXcode Pro V5\sdk/vexv5\libv5rt.a(v5_apiuser.c.obj)
                0x03807b3c                vexMotorActualVelocityGet
 .text.vexMotorModeGet
                0x03807b60       0x18 C:\Program Files (x86)\VEX Robotics\VEXcode Pro V5\sdk/vexv5\libv5rt.a(v5_apiuser.c.obj)
                0x03807b60                vexMotorModeGet
 .text.vexMotorZeroPositionFlagGet
                0x03807b78       0x18 C:\Program Files (x86)\VEX Robotics\VEXcode Pro V5\sdk/vexv5\libv5rt.a(v5_apiuser.c.obj)
                0x03807b78                vexMotorZeroPositionFlagGet
 .text.vexMotorReverseFlagSet
                0x03807b90       0x20 C:\Program Files (x86)\VEX Robotics\VEXcode Pro V5\sdk/vexv5\libv5rt.a(v5_apiuser.c.obj)
                0x03807b90                vexMotorReverseFlagSet
 .text.vexMotorEncoderUnitsSet
                0x03807bb0       0x20 C:\Program Files (x86)\VEX Robotics\VEXcode Pro V5\sdk/vexv5\libv5rt.a(v5_apiuser.c.obj)
                0x03807bb0                vexMotorEncoderUnitsSet
 .text.vexMotorBrakeModeSet
                0x03807bd0       0x20 C:\Program Files (x86)\VEX Robotics\VEXcode Pro V5\sdk/vexv5\libv5rt.a(v5_apiuser.c.obj)
                0x03807bd0                vexMotorBrakeModeSet
 .text.vexMotorPositionSet
                0x03807bf0       0x28 C:\Program Files (x86)\VEX Robotics\VEXcode Pro V5\sdk/vexv5\libv5rt.a(v5_apiuser.c.obj)
                0x03807bf0                vexMotorPositionSet
 .text.vexMotorPositionGet
                0x03807c18       0x24 C:\Program Files (x86)\VEX Robotics\VEXcode Pro V5\sdk/vexv5\libv5rt.a(v5_apiuser.c.obj)
                0x03807c18                vexMotorPositionGet
 .text.vexMotorRelativeTargetSet
                0x03807c3c       0x30 C:\Program Files (x86)\VEX Robotics\VEXcode Pro V5\sdk/vexv5\libv5rt.a(v5_apiuser.c.obj)
                0x03807c3c                vexMotorRelativeTargetSet
 .text.vexMotorGearingSet
                0x03807c6c       0x20 C:\Program Files (x86)\VEX Robotics\VEXcode Pro V5\sdk/vexv5\libv5rt.a(v5_apiuser.c.obj)
                0x03807c6c                vexMotorGearingSet
 .text.vexMotorGearingGet
                0x03807c8c       0x18 C:\Program Files (x86)\VEX Robotics\VEXcode Pro V5\sdk/vexv5\libv5rt.a(v5_apiuser.c.obj)
                0x03807c8c                vexMotorGearingGet
 .text.vexImuReset
                0x03807ca4       0x10 C:\Program Files (x86)\VEX Robotics\VEXcode Pro V5\sdk/vexv5\libv5rt.a(v5_apiuser.c.obj)
                0x03807ca4                vexImuReset
 .text.vexImuHeadingGet
                0x03807cb4       0x10 C:\Program Files (x86)\VEX Robotics\VEXcode Pro V5\sdk/vexv5\libv5rt.a(v5_apiuser.c.obj)
                0x03807cb4                vexImuHeadingGet
 .text.vexImuDegreesGet
                0x03807cc4       0x10 C:\Program Files (x86)\VEX Robotics\VEXcode Pro V5\sdk/vexv5\libv5rt.a(v5_apiuser.c.obj)
                0x03807cc4                vexImuDegreesGet
 .text.vexImuStatusGet
                0x03807cd4       0x10 C:\Program Files (x86)\VEX Robotics\VEXcode Pro V5\sdk/vexv5\libv5rt.a(v5_apiuser.c.obj)
                0x03807cd4                vexImuStatusGet
 .text.vexAbsEncPositionSet
                0x03807ce4       0x18 C:\Program Files (x86)\VEX Robotics\VEXcode Pro V5\sdk/vexv5\libv5rt.a(v5_apiuser.c.obj)
                0x03807ce4                vexAbsEncPositionSet
 .text.vexAbsEncPositionGet
                0x03807cfc       0x10 C:\Program Files (x86)\VEX Robotics\VEXcode Pro V5\sdk/vexv5\libv5rt.a(v5_apiuser.c.obj)
                0x03807cfc                vexAbsEncPositionGet
 .text.vexAbsEncAngleGet
                0x03807d0c       0x10 C:\Program Files (x86)\VEX Robotics\VEXcode Pro V5\sdk/vexv5\libv5rt.a(v5_apiuser.c.obj)
                0x03807d0c                vexAbsEncAngleGet
 .text.vexAbsEncReverseFlagSet
                0x03807d1c       0x18 C:\Program Files (x86)\VEX Robotics\VEXcode Pro V5\sdk/vexv5\libv5rt.a(v5_apiuser.c.obj)
                0x03807d1c                vexAbsEncReverseFlagSet
 .text.vexDistanceDistanceGet
                0x03807d34       0x10 C:\Program Files (x86)\VEX Robotics\VEXcode Pro V5\sdk/vexv5\libv5rt.a(v5_apiuser.c.obj)
                0x03807d34                vexDistanceDistanceGet
 .text.vexDistanceObjectSizeGet
                0x03807d44       0x10 C:\Program Files (x86)\VEX Robotics\VEXcode Pro V5\sdk/vexv5\libv5rt.a(v5_apiuser.c.obj)
                0x03807d44                vexDistanceObjectSizeGet
 .text.vexGpsReset
                0x03807d54       0x10 C:\Program Files (x86)\VEX Robotics\VEXcode Pro V5\sdk/vexv5\libv5rt.a(v5_apiuser.c.obj)
                0x03807d54                vexGpsReset
 .text.vexGpsHeadingGet
                0x03807d64       0x10 C:\Program Files (x86)\VEX Robotics\VEXcode Pro V5\sdk/vexv5\libv5rt.a(v5_apiuser.c.obj)
                0x03807d64                vexGpsHeadingGet
 .text.vexGpsDegreesGet
                0x03807d74       0x10 C:\Program Files (x86)\VEX Robotics\VEXcode Pro V5\sdk/vexv5\libv5rt.a(v5_apiuser.c.obj)
                0x03807d74                vexGpsDegreesGet
 .text.vexGpsAttitudeGet
                0x03807d84       0x20 C:\Program Files (x86)\VEX Robotics\VEXcode Pro V5\sdk/vexv5\libv5rt.a(v5_apiuser.c.obj)
                0x03807d84                vexGpsAttitudeGet
 .text.vexGpsStatusGet
                0x03807da4       0x10 C:\Program Files (x86)\VEX Robotics\VEXcode Pro V5\sdk/vexv5\libv5rt.a(v5_apiuser.c.obj)
                0x03807da4                vexGpsStatusGet
 .text.vexGpsModeSet
                0x03807db4       0x18 C:\Program Files (x86)\VEX Robotics\VEXcode Pro V5\sdk/vexv5\libv5rt.a(v5_apiuser.c.obj)
                0x03807db4                vexGpsModeSet
 .text.vexGpsOriginSet
                0x03807dcc       0x28 C:\Program Files (x86)\VEX Robotics\VEXcode Pro V5\sdk/vexv5\libv5rt.a(v5_apiuser.c.obj)
                0x03807dcc                vexGpsOriginSet
 .text.vexGpsRotationSet
                0x03807df4       0x20 C:\Program Files (x86)\VEX Robotics\VEXcode Pro V5\sdk/vexv5\libv5rt.a(v5_apiuser.c.obj)
                0x03807df4                vexGpsRotationSet
 .text.vexGpsRotationGet
                0x03807e14       0x10 C:\Program Files (x86)\VEX Robotics\VEXcode Pro V5\sdk/vexv5\libv5rt.a(v5_apiuser.c.obj)
                0x03807e14                vexGpsRotationGet
 .text.vexEventMaskSet
                0x03807e24       0x28 C:\Program Files (x86)\VEX Robotics\VEXcode Pro V5\sdk/vexv5\libv5rt.a(v5_apiuser.c.obj)
                0x03807e24                vexEventMaskSet
 .text.vexEventMaskGet
                0x03807e4c       0x18 C:\Program Files (x86)\VEX Robotics\VEXcode Pro V5\sdk/vexv5\libv5rt.a(v5_apiuser.c.obj)
                0x03807e4c                vexEventMaskGet
 .text._ZN3vex6deviceD2Ev
                0x03807e64        0x4 C:\Program Files (x86)\VEX Robotics\VEXcode Pro V5\sdk/vexv5\libv5rt.a(vex_device.cpp.obj)
                0x03807e64                vex::device::~device()
                0x03807e64                vex::device::~device()
 .text._ZN3vex6device5valueEv
                0x03807e68        0x8 C:\Program Files (x86)\VEX Robotics\VEXcode Pro V5\sdk/vexv5\libv5rt.a(vex_device.cpp.obj)
                0x03807e68                vex::device::value()
 .text._ZN3vex6deviceD0Ev
                0x03807e70       0x14 C:\Program Files (x86)\VEX Robotics\VEXcode Pro V5\sdk/vexv5\libv5rt.a(vex_device.cpp.obj)
                0x03807e70                vex::device::~device()
 .text._ZN3vex6device4initEl
                0x03807e84       0x30 C:\Program Files (x86)\VEX Robotics\VEXcode Pro V5\sdk/vexv5\libv5rt.a(vex_device.cpp.obj)
                0x03807e84                vex::device::init(long)
 .text._ZN3vex6deviceC2El
                0x03807eb4       0x20 C:\Program Files (x86)\VEX Robotics\VEXcode Pro V5\sdk/vexv5\libv5rt.a(vex_device.cpp.obj)
                0x03807eb4                vex::device::device(long)
                0x03807eb4                vex::device::device(long)
 .text._ZN3vex6device4typeEv
                0x03807ed4       0x10 C:\Program Files (x86)\VEX Robotics\VEXcode Pro V5\sdk/vexv5\libv5rt.a(vex_device.cpp.obj)
                0x03807ed4                vex::device::type()
 .text._ZN3vex6device9installedEv
                0x03807ee4       0x14 C:\Program Files (x86)\VEX Robotics\VEXcode Pro V5\sdk/vexv5\libv5rt.a(vex_device.cpp.obj)
                0x03807ee4                vex::device::installed()
 .text.__libc_fini_array
                0x03807ef8       0x30 C:\Program Files (x86)\VEX Robotics\VEXcode Pro V5\sdk/vexv5/gcc/libs\libc.a(lib_a-fini.o)
                0x03807ef8                __libc_fini_array
 .text.__libc_init_array
                0x03807f28       0x58 C:\Program Files (x86)\VEX Robotics\VEXcode Pro V5\sdk/vexv5/gcc/libs\libc.a(lib_a-init.o)
                0x03807f28                __libc_init_array
 .text.__libc_init_array.__stub
                0x03807f80       0x18 linker stubs
 *(.gnu.linkonce.t.*)
 *(.plt)
 *(.gnu_warning)
 *(.gcc_except_table)
 *(.glue_7)
 .glue_7        0x00000000        0x0 linker stubs
 *(.glue_7t)
 .glue_7t       0x00000000        0x0 linker stubs
 *(.vfp11_veneer)
 .vfp11_veneer  0x00000000        0x0 linker stubs
 *(.ARM.extab)
 *(.gnu.linkonce.armextab.*)

.v4_bx          0x03807f98        0x0
 .v4_bx         0x00000000        0x0 linker stubs

.iplt           0x03807f98        0x0
 .iplt          0x00000000        0x0 build/src/util.o

.init
 *(.init)

.fini
 *(.fini)

.rodata         0x03807f98      0x324
                0x03807f98                __rodata_start = .
 *(.rodata)
 *(.rodata.*)
 .rodata.EPSILON
                0x03807f98        0x8 build/src/util.o
                0x03807f98                EPSILON
 .rodata.TURNS_TO_INCHES
                0x03807fa0        0x8 build/src/util.o
                0x03807fa0                TURNS_TO_INCHES
 .rodata.TURNING_RADIUS
                0x03807fa8        0x8 build/src/util.o
                0x03807fa8                TURNING_RADIUS
 .rodata.MOTOR_PERCENT_TO_IN_PER_SEC
                0x03807fb0        0x8 build/src/util.o
                0x03807fb0                MOTOR_PERCENT_TO_IN_PER_SEC
 .rodata.str1.1
                0x03807fb8       0x19 build/src/main.o
 .rodata.str1.1
                0x03807fd1       0x34 build/src/DrawField.o
 .rodata.str1.1
                0x03808005       0x10 build/src/chasis.o
                                 0x15 (size before relaxing)
 .rodata.str1.1
                0x03808015       0x2e C:\Program Files (x86)\VEX Robotics\VEXcode Pro V5\sdk/vexv5\libv5rt.a(v5_startup.c.obj)
 *fill*         0x03808043        0x1 
 .rodata._ZN3vex6PORT20E
                0x03808044        0x4 C:\Program Files (x86)\VEX Robotics\VEXcode Pro V5\sdk/vexv5\libv5rt.a(vex_global.cpp.obj)
                0x03808044                vex::PORT20
 .rodata._ZN3vex3fwdE
                0x03808048        0x4 C:\Program Files (x86)\VEX Robotics\VEXcode Pro V5\sdk/vexv5\libv5rt.a(vex_global.cpp.obj)
                0x03808048                vex::fwd
 .rodata._ZN3vex5PORT3E
                0x0380804c        0x4 C:\Program Files (x86)\VEX Robotics\VEXcode Pro V5\sdk/vexv5\libv5rt.a(vex_global.cpp.obj)
                0x0380804c                vex::PORT3
 .rodata._ZN3vex5PORT1E
                0x03808050        0x4 C:\Program Files (x86)\VEX Robotics\VEXcode Pro V5\sdk/vexv5\libv5rt.a(vex_global.cpp.obj)
                0x03808050                vex::PORT1
 .rodata._ZN3vex7reverseE
                0x03808054        0x4 C:\Program Files (x86)\VEX Robotics\VEXcode Pro V5\sdk/vexv5\libv5rt.a(vex_global.cpp.obj)
                0x03808054                vex::reverse
 .rodata._ZN3vex4voltE
                0x03808058        0x4 C:\Program Files (x86)\VEX Robotics\VEXcode Pro V5\sdk/vexv5\libv5rt.a(vex_global.cpp.obj)
                0x03808058                vex::volt
 .rodata._ZN3vex6PORT10E
                0x0380805c        0x4 C:\Program Files (x86)\VEX Robotics\VEXcode Pro V5\sdk/vexv5\libv5rt.a(vex_global.cpp.obj)
                0x0380805c                vex::PORT10
 .rodata._ZN3vex6PORT14E
                0x03808060        0x4 C:\Program Files (x86)\VEX Robotics\VEXcode Pro V5\sdk/vexv5\libv5rt.a(vex_global.cpp.obj)
                0x03808060                vex::PORT14
 .rodata._ZN3vex3pctE
                0x03808064        0x4 C:\Program Files (x86)\VEX Robotics\VEXcode Pro V5\sdk/vexv5\libv5rt.a(vex_global.cpp.obj)
                0x03808064                vex::pct
 .rodata._ZN3vex3secE
                0x03808068        0x4 C:\Program Files (x86)\VEX Robotics\VEXcode Pro V5\sdk/vexv5\libv5rt.a(vex_global.cpp.obj)
                0x03808068                vex::sec
 .rodata._ZN3vex5blackE
                0x0380806c        0x4 C:\Program Files (x86)\VEX Robotics\VEXcode Pro V5\sdk/vexv5\libv5rt.a(vex_global.cpp.obj)
                0x0380806c                vex::black
 .rodata._ZN3vex4msecE
                0x03808070        0x4 C:\Program Files (x86)\VEX Robotics\VEXcode Pro V5\sdk/vexv5\libv5rt.a(vex_global.cpp.obj)
                0x03808070                vex::msec
 .rodata._ZN3vex6PORT18E
                0x03808074        0x4 C:\Program Files (x86)\VEX Robotics\VEXcode Pro V5\sdk/vexv5\libv5rt.a(vex_global.cpp.obj)
                0x03808074                vex::PORT18
 .rodata._ZN3vex9ratio36_1E
                0x03808078        0x4 C:\Program Files (x86)\VEX Robotics\VEXcode Pro V5\sdk/vexv5\libv5rt.a(vex_global.cpp.obj)
                0x03808078                vex::ratio36_1
 .rodata._ZN3vex6PORT21E
                0x0380807c        0x4 C:\Program Files (x86)\VEX Robotics\VEXcode Pro V5\sdk/vexv5\libv5rt.a(vex_global.cpp.obj)
                0x0380807c                vex::PORT21
 .rodata._ZN3vex5PORT2E
                0x03808080        0x4 C:\Program Files (x86)\VEX Robotics\VEXcode Pro V5\sdk/vexv5\libv5rt.a(vex_global.cpp.obj)
                0x03808080                vex::PORT2
 .rodata._ZN3vex6PORT11E
                0x03808084        0x4 C:\Program Files (x86)\VEX Robotics\VEXcode Pro V5\sdk/vexv5\libv5rt.a(vex_global.cpp.obj)
                0x03808084                vex::PORT11
 .rodata._ZN3vex5PORT6E
                0x03808088        0x4 C:\Program Files (x86)\VEX Robotics\VEXcode Pro V5\sdk/vexv5\libv5rt.a(vex_global.cpp.obj)
                0x03808088                vex::PORT6
 .rodata._ZN3vex7primaryE
                0x0380808c        0x4 C:\Program Files (x86)\VEX Robotics\VEXcode Pro V5\sdk/vexv5\libv5rt.a(vex_global.cpp.obj)
                0x0380808c                vex::primary
 .rodata._ZN3vex3degE
                0x03808090        0x4 C:\Program Files (x86)\VEX Robotics\VEXcode Pro V5\sdk/vexv5\libv5rt.a(vex_global.cpp.obj)
                0x03808090                vex::deg
 .rodata._ZN3vex7percentE
                0x03808094        0x4 C:\Program Files (x86)\VEX Robotics\VEXcode Pro V5\sdk/vexv5\libv5rt.a(vex_global.cpp.obj)
                0x03808094                vex::percent
 .rodata._ZN3vex6PORT15E
                0x03808098        0x4 C:\Program Files (x86)\VEX Robotics\VEXcode Pro V5\sdk/vexv5\libv5rt.a(vex_global.cpp.obj)
                0x03808098                vex::PORT15
 .rodata._ZN3vex6PORT19E
                0x0380809c        0x4 C:\Program Files (x86)\VEX Robotics\VEXcode Pro V5\sdk/vexv5\libv5rt.a(vex_global.cpp.obj)
                0x0380809c                vex::PORT19
 .rodata._ZN3vex7degreesE
                0x038080a0        0x4 C:\Program Files (x86)\VEX Robotics\VEXcode Pro V5\sdk/vexv5\libv5rt.a(vex_global.cpp.obj)
                0x038080a0                vex::degrees
 .rodata._ZN3vex6PORT22E
                0x038080a4        0x4 C:\Program Files (x86)\VEX Robotics\VEXcode Pro V5\sdk/vexv5\libv5rt.a(vex_global.cpp.obj)
                0x038080a4                vex::PORT22
 .rodata._ZN3vex7partnerE
                0x038080a8        0x4 C:\Program Files (x86)\VEX Robotics\VEXcode Pro V5\sdk/vexv5\libv5rt.a(vex_global.cpp.obj)
                0x038080a8                vex::partner
 .rodata._ZN3vex4holdE
                0x038080ac        0x4 C:\Program Files (x86)\VEX Robotics\VEXcode Pro V5\sdk/vexv5\libv5rt.a(vex_global.cpp.obj)
                0x038080ac                vex::hold
 .rodata._ZN3vex5PORT7E
                0x038080b0        0x4 C:\Program Files (x86)\VEX Robotics\VEXcode Pro V5\sdk/vexv5\libv5rt.a(vex_global.cpp.obj)
                0x038080b0                vex::PORT7
 .rodata._ZN3vex6PORT16E
                0x038080b4        0x4 C:\Program Files (x86)\VEX Robotics\VEXcode Pro V5\sdk/vexv5\libv5rt.a(vex_global.cpp.obj)
                0x038080b4                vex::PORT16
 .rodata._ZN3vex5turnsE
                0x038080b8        0x4 C:\Program Files (x86)\VEX Robotics\VEXcode Pro V5\sdk/vexv5\libv5rt.a(vex_global.cpp.obj)
                0x038080b8                vex::turns
 .rodata._ZN3vex8ratio6_1E
                0x038080bc        0x4 C:\Program Files (x86)\VEX Robotics\VEXcode Pro V5\sdk/vexv5\libv5rt.a(vex_global.cpp.obj)
                0x038080bc                vex::ratio6_1
 .rodata._ZN3vex2mmE
                0x038080c0        0x4 C:\Program Files (x86)\VEX Robotics\VEXcode Pro V5\sdk/vexv5\libv5rt.a(vex_global.cpp.obj)
                0x038080c0                vex::mm
 .rodata._ZN3vex5brakeE
                0x038080c4        0x4 C:\Program Files (x86)\VEX Robotics\VEXcode Pro V5\sdk/vexv5\libv5rt.a(vex_global.cpp.obj)
                0x038080c4                vex::brake
 .rodata._ZN3vex5coastE
                0x038080c8        0x4 C:\Program Files (x86)\VEX Robotics\VEXcode Pro V5\sdk/vexv5\libv5rt.a(vex_global.cpp.obj)
                0x038080c8                vex::coast
 .rodata._ZN3vex5PORT4E
                0x038080cc        0x4 C:\Program Files (x86)\VEX Robotics\VEXcode Pro V5\sdk/vexv5\libv5rt.a(vex_global.cpp.obj)
                0x038080cc                vex::PORT4
 .rodata._ZN3vex6PORT13E
                0x038080d0        0x4 C:\Program Files (x86)\VEX Robotics\VEXcode Pro V5\sdk/vexv5\libv5rt.a(vex_global.cpp.obj)
                0x038080d0                vex::PORT13
 .rodata._ZN3vex9ratio18_1E
                0x038080d4        0x4 C:\Program Files (x86)\VEX Robotics\VEXcode Pro V5\sdk/vexv5\libv5rt.a(vex_global.cpp.obj)
                0x038080d4                vex::ratio18_1
 .rodata._ZN3vex6PORT17E
                0x038080d8        0x4 C:\Program Files (x86)\VEX Robotics\VEXcode Pro V5\sdk/vexv5\libv5rt.a(vex_global.cpp.obj)
                0x038080d8                vex::PORT17
 *fill*         0x038080dc        0x4 
 .rodata._ZTVN3vex5motorE
                0x038080e0       0x18 C:\Program Files (x86)\VEX Robotics\VEXcode Pro V5\sdk/vexv5\libv5rt.a(vex_motor.cpp.obj)
                0x038080e0                vtable for vex::motor
 .rodata._ZTVN3vex8inertialE
                0x038080f8       0x68 C:\Program Files (x86)\VEX Robotics\VEXcode Pro V5\sdk/vexv5\libv5rt.a(vex_imu.cpp.obj)
                0x038080f8                vtable for vex::inertial
 .rodata._ZTVN3vex8rotationE