Archive member included because of file (symbol)

C:\Program Files (x86)\VEX Robotics\VEXcode Pro V5\sdk/vexv5\libv5rt.a(v5_startup.c.obj)
                              (vexStartup)
C:\Program Files (x86)\VEX Robotics\VEXcode Pro V5\sdk/vexv5\libv5rt.a(v5_util.c.obj)
                              C:\Program Files (x86)\VEX Robotics\VEXcode Pro V5\sdk/vexv5\libv5rt.a(v5_startup.c.obj) (vexStdlibVersionLinked)
C:\Program Files (x86)\VEX Robotics\VEXcode Pro V5\sdk/vexv5\libv5rt.a(v5_apijump.c.obj)
                              C:\Program Files (x86)\VEX Robotics\VEXcode Pro V5\sdk/vexv5\libv5rt.a(v5_startup.c.obj) (vexPrivateApiEnable)
C:\Program Files (x86)\VEX Robotics\VEXcode Pro V5\sdk/vexv5\libv5rt.a(v5_apiversions.c.obj)
                              C:\Program Files (x86)\VEX Robotics\VEXcode Pro V5\sdk/vexv5\libv5rt.a(v5_apijump.c.obj) (vexSystemVersion)
C:\Program Files (x86)\VEX Robotics\VEXcode Pro V5\sdk/vexv5\libv5rt.a(vex_global.cpp.obj)
                              build/src/main.o (vex::wait(double, vex::timeUnits))
C:\Program Files (x86)\VEX Robotics\VEXcode Pro V5\sdk/vexv5\libv5rt.a(vex_motor.cpp.obj)
                              build/src/robot-config.o (vex::motor::~motor())
C:\Program Files (x86)\VEX Robotics\VEXcode Pro V5\sdk/vexv5\libv5rt.a(vex_imu.cpp.obj)
                              build/src/chasis.o (vex::inertial::setRotation(double, vex::rotationUnits))
C:\Program Files (x86)\VEX Robotics\VEXcode Pro V5\sdk/vexv5\libv5rt.a(vex_rotation.cpp.obj)
                              build/src/robot-config.o (vex::rotation::~rotation())
C:\Program Files (x86)\VEX Robotics\VEXcode Pro V5\sdk/vexv5\libv5rt.a(vex_distance.cpp.obj)
                              build/src/robot-config.o (vex::distance::~distance())
C:\Program Files (x86)\VEX Robotics\VEXcode Pro V5\sdk/vexv5\libv5rt.a(vex_gps.cpp.obj)
                              build/src/robot-config.o (vex::gps::~gps())
C:\Program Files (x86)\VEX Robotics\VEXcode Pro V5\sdk/vexv5\libv5rt.a(vex_controller.cpp.obj)
                              build/src/robot-config.o (vex::controller::~controller())
C:\Program Files (x86)\VEX Robotics\VEXcode Pro V5\sdk/vexv5\libv5rt.a(vex_task.cpp.obj)
                              build/src/main.o (vex::task::task())
C:\Program Files (x86)\VEX Robotics\VEXcode Pro V5\sdk/vexv5\libv5rt.a(vex_thread.cpp.obj)
                              build/src/chasis.o (vex::thread::thread(int (*)()))
C:\Program Files (x86)\VEX Robotics\VEXcode Pro V5\sdk/vexv5\libv5rt.a(vex_event.cpp.obj)
                              C:\Program Files (x86)\VEX Robotics\VEXcode Pro V5\sdk/vexv5\libv5rt.a(vex_imu.cpp.obj) (vex::event::init(unsigned long, unsigned long, void (*)()))
C:\Program Files (x86)\VEX Robotics\VEXcode Pro V5\sdk/vexv5\libv5rt.a(vex_mevent.cpp.obj)
                              C:\Program Files (x86)\VEX Robotics\VEXcode Pro V5\sdk/vexv5\libv5rt.a(vex_controller.cpp.obj) (vex::mevent::mevent(unsigned long, unsigned long))
C:\Program Files (x86)\VEX Robotics\VEXcode Pro V5\sdk/vexv5\libv5rt.a(vex_brain.cpp.obj)
                              build/src/main.o (vex::brain::lcd::setCursor(long, long))
C:\Program Files (x86)\VEX Robotics\VEXcode Pro V5\sdk/vexv5\libv5rt.a(vex_competition.cpp.obj)
                              build/src/main.o (vex::competition::competition())
C:\Program Files (x86)\VEX Robotics\VEXcode Pro V5\sdk/vexv5\libv5rt.a(vex_triport.cpp.obj)
                              C:\Program Files (x86)\VEX Robotics\VEXcode Pro V5\sdk/vexv5\libv5rt.a(vex_brain.cpp.obj) (vex::triport::~triport())
C:\Program Files (x86)\VEX Robotics\VEXcode Pro V5\sdk/vexv5\libv5rt.a(vex_color.cpp.obj)
                              C:\Program Files (x86)\VEX Robotics\VEXcode Pro V5\sdk/vexv5\libv5rt.a(vex_brain.cpp.obj) (vex::color::operator unsigned long() const)
C:\Program Files (x86)\VEX Robotics\VEXcode Pro V5\sdk/vexv5\libv5rt.a(vex_timer.cpp.obj)
                              C:\Program Files (x86)\VEX Robotics\VEXcode Pro V5\sdk/vexv5\libv5rt.a(vex_brain.cpp.obj) (vex::timer::~timer())
C:\Program Files (x86)\VEX Robotics\VEXcode Pro V5\sdk/vexv5\libv5rt.a(v5_apiuser.c.obj)
                              C:\Program Files (x86)\VEX Robotics\VEXcode Pro V5\sdk/vexv5\libv5rt.a(vex_triport.cpp.obj) (vexAdiPortConfigSet)
C:\Program Files (x86)\VEX Robotics\VEXcode Pro V5\sdk/vexv5\libv5rt.a(vex_device.cpp.obj)
                              C:\Program Files (x86)\VEX Robotics\VEXcode Pro V5\sdk/vexv5\libv5rt.a(vex_motor.cpp.obj) (vex::device::~device())
C:\Program Files (x86)\VEX Robotics\VEXcode Pro V5\sdk/vexv5/gcc/libs\libc.a(lib_a-clock.o)
                              build/src/util.o (clock)
C:\Program Files (x86)\VEX Robotics\VEXcode Pro V5\sdk/vexv5/gcc/libs\libc.a(lib_a-fini.o)
                              C:\Program Files (x86)\VEX Robotics\VEXcode Pro V5\sdk/vexv5\libv5rt.a(v5_startup.c.obj) (__libc_fini_array)
[...]
Memory Configuration

Name             Origin             Length             Attributes
ps7_ddr_0_S_AXI_BASEADDR 0x03800000         0x04800000
*default*        0x00000000         0xffffffff

Linker script and memory map

                0x00002000                _STACK_SIZE = DEFINED (_STACK_SIZE)?_STACK_SIZE:0x2000
                0x00100000                _HEAP_SIZE = DEFINED (_HEAP_SIZE)?_HEAP_SIZE:0x100000
                0x00000400                _ABORT_STACK_SIZE = DEFINED (_ABORT_STACK_SIZE)?_ABORT_STACK_SIZE:0x400
                0x00000800                _SUPERVISOR_STACK_SIZE = DEFINED (_SUPERVISOR_STACK_SIZE)?_SUPERVISOR_STACK_SIZE:0x800
                0x00000400                _IRQ_STACK_SIZE = DEFINED (_IRQ_STACK_SIZE)?_IRQ_STACK_SIZE:0x400
                0x00000400                _FIQ_STACK_SIZE = DEFINED (_FIQ_STACK_SIZE)?_FIQ_STACK_SIZE:0x400
                0x00000400                _UNDEF_STACK_SIZE = DEFINED (_UNDEF_STACK_SIZE)?_UNDEF_STACK_SIZE:0x400

.text           0x03800000     0x7f90
 *(.vectors)
 *(.boot_data)
 .boot_data     0x03800000       0x20 C:\Program Files (x86)\VEX Robotics\VEXcode Pro V5\sdk/vexv5\libv5rt.a(v5_startup.c.obj)
                0x03800000                vexCodeSig
                0x00000020                . = 0x20
 *(.boot)
 .boot          0x03800020       0xbc C:\Program Files (x86)\VEX Robotics\VEXcode Pro V5\sdk/vexv5\libv5rt.a(v5_startup.c.obj)
                0x03800020                vexStartup
                0x03800100                . = ALIGN (0x40)
 *fill*         0x038000dc       0x24 
 *(.freertos_vectors)
 *(.text)
 *(.text.*)
 .text._Z4spinPN3vex5motorEdNS_9brakeTypeE
                0x03800100       0x78 build/src/util.o
                0x03800100                spin(vex::motor*, double, vex::brakeType)
 .text._Z2aedd  0x03800178       0x30 build/src/util.o
                0x03800178                ae(double, double)
 .text._Z9is_skillsv
                0x038001a8       0x20 build/src/util.o
                0x038001a8                is_skills()
 .text._Z5clampddd
                0x038001c8       0x30 build/src/util.o
                0x038001c8                clamp(double, double, double)
 .text._Z10ithresholddd
                0x038001f8       0x4c build/src/util.o
                0x038001f8                ithreshold(double, double)
 .text._Z2sqd   0x03800244       0x10 build/src/util.o
                0x03800244                sq(double)
 .text._Z11insaneAutonf
                0x03800254       0xd4 build/src/main.o
                0x03800254                insaneAuton(float)
 .text._Z5autonv
                0x03800328     0x1498 build/src/main.o
                0x03800328                auton()
 .text._Z11usercontrolv
                0x038017c0      0x4ac build/src/main.o
                0x038017c0                usercontrol()
 *fill*         0x03801c6c        0x4 
 .text.main     0x03801c70      0x1f0 build/src/main.o
                0x03801c70                main
 .text._GLOBAL__sub_I_main.cpp
                0x03801e60       0xa0 build/src/main.o
 .text._ZN8Kalman1DC2Edddd
                0x03801f00       0x24 build/src/kalman.o
                0x03801f00                Kalman1D::Kalman1D(double, double, double, double)
                0x03801f00                Kalman1D::Kalman1D(double, double, double, double)
 .text._ZN8Kalman1D6updateEd
                0x03801f24       0x34 build/src/kalman.o
                0x03801f24                Kalman1D::update(double)
 .text._Z9drawFieldv
                0x03801f58      0x530 build/src/DrawField.o
                0x03801f58                drawField()
 .text._Z16positionTrackingv
                0x03802488      0x370 build/src/odometry.o
                0x03802488                positionTracking()
 .text._Z10initializev
                0x038027f8       0x28 build/src/chasis.o
                0x038027f8                initialize()
 .text._Z12get_rotationv
                0x03802820       0x3c build/src/chasis.o
                0x03802820                get_rotation()
 .text._Z15brake_uncheckedv
                0x0380285c       0x4c build/src/chasis.o
                0x0380285c                brake_unchecked()
 .text._Z22turn_absolute_inertialdbSs
                0x038028a8      0x4a0 build/src/chasis.o
                0x038028a8                turn_absolute_inertial(double, bool, std::string)
 .text._Z7moveRotff
                0x03802d48       0xc8 build/src/chasis.o
                0x03802d48                moveRot(float, float)
 .text._Z7turnRotffSs
                0x03802e10      0x22c build/src/chasis.o
                0x03802e10                turnRot(float, float, std::string)
 *fill*         0x0380303c        0x4 
 .text._Z14inertial_driveddb
                0x03803040      0x348 build/src/chasis.o
                0x03803040                inertial_drive(double, double, bool)
 .text._Z14allBaseVoltagebd
                0x03803388       0xb8 build/src/chasis.o
                0x03803388                allBaseVoltage(bool, double)
 .text._Z11driveToGoalf
                0x03803440       0x5c build/src/chasis.o
                0x03803440                driveToGoal(float)
 .text._Z11voltageDistd
                0x0380349c       0x74 build/src/chasis.o
                0x0380349c                voltageDist(double)
 .text._ZZ10initializevEN3$_08__invokeEv
                0x03803510        0xc build/src/chasis.o
 .text._ZZ10initializevENK3$_0clEv
                0x0380351c       0xa0 build/src/chasis.o
 .text._GLOBAL__sub_I_chasis.cpp
                0x038035bc       0xa0 build/src/chasis.o
 .text._Z11vexcodeInitv
                0x0380365c        0x4 build/src/robot-config.o
                0x0380365c                vexcodeInit()
 .text._GLOBAL__sub_I_robot_config.cpp
                0x03803660      0x578 build/src/robot-config.o
 .text._Z6setBard
                0x03803bd8      0x104 build/src/control.o
                0x03803bd8                setBar(double)
 *fill*         0x03803cdc        0x4 
 .text._Z7setMogod
                0x03803ce0      0x124 build/src/control.o
                0x03803ce0                setMogo(double)
 *fill*         0x03803e04        0x4 
 .text._Z7mogoPosib
                0x03803e08       0xd8 build/src/control.o
                0x03803e08                mogoPos(int, bool)
 .text._Z8startBarf
                0x03803ee0       0x48 build/src/control.o
                0x03803ee0                startBar(float)
 .text._Z7stopBarv
                0x03803f28       0x18 build/src/control.o
                0x03803f28                stopBar()
 .text._Z10spinIntakev
                0x03803f40       0x50 build/src/control.o
                0x03803f40                spinIntake()
 .text._Z10stopIntakev
                0x03803f90       0x18 build/src/control.o
                0x03803f90                stopIntake()
 .text._Z8openClawv
                0x03803fa8        0xc build/src/control.o
                0x03803fa8                openClaw()
 *fill*         0x03803fb4        0x4 
 .text._Z9clawSpinTf
                0x03803fb8       0xd0 build/src/control.o
                0x03803fb8                clawSpinT(float)
 .text._Z9closeClawv
                0x03804088        0x8 build/src/control.o
                0x03804088                closeClaw()
 .text._ZZ10mogoThreaddEN3$_18__invokeEPv
                0x03804090        0xc build/src/control.o
 .text._ZZ7mogoPosibEN3$_28__invokeEv
                0x0380409c       0x60 build/src/control.o
 .text.vexMain  0x038040fc       0xb0 C:\Program Files (x86)\VEX Robotics\VEXcode Pro V5\sdk/vexv5\libv5rt.a(v5_startup.c.obj)
                0x038040fc                vexMain
 .text.__vex_function_prolog
                0x038041ac       0x18 C:\Program Files (x86)\VEX Robotics\VEXcode Pro V5\sdk/vexv5\libv5rt.a(v5_startup.c.obj)
                0x038041ac                __vex_function_prolog
 .text._init    0x038041c4        0x4 C:\Program Files (x86)\VEX Robotics\VEXcode Pro V5\sdk/vexv5\libv5rt.a(v5_startup.c.obj)
                0x038041c4                _init
 .text._fini    0x038041c8        0x4 C:\Program Files (x86)\VEX Robotics\VEXcode Pro V5\sdk/vexv5\libv5rt.a(v5_startup.c.obj)
                0x038041c8                _fini
 .text.vexStdlibVersionLinked
                0x038041cc        0xc C:\Program Files (x86)\VEX Robotics\VEXcode Pro V5\sdk/vexv5\libv5rt.a(v5_util.c.obj)
                0x038041cc                vexStdlibVersionLinked
 .text.vexStdlibVersionVerify
                0x038041d8       0x30 C:\Program Files (x86)\VEX Robotics\VEXcode Pro V5\sdk/vexv5\libv5rt.a(v5_util.c.obj)
                0x038041d8                vexStdlibVersionVerify
 .text.vexPrivateApiEnable
                0x03804208       0x10 C:\Program Files (x86)\VEX Robotics\VEXcode Pro V5\sdk/vexv5\libv5rt.a(v5_apijump.c.obj)
                0x03804208                vexPrivateApiEnable
 .text.vexStdlibMismatchError
                0x03804218       0x3c C:\Program Files (x86)\VEX Robotics\VEXcode Pro V5\sdk/vexv5\libv5rt.a(v5_apijump.c.obj)
                0x03804218                vexStdlibMismatchError
 .text.vexTaskAdd
                0x03804254       0x10 C:\Program Files (x86)\VEX Robotics\VEXcode Pro V5\sdk/vexv5\libv5rt.a(v5_apijump.c.obj)
                0x03804254                vexTaskAdd
 .text.vexTasksRun
                0x03804264       0x10 C:\Program Files (x86)\VEX Robotics\VEXcode Pro V5\sdk/vexv5\libv5rt.a(v5_apijump.c.obj)
                0x03804264                vexTasksRun
 .text.vexTaskYield
                0x03804274       0x10 C:\Program Files (x86)\VEX Robotics\VEXcode Pro V5\sdk/vexv5\libv5rt.a(v5_apijump.c.obj)
                0x03804274                vexTaskYield
 .text.vexTaskCheckTimeslice
                0x03804284       0x10 C:\Program Files (x86)\VEX Robotics\VEXcode Pro V5\sdk/vexv5\libv5rt.a(v5_apijump.c.obj)
                0x03804284                vexTaskCheckTimeslice
 .text.vexTaskGetIndex
                0x03804294       0x10 C:\Program Files (x86)\VEX Robotics\VEXcode Pro V5\sdk/vexv5\libv5rt.a(v5_apijump.c.obj)
                0x03804294                vexTaskGetIndex
 .text.vexTaskSleep
                0x038042a4       0x10 C:\Program Files (x86)\VEX Robotics\VEXcode Pro V5\sdk/vexv5\libv5rt.a(v5_apijump.c.obj)
                0x038042a4                vexTaskSleep
 .text.vexSemaphoreInit
                0x038042b4       0x24 C:\Program Files (x86)\VEX Robotics\VEXcode Pro V5\sdk/vexv5\libv5rt.a(v5_apijump.c.obj)
                0x038042b4                vexSemaphoreInit
 .text.vexSemaphoreLock
                0x038042d8       0x2c C:\Program Files (x86)\VEX Robotics\VEXcode Pro V5\sdk/vexv5\libv5rt.a(v5_apijump.c.obj)
                0x038042d8                vexSemaphoreLock
 .text.vexSemaphoreUnlock
                0x03804304       0x24 C:\Program Files (x86)\VEX Robotics\VEXcode Pro V5\sdk/vexv5\libv5rt.a(v5_apijump.c.obj)
                0x03804304                vexSemaphoreUnlock
 .text.vexTasksDump
                0x03804328       0x1c C:\Program Files (x86)\VEX Robotics\VEXcode Pro V5\sdk/vexv5\libv5rt.a(v5_apijump.c.obj)
                0x03804328                vexTasksDump
 .text.vexTaskGetTaskIndex
                0x03804344       0x10 C:\Program Files (x86)\VEX Robotics\VEXcode Pro V5\sdk/vexv5\libv5rt.a(v5_apijump.c.obj)
                0x03804344                vexTaskGetTaskIndex
 .text.vexTaskStopAll
                0x03804354       0x10 C:\Program Files (x86)\VEX Robotics\VEXcode Pro V5\sdk/vexv5\libv5rt.a(v5_apijump.c.obj)
                0x03804354                vexTaskStopAll
 .text.vexTaskRemoveAllUser
                0x03804364       0x34 C:\Program Files (x86)\VEX Robotics\VEXcode Pro V5\sdk/vexv5\libv5rt.a(v5_apijump.c.obj)
                0x03804364                vexTaskRemoveAllUser
 .text.vexTaskCompletionIdSet
                0x03804398       0x10 C:\Program Files (x86)\VEX Robotics\VEXcode Pro V5\sdk/vexv5\libv5rt.a(v5_apijump.c.obj)
                0x03804398                vexTaskCompletionIdSet
 .text.vexTaskAddWithArg
                0x038043a8       0x10 C:\Program Files (x86)\VEX Robotics\VEXcode Pro V5\sdk/vexv5\libv5rt.a(v5_apijump.c.obj)
                0x038043a8                vexTaskAddWithArg
 .text.vexTaskStopWithId
                0x038043b8       0x10 C:\Program Files (x86)\VEX Robotics\VEXcode Pro V5\sdk/vexv5\libv5rt.a(v5_apijump.c.obj)
                0x038043b8                vexTaskStopWithId
 .text.vexTaskGetCallbackAndId
                0x038043c8       0x54 C:\Program Files (x86)\VEX Robotics\VEXcode Pro V5\sdk/vexv5\libv5rt.a(v5_apijump.c.obj)
                0x038043c8                vexTaskGetCallbackAndId
 .text.vexCriticalSection
                0x0380441c       0x2c C:\Program Files (x86)\VEX Robotics\VEXcode Pro V5\sdk/vexv5\libv5rt.a(v5_apijump.c.obj)
                0x0380441c                vexCriticalSection
 .text.vexEventAdd
                0x03804448       0x34 C:\Program Files (x86)\VEX Robotics\VEXcode Pro V5\sdk/vexv5\libv5rt.a(v5_apijump.c.obj)
                0x03804448                vexEventAdd
 .text.vexEventUserIndexGet
                0x0380447c       0x1c C:\Program Files (x86)\VEX Robotics\VEXcode Pro V5\sdk/vexv5\libv5rt.a(v5_apijump.c.obj)
                0x0380447c                vexEventUserIndexGet
 .text.vexEventAddWithArg
                0x03804498       0x3c C:\Program Files (x86)\VEX Robotics\VEXcode Pro V5\sdk/vexv5\libv5rt.a(v5_apijump.c.obj)
                0x03804498                vexEventAddWithArg
 .text.vexEventsCleanup
                0x038044d4       0x2c C:\Program Files (x86)\VEX Robotics\VEXcode Pro V5\sdk/vexv5\libv5rt.a(v5_apijump.c.obj)
                0x038044d4                vexEventsCleanup
 .text.vexDebug
                0x03804500       0x38 C:\Program Files (x86)\VEX Robotics\VEXcode Pro V5\sdk/vexv5\libv5rt.a(v5_apijump.c.obj)
                0x03804500                vexDebug
 .text.vex_sprintf
                0x03804538       0x40 C:\Program Files (x86)\VEX Robotics\VEXcode Pro V5\sdk/vexv5\libv5rt.a(v5_apijump.c.obj)
                0x03804538                vex_sprintf
 .text.vex_vsnprintf
                0x03804578       0x3c C:\Program Files (x86)\VEX Robotics\VEXcode Pro V5\sdk/vexv5\libv5rt.a(v5_apijump.c.obj)
                0x03804578                vex_vsnprintf
 .text.vexSystemTimeGet
                0x038045b4       0x1c C:\Program Files (x86)\VEX Robotics\VEXcode Pro V5\sdk/vexv5\libv5rt.a(v5_apijump.c.obj)
                0x038045b4                vexSystemTimeGet
 .text.vexSystemExitRequest
                0x038045d0       0x1c C:\Program Files (x86)\VEX Robotics\VEXcode Pro V5\sdk/vexv5\libv5rt.a(v5_apijump.c.obj)
                0x038045d0                vexSystemExitRequest
 .text.vexDeviceGetByIndex
                0x038045ec       0x24 C:\Program Files (x86)\VEX Robotics\VEXcode Pro V5\sdk/vexv5\libv5rt.a(v5_apijump.c.obj)
                0x038045ec                vexDeviceGetByIndex
 .text.vexControllerGet
                0x03804610       0x2c C:\Program Files (x86)\VEX Robotics\VEXcode Pro V5\sdk/vexv5\libv5rt.a(v5_apijump.c.obj)
                0x03804610                vexControllerGet
 .text.vexControllerTextSet
                0x0380463c       0x74 C:\Program Files (x86)\VEX Robotics\VEXcode Pro V5\sdk/vexv5\libv5rt.a(v5_apijump.c.obj)
                0x0380463c                vexControllerTextSet
 .text.vexDeviceAdiPortConfigSet
                0x038046b0       0x34 C:\Program Files (x86)\VEX Robotics\VEXcode Pro V5\sdk/vexv5\libv5rt.a(v5_apijump.c.obj)
                0x038046b0                vexDeviceAdiPortConfigSet
 .text.vexDeviceAdiPortConfigGet
                0x038046e4       0x2c C:\Program Files (x86)\VEX Robotics\VEXcode Pro V5\sdk/vexv5\libv5rt.a(v5_apijump.c.obj)
                0x038046e4                vexDeviceAdiPortConfigGet
 .text.vexDeviceAdiValueSet
                0x03804710       0x34 C:\Program Files (x86)\VEX Robotics\VEXcode Pro V5\sdk/vexv5\libv5rt.a(v5_apijump.c.obj)
                0x03804710                vexDeviceAdiValueSet
 .text.vexDeviceAdiValueGet
                0x03804744       0x2c C:\Program Files (x86)\VEX Robotics\VEXcode Pro V5\sdk/vexv5\libv5rt.a(v5_apijump.c.obj)
                0x03804744                vexDeviceAdiValueGet
 .text.vexDeviceMotorVelocitySet
                0x03804770       0x2c C:\Program Files (x86)\VEX Robotics\VEXcode Pro V5\sdk/vexv5\libv5rt.a(v5_apijump.c.obj)
                0x03804770                vexDeviceMotorVelocitySet
 .text.vexDeviceMotorVoltageSet
                0x0380479c       0x2c C:\Program Files (x86)\VEX Robotics\VEXcode Pro V5\sdk/vexv5\libv5rt.a(v5_apijump.c.obj)
                0x0380479c                vexDeviceMotorVoltageSet
 .text.vexDeviceMotorActualVelocityGet
                0x038047c8       0x24 C:\Program Files (x86)\VEX Robotics\VEXcode Pro V5\sdk/vexv5\libv5rt.a(v5_apijump.c.obj)
                0x038047c8                vexDeviceMotorActualVelocityGet
 .text.vexDeviceMotorZeroPositionFlagGet
                0x038047ec       0x24 C:\Program Files (x86)\VEX Robotics\VEXcode Pro V5\sdk/vexv5\libv5rt.a(v5_apijump.c.obj)
                0x038047ec                vexDeviceMotorZeroPositionFlagGet
 .text.vexDeviceMotorReverseFlagSet
                0x03804810       0x2c C:\Program Files (x86)\VEX Robotics\VEXcode Pro V5\sdk/vexv5\libv5rt.a(v5_apijump.c.obj)
                0x03804810                vexDeviceMotorReverseFlagSet
 .text.vexDeviceMotorEncoderUnitsSet
                0x0380483c       0x2c C:\Program Files (x86)\VEX Robotics\VEXcode Pro V5\sdk/vexv5\libv5rt.a(v5_apijump.c.obj)
                0x0380483c                vexDeviceMotorEncoderUnitsSet
 .text.vexDeviceMotorBrakeModeSet
                0x03804868       0x2c C:\Program Files (x86)\VEX Robotics\VEXcode Pro V5\sdk/vexv5\libv5rt.a(v5_apijump.c.obj)
                0x03804868                vexDeviceMotorBrakeModeSet
 .text.vexDeviceMotorPositionSet
                0x03804894       0x34 C:\Program Files (x86)\VEX Robotics\VEXcode Pro V5\sdk/vexv5\libv5rt.a(v5_apijump.c.obj)
                0x03804894                vexDeviceMotorPositionSet
 .text.vexDeviceMotorPositionGet
                0x038048c8       0x24 C:\Program Files (x86)\VEX Robotics\VEXcode Pro V5\sdk/vexv5\libv5rt.a(v5_apijump.c.obj)
                0x038048c8                vexDeviceMotorPositionGet
 .text.vexDeviceMotorRelativeTargetSet
                0x038048ec       0x3c C:\Program Files (x86)\VEX Robotics\VEXcode Pro V5\sdk/vexv5\libv5rt.a(v5_apijump.c.obj)
                0x038048ec                vexDeviceMotorRelativeTargetSet
 .text.vexDeviceMotorGearingSet
                0x03804928       0x2c C:\Program Files (x86)\VEX Robotics\VEXcode Pro V5\sdk/vexv5\libv5rt.a(v5_apijump.c.obj)
                0x03804928                vexDeviceMotorGearingSet
 .text.vexDeviceMotorGearingGet
                0x03804954       0x24 C:\Program Files (x86)\VEX Robotics\VEXcode Pro V5\sdk/vexv5\libv5rt.a(v5_apijump.c.obj)
                0x03804954                vexDeviceMotorGearingGet
 .text.vexDeviceImuReset
                0x03804978       0x24 C:\Program Files (x86)\VEX Robotics\VEXcode Pro V5\sdk/vexv5\libv5rt.a(v5_apijump.c.obj)
                0x03804978                vexDeviceImuReset
 .text.vexDeviceImuHeadingGet
                0x0380499c       0x24 C:\Program Files (x86)\VEX Robotics\VEXcode Pro V5\sdk/vexv5\libv5rt.a(v5_apijump.c.obj)
                0x0380499c                vexDeviceImuHeadingGet
 .text.vexDeviceImuDegreesGet
                0x038049c0       0x24 C:\Program Files (x86)\VEX Robotics\VEXcode Pro V5\sdk/vexv5\libv5rt.a(v5_apijump.c.obj)
                0x038049c0                vexDeviceImuDegreesGet
 .text.vexDeviceImuStatusGet
                0x038049e4       0x24 C:\Program Files (x86)\VEX Robotics\VEXcode Pro V5\sdk/vexv5\libv5rt.a(v5_apijump.c.obj)
                0x038049e4                vexDeviceImuStatusGet
 .text.vexDeviceAbsEncPositionSet
                0x03804a08       0x2c C:\Program Files (x86)\VEX Robotics\VEXcode Pro V5\sdk/vexv5\libv5rt.a(v5_apijump.c.obj)
                0x03804a08                vexDeviceAbsEncPositionSet
 .text.vexDeviceAbsEncPositionGet
                0x03804a34       0x24 C:\Program Files (x86)\VEX Robotics\VEXcode Pro V5\sdk/vexv5\libv5rt.a(v5_apijump.c.obj)
                0x03804a34                vexDeviceAbsEncPositionGet
 .text.vexDeviceAbsEncAngleGet
                0x03804a58       0x24 C:\Program Files (x86)\VEX Robotics\VEXcode Pro V5\sdk/vexv5\libv5rt.a(v5_apijump.c.obj)
                0x03804a58                vexDeviceAbsEncAngleGet
 .text.vexDeviceAbsEncReverseFlagSet
                0x03804a7c       0x2c C:\Program Files (x86)\VEX Robotics\VEXcode Pro V5\sdk/vexv5\libv5rt.a(v5_apijump.c.obj)
                0x03804a7c                vexDeviceAbsEncReverseFlagSet
 .text.vexDeviceDistanceDistanceGet
                0x03804aa8       0x24 C:\Program Files (x86)\VEX Robotics\VEXcode Pro V5\sdk/vexv5\libv5rt.a(v5_apijump.c.obj)
                0x03804aa8                vexDeviceDistanceDistanceGet
 .text.vexDeviceDistanceObjectSizeGet
                0x03804acc       0x24 C:\Program Files (x86)\VEX Robotics\VEXcode Pro V5\sdk/vexv5\libv5rt.a(v5_apijump.c.obj)
                0x03804acc                vexDeviceDistanceObjectSizeGet
 .text.vexDeviceGpsReset
                0x03804af0       0x38 C:\Program Files (x86)\VEX Robotics\VEXcode Pro V5\sdk/vexv5\libv5rt.a(v5_apijump.c.obj)
                0x03804af0                vexDeviceGpsReset
 .text.vexDeviceGpsHeadingGet
                0x03804b28       0x44 C:\Program Files (x86)\VEX Robotics\VEXcode Pro V5\sdk/vexv5\libv5rt.a(v5_apijump.c.obj)
                0x03804b28                vexDeviceGpsHeadingGet
 .text.vexDeviceGpsDegreesGet
                0x03804b6c       0x44 C:\Program Files (x86)\VEX Robotics\VEXcode Pro V5\sdk/vexv5\libv5rt.a(v5_apijump.c.obj)
                0x03804b6c                vexDeviceGpsDegreesGet
 .text.vexDeviceGpsAttitudeGet
                0x03804bb0      0x198 C:\Program Files (x86)\VEX Robotics\VEXcode Pro V5\sdk/vexv5\libv5rt.a(v5_apijump.c.obj)
                0x03804bb0                vexDeviceGpsAttitudeGet
 .text.vexDeviceGpsStatusGet
                0x03804d48       0x40 C:\Program Files (x86)\VEX Robotics\VEXcode Pro V5\sdk/vexv5\libv5rt.a(v5_apijump.c.obj)
                0x03804d48                vexDeviceGpsStatusGet
 .text.vexDeviceGpsModeSet
                0x03804d88       0x40 C:\Program Files (x86)\VEX Robotics\VEXcode Pro V5\sdk/vexv5\libv5rt.a(v5_apijump.c.obj)
                0x03804d88                vexDeviceGpsModeSet
 .text.vexDeviceGpsOriginSet
                0x03804dc8       0x50 C:\Program Files (x86)\VEX Robotics\VEXcode Pro V5\sdk/vexv5\libv5rt.a(v5_apijump.c.obj)
                0x03804dc8                vexDeviceGpsOriginSet
 .text.vexDeviceGpsRotationSet
                0x03804e18       0x48 C:\Program Files (x86)\VEX Robotics\VEXcode Pro V5\sdk/vexv5\libv5rt.a(v5_apijump.c.obj)
                0x03804e18                vexDeviceGpsRotationSet
 .text.vexDeviceGpsRotationGet
                0x03804e60       0x44 C:\Program Files (x86)\VEX Robotics\VEXcode Pro V5\sdk/vexv5\libv5rt.a(v5_apijump.c.obj)
                0x03804e60                vexDeviceGpsRotationGet
 .text.vexDisplayForegroundColor
                0x03804ea4       0x24 C:\Program Files (x86)\VEX Robotics\VEXcode Pro V5\sdk/vexv5\libv5rt.a(v5_apijump.c.obj)
                0x03804ea4                vexDisplayForegroundColor
 .text.vexDisplayBackgroundColor
                0x03804ec8       0x24 C:\Program Files (x86)\VEX Robotics\VEXcode Pro V5\sdk/vexv5\libv5rt.a(v5_apijump.c.obj)
                0x03804ec8                vexDisplayBackgroundColor
 .text.vexDisplayPixelSet
                0x03804eec       0x38 C:\Program Files (x86)\VEX Robotics\VEXcode Pro V5\sdk/vexv5\libv5rt.a(v5_apijump.c.obj)
                0x03804eec                vexDisplayPixelSet
 .text.vexDisplayLineDraw
                0x03804f24       0x4c C:\Program Files (x86)\VEX Robotics\VEXcode Pro V5\sdk/vexv5\libv5rt.a(v5_apijump.c.obj)
                0x03804f24                vexDisplayLineDraw
 .text.vexDisplayRectDraw
                0x03804f70       0x4c C:\Program Files (x86)\VEX Robotics\VEXcode Pro V5\sdk/vexv5\libv5rt.a(v5_apijump.c.obj)
                0x03804f70                vexDisplayRectDraw
 .text.vexDisplayRectClear
                0x03804fbc       0x4c C:\Program Files (x86)\VEX Robotics\VEXcode Pro V5\sdk/vexv5\libv5rt.a(v5_apijump.c.obj)
                0x03804fbc                vexDisplayRectClear
 .text.vexDisplayVPrintf
                0x03805008       0x50 C:\Program Files (x86)\VEX Robotics\VEXcode Pro V5\sdk/vexv5\libv5rt.a(v5_apijump.c.obj)
                0x03805008                vexDisplayVPrintf
 .text.vexDisplayTextReference
                0x03805058       0x24 C:\Program Files (x86)\VEX Robotics\VEXcode Pro V5\sdk/vexv5\libv5rt.a(v5_apijump.c.obj)
                0x03805058                vexDisplayTextReference
 .text.vexDisplayTextSize
                0x0380507c       0x2c C:\Program Files (x86)\VEX Robotics\VEXcode Pro V5\sdk/vexv5\libv5rt.a(v5_apijump.c.obj)
                0x0380507c                vexDisplayTextSize
 .text.vexDisplayFontNamedSet
                0x038050a8       0x24 C:\Program Files (x86)\VEX Robotics\VEXcode Pro V5\sdk/vexv5\libv5rt.a(v5_apijump.c.obj)
                0x038050a8                vexDisplayFontNamedSet
 .text.vexDisplayStringWidthGet
                0x038050cc       0x24 C:\Program Files (x86)\VEX Robotics\VEXcode Pro V5\sdk/vexv5\libv5rt.a(v5_apijump.c.obj)
                0x038050cc                vexDisplayStringWidthGet
 .text.vexDisplayPenSizeGet
                0x038050f0       0x1c C:\Program Files (x86)\VEX Robotics\VEXcode Pro V5\sdk/vexv5\libv5rt.a(v5_apijump.c.obj)
                0x038050f0                vexDisplayPenSizeGet
 .text.vexSystemStdlibImpureDataAddr
                0x0380510c       0x28 C:\Program Files (x86)\VEX Robotics\VEXcode Pro V5\sdk/vexv5\libv5rt.a(v5_apijump.c.obj)
                0x0380510c                vexSystemStdlibImpureDataAddr
 .text.vexSystemStdlibImpureDataSize
                0x03805134       0x28 C:\Program Files (x86)\VEX Robotics\VEXcode Pro V5\sdk/vexv5\libv5rt.a(v5_apijump.c.obj)
                0x03805134                vexSystemStdlibImpureDataSize
 .text.vexSystemSaveUserData
                0x0380515c       0x3c C:\Program Files (x86)\VEX Robotics\VEXcode Pro V5\sdk/vexv5\libv5rt.a(v5_apijump.c.obj)
                0x0380515c                vexSystemSaveUserData
 .text.vexDisplayThemeIdGet
                0x03805198       0x38 C:\Program Files (x86)\VEX Robotics\VEXcode Pro V5\sdk/vexv5\libv5rt.a(v5_apijump.c.obj)
                0x03805198                vexDisplayThemeIdGet
 .text.vexDeviceEventMaskSet
                0x038051d0       0x48 C:\Program Files (x86)\VEX Robotics\VEXcode Pro V5\sdk/vexv5\libv5rt.a(v5_apijump.c.obj)
                0x038051d0                vexDeviceEventMaskSet
 .text.vexDeviceEventMaskGet
                0x03805218       0x3c C:\Program Files (x86)\VEX Robotics\VEXcode Pro V5\sdk/vexv5\libv5rt.a(v5_apijump.c.obj)
                0x03805218                vexDeviceEventMaskGet
 .text.vexSystemVersion
                0x03805254       0x10 C:\Program Files (x86)\VEX Robotics\VEXcode Pro V5\sdk/vexv5\libv5rt.a(v5_apiversions.c.obj)
                0x03805254                vexSystemVersion
 .text.vexStdlibVersion
                0x03805264       0x10 C:\Program Files (x86)\VEX Robotics\VEXcode Pro V5\sdk/vexv5\libv5rt.a(v5_apiversions.c.obj)
                0x03805264                vexStdlibVersion
 *fill*         0x03805274        0x4 
 .text._ZN3vex4waitEdNS_9timeUnitsE
                0x03805278       0x30 C:\Program Files (x86)\VEX Robotics\VEXcode Pro V5\sdk/vexv5\libv5rt.a(vex_global.cpp.obj)
                0x03805278                vex::wait(double, vex::timeUnits)
 .text._ZN3vex5motorD2Ev
                0x038052a8       0x20 C:\Program Files (x86)\VEX Robotics\VEXcode Pro V5\sdk/vexv5\libv5rt.a(vex_motor.cpp.obj)
                0x038052a8                vex::motor::~motor()
                0x038052a8                vex::motor::~motor()
 .text._ZN3vex5motorD0Ev
                0x038052c8       0x1c C:\Program Files (x86)\VEX Robotics\VEXcode Pro V5\sdk/vexv5\libv5rt.a(vex_motor.cpp.obj)
                0x038052c8                vex::motor::~motor()
 .text._ZN3vex5motor9installedEv
                0x038052e4       0x18 C:\Program Files (x86)\VEX Robotics\VEXcode Pro V5\sdk/vexv5\libv5rt.a(vex_motor.cpp.obj)
                0x038052e4                vex::motor::installed()
 .text._ZN3vex5motor15defaultStoppingENS_9brakeTypeE
                0x038052fc       0x30 C:\Program Files (x86)\VEX Robotics\VEXcode Pro V5\sdk/vexv5\libv5rt.a(vex_motor.cpp.obj)
                0x038052fc                vex::motor::defaultStopping(vex::brakeType)
 .text._ZN3vex5motor8setBrakeENS_9brakeTypeE
                0x0380532c        0x4 C:\Program Files (x86)\VEX Robotics\VEXcode Pro V5\sdk/vexv5\libv5rt.a(vex_motor.cpp.obj)
                0x0380532c                vex::motor::setBrake(vex::brakeType)
 .text._ZN3vex5motorC2El
                0x03805330       0x78 C:\Program Files (x86)\VEX Robotics\VEXcode Pro V5\sdk/vexv5\libv5rt.a(vex_motor.cpp.obj)
                0x03805330                vex::motor::motor(long)
                0x03805330                vex::motor::motor(long)
 .text._ZN3vex5motorC2ElNS_11gearSettingEb
                0x038053a8       0x34 C:\Program Files (x86)\VEX Robotics\VEXcode Pro V5\sdk/vexv5\libv5rt.a(vex_motor.cpp.obj)
                0x038053a8                vex::motor::motor(long, vex::gearSetting, bool)
                0x038053a8                vex::motor::motor(long, vex::gearSetting, bool)
 *fill*         0x038053dc        0x4 
 .text._ZN3vex5motor4spinENS_13directionTypeEdNS_12voltageUnitsE
                0x038053e0       0x50 C:\Program Files (x86)\VEX Robotics\VEXcode Pro V5\sdk/vexv5\libv5rt.a(vex_motor.cpp.obj)
                0x038053e0                vex::motor::spin(vex::directionType, double, vex::voltageUnits)
 .text._ZN3vex5motor4stopENS_9brakeTypeE
                0x03805430       0x30 C:\Program Files (x86)\VEX Robotics\VEXcode Pro V5\sdk/vexv5\libv5rt.a(vex_motor.cpp.obj)
                0x03805430                vex::motor::stop(vex::brakeType)
 .text._ZN3vex5motor4stopEv
                0x03805460        0x8 C:\Program Files (x86)\VEX Robotics\VEXcode Pro V5\sdk/vexv5\libv5rt.a(vex_motor.cpp.obj)
                0x03805460                vex::motor::stop()
 .text._ZN3vex5motor16velocityToScaledEdNS_13velocityUnitsE
                0x03805468       0x5c C:\Program Files (x86)\VEX Robotics\VEXcode Pro V5\sdk/vexv5\libv5rt.a(vex_motor.cpp.obj)
                0x03805468                vex::motor::velocityToScaled(double, vex::velocityUnits)
 .text._ZN3vex5motor8velocityENS_13velocityUnitsE
                0x038054c4       0x30 C:\Program Files (x86)\VEX Robotics\VEXcode Pro V5\sdk/vexv5\libv5rt.a(vex_motor.cpp.obj)
                0x038054c4                vex::motor::velocity(vex::velocityUnits)
 .text._ZN3vex5motor5valueEv
                0x038054f4       0x1c C:\Program Files (x86)\VEX Robotics\VEXcode Pro V5\sdk/vexv5\libv5rt.a(vex_motor.cpp.obj)
                0x038054f4                vex::motor::value()
 .text._ZN3vex5motor16scaledToVelocityEdNS_13velocityUnitsE
                0x03805510       0xa4 C:\Program Files (x86)\VEX Robotics\VEXcode Pro V5\sdk/vexv5\libv5rt.a(vex_motor.cpp.obj)
                0x03805510                vex::motor::scaledToVelocity(double, vex::velocityUnits)
 .text._ZN3vex5motor4spinENS_13directionTypeEdNS_13velocityUnitsE
                0x038055b4       0x5c C:\Program Files (x86)\VEX Robotics\VEXcode Pro V5\sdk/vexv5\libv5rt.a(vex_motor.cpp.obj)
                0x038055b4                vex::motor::spin(vex::directionType, double, vex::velocityUnits)
 .text._ZN3vex5motor16setRotationUnitsENS_13rotationUnitsE
                0x03805610       0x1c C:\Program Files (x86)\VEX Robotics\VEXcode Pro V5\sdk/vexv5\libv5rt.a(vex_motor.cpp.obj)
                0x03805610                vex::motor::setRotationUnits(vex::rotationUnits)
 .text._ZN3vex5motor11setRotationEdNS_13rotationUnitsE
                0x0380562c       0x44 C:\Program Files (x86)\VEX Robotics\VEXcode Pro V5\sdk/vexv5\libv5rt.a(vex_motor.cpp.obj)
                0x0380562c                vex::motor::setRotation(double, vex::rotationUnits)
 .text._ZN3vex5motor11setPositionEdNS_13rotationUnitsE
                0x03805670        0x4 C:\Program Files (x86)\VEX Robotics\VEXcode Pro V5\sdk/vexv5\libv5rt.a(vex_motor.cpp.obj)
                0x03805670                vex::motor::setPosition(double, vex::rotationUnits)
 .text._ZN3vex5motor9rotateForEdNS_13rotationUnitsEdNS_13velocityUnitsEb
                0x03805674       0xe0 C:\Program Files (x86)\VEX Robotics\VEXcode Pro V5\sdk/vexv5\libv5rt.a(vex_motor.cpp.obj)
                0x03805674                vex::motor::rotateFor(double, vex::rotationUnits, double, vex::velocityUnits, bool)
 .text._ZN3vex5motor8rotationENS_13rotationUnitsE
                0x03805754       0x44 C:\Program Files (x86)\VEX Robotics\VEXcode Pro V5\sdk/vexv5\libv5rt.a(vex_motor.cpp.obj)
                0x03805754                vex::motor::rotation(vex::rotationUnits)
 .text._ZN3vex5motor8positionENS_13rotationUnitsE
                0x03805798        0x4 C:\Program Files (x86)\VEX Robotics\VEXcode Pro V5\sdk/vexv5\libv5rt.a(vex_motor.cpp.obj)
                0x03805798                vex::motor::position(vex::rotationUnits)
 *fill*         0x0380579c        0x4 
 .text._ZN3vex8inertial10setHeadingEdNS_13rotationUnitsE
                0x038057a0       0x58 C:\Program Files (x86)\VEX Robotics\VEXcode Pro V5\sdk/vexv5\libv5rt.a(vex_imu.cpp.obj)
                0x038057a0                vex::inertial::setHeading(double, vex::rotationUnits)
 .text._ZThn16_N3vex8inertial10setHeadingEdNS_13rotationUnitsE
                0x038057f8        0x8 C:\Program Files (x86)\VEX Robotics\VEXcode Pro V5\sdk/vexv5\libv5rt.a(vex_imu.cpp.obj)
                0x038057f8                non-virtual thunk to vex::inertial::setHeading(double, vex::rotationUnits)
 .text._ZN3vex8inertial11setRotationEdNS_13rotationUnitsE
                0x03805800       0x58 C:\Program Files (x86)\VEX Robotics\VEXcode Pro V5\sdk/vexv5\libv5rt.a(vex_imu.cpp.obj)
                0x03805800                vex::inertial::setRotation(double, vex::rotationUnits)
 .text._ZThn16_N3vex8inertial11setRotationEdNS_13rotationUnitsE
                0x03805858        0x8 C:\Program Files (x86)\VEX Robotics\VEXcode Pro V5\sdk/vexv5\libv5rt.a(vex_imu.cpp.obj)
                0x03805858                non-virtual thunk to vex::inertial::setRotation(double, vex::rotationUnits)
 .text._ZN3vex8inertialD2Ev
                0x03805860       0x20 C:\Program Files (x86)\VEX Robotics\VEXcode Pro V5\sdk/vexv5\libv5rt.a(vex_imu.cpp.obj)
                0x03805860                vex::inertial::~inertial()
                0x03805860                vex::inertial::~inertial()
 .text._ZThn16_N3vex8inertialD1Ev
                0x03805880        0x8 C:\Program Files (x86)\VEX Robotics\VEXcode Pro V5\sdk/vexv5\libv5rt.a(vex_imu.cpp.obj)
                0x03805880                non-virtual thunk to vex::inertial::~inertial()
 .text._ZN3vex8inertialD0Ev
                0x03805888       0x1c C:\Program Files (x86)\VEX Robotics\VEXcode Pro V5\sdk/vexv5\libv5rt.a(vex_imu.cpp.obj)
                0x03805888                vex::inertial::~inertial()
 .text._ZThn16_N3vex8inertialD0Ev
                0x038058a4        0x8 C:\Program Files (x86)\VEX Robotics\VEXcode Pro V5\sdk/vexv5\libv5rt.a(vex_imu.cpp.obj)
                0x038058a4                non-virtual thunk to vex::inertial::~inertial()
 .text._ZN3vex8inertial9installedEv
                0x038058ac       0x18 C:\Program Files (x86)\VEX Robotics\VEXcode Pro V5\sdk/vexv5\libv5rt.a(vex_imu.cpp.obj)
                0x038058ac                vex::inertial::installed()
 .text._ZN3vex8inertial5angleENS_13rotationUnitsE
                0x038058c4       0x60 C:\Program Files (x86)\VEX Robotics\VEXcode Pro V5\sdk/vexv5\libv5rt.a(vex_imu.cpp.obj)
                0x038058c4                vex::inertial::angle(vex::rotationUnits)
 .text._ZThn16_N3vex8inertial5angleENS_13rotationUnitsE
                0x03805924        0x8 C:\Program Files (x86)\VEX Robotics\VEXcode Pro V5\sdk/vexv5\libv5rt.a(vex_imu.cpp.obj)
                0x03805924                non-virtual thunk to vex::inertial::angle(vex::rotationUnits)
 .text._ZN3vex8inertial7headingENS_13rotationUnitsE
                0x0380592c        0x4 C:\Program Files (x86)\VEX Robotics\VEXcode Pro V5\sdk/vexv5\libv5rt.a(vex_imu.cpp.obj)
                0x0380592c                vex::inertial::heading(vex::rotationUnits)
 .text._ZThn16_N3vex8inertial7headingENS_13rotationUnitsE
                0x03805930        0x8 C:\Program Files (x86)\VEX Robotics\VEXcode Pro V5\sdk/vexv5\libv5rt.a(vex_imu.cpp.obj)
                0x03805930                non-virtual thunk to vex::inertial::heading(vex::rotationUnits)
 .text._ZN3vex8inertial5valueEv
                0x03805938       0x1c C:\Program Files (x86)\VEX Robotics\VEXcode Pro V5\sdk/vexv5\libv5rt.a(vex_imu.cpp.obj)
                0x03805938                vex::inertial::value()
 *fill*         0x03805954        0x4 
 .text._ZN3vex8inertial8rotationENS_13rotationUnitsE
                0x03805958       0x40 C:\Program Files (x86)\VEX Robotics\VEXcode Pro V5\sdk/vexv5\libv5rt.a(vex_imu.cpp.obj)
                0x03805958                vex::inertial::rotation(vex::rotationUnits)
 .text._ZThn16_N3vex8inertial8rotationENS_13rotationUnitsE
                0x03805998        0x8 C:\Program Files (x86)\VEX Robotics\VEXcode Pro V5\sdk/vexv5\libv5rt.a(vex_imu.cpp.obj)
                0x03805998                non-virtual thunk to vex::inertial::rotation(vex::rotationUnits)
 .text._ZN3vex8inertial13isCalibratingEv
                0x038059a0       0x38 C:\Program Files (x86)\VEX Robotics\VEXcode Pro V5\sdk/vexv5\libv5rt.a(vex_imu.cpp.obj)
                0x038059a0                vex::inertial::isCalibrating()
 .text._ZThn16_N3vex8inertial13isCalibratingEv
                0x038059d8        0x8 C:\Program Files (x86)\VEX Robotics\VEXcode Pro V5\sdk/vexv5\libv5rt.a(vex_imu.cpp.obj)
                0x038059d8                non-virtual thunk to vex::inertial::isCalibrating()
 .text._ZN3vex8inertialC2El
                0x038059e0       0x48 C:\Program Files (x86)\VEX Robotics\VEXcode Pro V5\sdk/vexv5\libv5rt.a(vex_imu.cpp.obj)
                0x038059e0                vex::inertial::inertial(long)
                0x038059e0                vex::inertial::inertial(long)
 .text._ZN3vex8inertial16startCalibrationEl
                0x03805a28       0x20 C:\Program Files (x86)\VEX Robotics\VEXcode Pro V5\sdk/vexv5\libv5rt.a(vex_imu.cpp.obj)
                0x03805a28                vex::inertial::startCalibration(long)
 .text._ZN3vex8inertial9calibrateEl
                0x03805a48        0xc C:\Program Files (x86)\VEX Robotics\VEXcode Pro V5\sdk/vexv5\libv5rt.a(vex_imu.cpp.obj)
                0x03805a48                vex::inertial::calibrate(long)
                0x03805a4c                non-virtual thunk to vex::inertial::calibrate(long)
 .text._ZN3vex8rotationD2Ev
                0x03805a54       0x20 C:\Program Files (x86)\VEX Robotics\VEXcode Pro V5\sdk/vexv5\libv5rt.a(vex_rotation.cpp.obj)
                0x03805a54                vex::rotation::~rotation()
                0x03805a54                vex::rotation::~rotation()
 .text._ZN3vex8rotationD0Ev
                0x03805a74       0x1c C:\Program Files (x86)\VEX Robotics\VEXcode Pro V5\sdk/vexv5\libv5rt.a(vex_rotation.cpp.obj)
                0x03805a74                vex::rotation::~rotation()
 .text._ZN3vex8rotation9installedEv
                0x03805a90       0x18 C:\Program Files (x86)\VEX Robotics\VEXcode Pro V5\sdk/vexv5\libv5rt.a(vex_rotation.cpp.obj)
                0x03805a90                vex::rotation::installed()
 .text._ZN3vex8rotation5valueEv
                0x03805aa8        0x8 C:\Program Files (x86)\VEX Robotics\VEXcode Pro V5\sdk/vexv5\libv5rt.a(vex_rotation.cpp.obj)
                0x03805aa8                vex::rotation::value()
 .text._ZN3vex8rotationC2Elb
                0x03805ab0       0x30 C:\Program Files (x86)\VEX Robotics\VEXcode Pro V5\sdk/vexv5\libv5rt.a(vex_rotation.cpp.obj)
                0x03805ab0                vex::rotation::rotation(long, bool)
                0x03805ab0                vex::rotation::rotation(long, bool)
 .text._ZN3vex8rotation11setPositionEdNS_13rotationUnitsE
                0x03805ae0       0x48 C:\Program Files (x86)\VEX Robotics\VEXcode Pro V5\sdk/vexv5\libv5rt.a(vex_rotation.cpp.obj)
                0x03805ae0                vex::rotation::setPosition(double, vex::rotationUnits)
 .text._ZN3vex8rotation8positionENS_13rotationUnitsE
                0x03805b28       0x50 C:\Program Files (x86)\VEX Robotics\VEXcode Pro V5\sdk/vexv5\libv5rt.a(vex_rotation.cpp.obj)
                0x03805b28                vex::rotation::position(vex::rotationUnits)
 .text._ZN3vex8distanceD2Ev
                0x03805b78       0x20 C:\Program Files (x86)\VEX Robotics\VEXcode Pro V5\sdk/vexv5\libv5rt.a(vex_distance.cpp.obj)
                0x03805b78                vex::distance::~distance()
                0x03805b78                vex::distance::~distance()
 .text._ZN3vex8distanceD0Ev
                0x03805b98       0x1c C:\Program Files (x86)\VEX Robotics\VEXcode Pro V5\sdk/vexv5\libv5rt.a(vex_distance.cpp.obj)
                0x03805b98                vex::distance::~distance()
 .text._ZN3vex8distance9installedEv
                0x03805bb4       0x18 C:\Program Files (x86)\VEX Robotics\VEXcode Pro V5\sdk/vexv5\libv5rt.a(vex_distance.cpp.obj)
                0x03805bb4                vex::distance::installed()
 .text._ZN3vex8distance5valueEv
                0x03805bcc        0x8 C:\Program Files (x86)\VEX Robotics\VEXcode Pro V5\sdk/vexv5\libv5rt.a(vex_distance.cpp.obj)
                0x03805bcc                vex::distance::value()
 .text._ZN3vex8distanceC2El
                0x03805bd4       0x20 C:\Program Files (x86)\VEX Robotics\VEXcode Pro V5\sdk/vexv5\libv5rt.a(vex_distance.cpp.obj)
                0x03805bd4                vex::distance::distance(long)
                0x03805bd4                vex::distance::distance(long)
 *fill*         0x03805bf4        0x4 
 .text._ZN3vex8distance16isObjectDetectedEv
                0x03805bf8       0x80 C:\Program Files (x86)\VEX Robotics\VEXcode Pro V5\sdk/vexv5\libv5rt.a(vex_distance.cpp.obj)
                0x03805bf8                vex::distance::isObjectDetected()
 .text._ZN3vex3gps10setHeadingEdNS_13rotationUnitsE
                0x03805c78       0x58 C:\Program Files (x86)\VEX Robotics\VEXcode Pro V5\sdk/vexv5\libv5rt.a(vex_gps.cpp.obj)
                0x03805c78                vex::gps::setHeading(double, vex::rotationUnits)
 .text._ZThn16_N3vex3gps10setHeadingEdNS_13rotationUnitsE
                0x03805cd0        0x8 C:\Program Files (x86)\VEX Robotics\VEXcode Pro V5\sdk/vexv5\libv5rt.a(vex_gps.cpp.obj)
                0x03805cd0                non-virtual thunk to vex::gps::setHeading(double, vex::rotationUnits)
 .text._ZN3vex3gps11setRotationEdNS_13rotationUnitsE
                0x03805cd8       0x58 C:\Program Files (x86)\VEX Robotics\VEXcode Pro V5\sdk/vexv5\libv5rt.a(vex_gps.cpp.obj)
                0x03805cd8                vex::gps::setRotation(double, vex::rotationUnits)
 .text._ZThn16_N3vex3gps11setRotationEdNS_13rotationUnitsE
                0x03805d30        0x8 C:\Program Files (x86)\VEX Robotics\VEXcode Pro V5\sdk/vexv5\libv5rt.a(vex_gps.cpp.obj)
                0x03805d30                non-virtual thunk to vex::gps::setRotation(double, vex::rotationUnits)
 .text._ZN3vex3gpsD2Ev
                0x03805d38       0x20 C:\Program Files (x86)\VEX Robotics\VEXcode Pro V5\sdk/vexv5\libv5rt.a(vex_gps.cpp.obj)
                0x03805d38                vex::gps::~gps()
                0x03805d38                vex::gps::~gps()
 .text._ZThn16_N3vex3gpsD1Ev
                0x03805d58        0x8 C:\Program Files (x86)\VEX Robotics\VEXcode Pro V5\sdk/vexv5\libv5rt.a(vex_gps.cpp.obj)
                0x03805d58                non-virtual thunk to vex::gps::~gps()
 .text._ZN3vex3gpsD0Ev
                0x03805d60       0x1c C:\Program Files (x86)\VEX Robotics\VEXcode Pro V5\sdk/vexv5\libv5rt.a(vex_gps.cpp.obj)
                0x03805d60                vex::gps::~gps()
 .text._ZThn16_N3vex3gpsD0Ev
                0x03805d7c        0x8 C:\Program Files (x86)\VEX Robotics\VEXcode Pro V5\sdk/vexv5\libv5rt.a(vex_gps.cpp.obj)
                0x03805d7c                non-virtual thunk to vex::gps::~gps()
 .text._ZN3vex3gps9installedEv
                0x03805d84       0x18 C:\Program Files (x86)\VEX Robotics\VEXcode Pro V5\sdk/vexv5\libv5rt.a(vex_gps.cpp.obj)
                0x03805d84                vex::gps::installed()
 .text._ZN3vex3gps5angleENS_13rotationUnitsE
                0x03805d9c       0x78 C:\Program Files (x86)\VEX Robotics\VEXcode Pro V5\sdk/vexv5\libv5rt.a(vex_gps.cpp.obj)
                0x03805d9c                vex::gps::angle(vex::rotationUnits)
 .text._ZThn16_N3vex3gps5angleENS_13rotationUnitsE
                0x03805e14        0x8 C:\Program Files (x86)\VEX Robotics\VEXcode Pro V5\sdk/vexv5\libv5rt.a(vex_gps.cpp.obj)
                0x03805e14                non-virtual thunk to vex::gps::angle(vex::rotationUnits)
 .text._ZN3vex3gps7headingENS_13rotationUnitsE
                0x03805e1c        0x4 C:\Program Files (x86)\VEX Robotics\VEXcode Pro V5\sdk/vexv5\libv5rt.a(vex_gps.cpp.obj)
                0x03805e1c                vex::gps::heading(vex::rotationUnits)
 .text._ZThn16_N3vex3gps7headingENS_13rotationUnitsE
                0x03805e20        0x8 C:\Program Files (x86)\VEX Robotics\VEXcode Pro V5\sdk/vexv5\libv5rt.a(vex_gps.cpp.obj)
                0x03805e20                non-virtual thunk to vex::gps::heading(vex::rotationUnits)
 .text._ZN3vex3gps5valueEv
                0x03805e28       0x1c C:\Program Files (x86)\VEX Robotics\VEXcode Pro V5\sdk/vexv5\libv5rt.a(vex_gps.cpp.obj)
                0x03805e28                vex::gps::value()
 *fill*         0x03805e44        0x4 
 .text._ZN3vex3gps8rotationENS_13rotationUnitsE
                0x03805e48       0x58 C:\Program Files (x86)\VEX Robotics\VEXcode Pro V5\sdk/vexv5\libv5rt.a(vex_gps.cpp.obj)
                0x03805e48                vex::gps::rotation(vex::rotationUnits)
 .text._ZThn16_N3vex3gps8rotationENS_13rotationUnitsE
                0x03805ea0        0x8 C:\Program Files (x86)\VEX Robotics\VEXcode Pro V5\sdk/vexv5\libv5rt.a(vex_gps.cpp.obj)
                0x03805ea0                non-virtual thunk to vex::gps::rotation(vex::rotationUnits)
 .text._ZN3vex3gps13isCalibratingEv
                0x03805ea8       0x38 C:\Program Files (x86)\VEX Robotics\VEXcode Pro V5\sdk/vexv5\libv5rt.a(vex_gps.cpp.obj)
                0x03805ea8                vex::gps::isCalibrating()
 .text._ZThn16_N3vex3gps13isCalibratingEv
                0x03805ee0        0x8 C:\Program Files (x86)\VEX Robotics\VEXcode Pro V5\sdk/vexv5\libv5rt.a(vex_gps.cpp.obj)
                0x03805ee0                non-virtual thunk to vex::gps::isCalibrating()
 .text._ZN3vex3gps17setSensorRotationEd
                0x03805ee8        0x8 C:\Program Files (x86)\VEX Robotics\VEXcode Pro V5\sdk/vexv5\libv5rt.a(vex_gps.cpp.obj)
                0x03805ee8                vex::gps::setSensorRotation(double)
 .text._ZN3vex3gpsC2Eld
                0x03805ef0       0x70 C:\Program Files (x86)\VEX Robotics\VEXcode Pro V5\sdk/vexv5\libv5rt.a(vex_gps.cpp.obj)
                0x03805ef0                vex::gps::gps(long, double)
                0x03805ef0                vex::gps::gps(long, double)
 .text._ZN3vex3gps9setOriginEddNS_13distanceUnitsE
                0x03805f60       0x68 C:\Program Files (x86)\VEX Robotics\VEXcode Pro V5\sdk/vexv5\libv5rt.a(vex_gps.cpp.obj)
                0x03805f60                vex::gps::setOrigin(double, double, vex::distanceUnits)
 .text._ZN3vex3gpsC2ElddNS_13distanceUnitsEd
                0x03805fc8       0x44 C:\Program Files (x86)\VEX Robotics\VEXcode Pro V5\sdk/vexv5\libv5rt.a(vex_gps.cpp.obj)
                0x03805fc8                vex::gps::gps(long, double, double, vex::distanceUnits, double)
                0x03805fc8                vex::gps::gps(long, double, double, vex::distanceUnits, double)
 *fill*         0x0380600c        0x4 
 .text._ZN3vex3gps9xPositionENS_13distanceUnitsE
                0x03806010       0x70 C:\Program Files (x86)\VEX Robotics\VEXcode Pro V5\sdk/vexv5\libv5rt.a(vex_gps.cpp.obj)
                0x03806010                vex::gps::xPosition(vex::distanceUnits)
 .text._ZN3vex3gps9yPositionENS_13distanceUnitsE
                0x03806080       0x70 C:\Program Files (x86)\VEX Robotics\VEXcode Pro V5\sdk/vexv5\libv5rt.a(vex_gps.cpp.obj)
                0x03806080                vex::gps::yPosition(vex::distanceUnits)
 .text._ZN3vex3gps16startCalibrationEl
                0x038060f0       0x48 C:\Program Files (x86)\VEX Robotics\VEXcode Pro V5\sdk/vexv5\libv5rt.a(vex_gps.cpp.obj)
                0x038060f0                vex::gps::startCalibration(long)
 .text._ZN3vex3gps9calibrateEl
                0x03806138        0xc C:\Program Files (x86)\VEX Robotics\VEXcode Pro V5\sdk/vexv5\libv5rt.a(vex_gps.cpp.obj)
                0x03806138                vex::gps::calibrate(long)
                0x0380613c                non-virtual thunk to vex::gps::calibrate(long)
 .text._ZN3vex10controllerD2Ev
                0x03806144        0x4 C:\Program Files (x86)\VEX Robotics\VEXcode Pro V5\sdk/vexv5\libv5rt.a(vex_controller.cpp.obj)
                0x03806144                vex::controller::~controller()
                0x03806144                vex::controller::~controller()
 .text._ZN3vex10controller5valueE19_V5_ControllerIndex
                0x03806148        0x8 C:\Program Files (x86)\VEX Robotics\VEXcode Pro V5\sdk/vexv5\libv5rt.a(vex_controller.cpp.obj)
                0x03806148                vex::controller::value(_V5_ControllerIndex)
 .text._ZN3vex10controller6button8pressingEv
                0x03806150       0xc8 C:\Program Files (x86)\VEX Robotics\VEXcode Pro V5\sdk/vexv5\libv5rt.a(vex_controller.cpp.obj)
                0x03806150                vex::controller::button::pressing()
 .text._ZN3vex10controller6button21_buttonToPressedEventEv
                0x03806218       0x20 C:\Program Files (x86)\VEX Robotics\VEXcode Pro V5\sdk/vexv5\libv5rt.a(vex_controller.cpp.obj)
                0x03806218                vex::controller::button::_buttonToPressedEvent()
 .text._ZN3vex10controller6button22_buttonToReleasedEventEv
                0x03806238       0x20 C:\Program Files (x86)\VEX Robotics\VEXcode Pro V5\sdk/vexv5\libv5rt.a(vex_controller.cpp.obj)
                0x03806238                vex::controller::button::_buttonToReleasedEvent()
 .text._ZN3vex10controller6buttonC2ENS0_11tButtonTypeEPS0_
                0x03806258       0x48 C:\Program Files (x86)\VEX Robotics\VEXcode Pro V5\sdk/vexv5\libv5rt.a(vex_controller.cpp.obj)
                0x03806258                vex::controller::button::button(vex::controller::tButtonType, vex::controller*)
                0x03806258                vex::controller::button::button(vex::controller::tButtonType, vex::controller*)
 .text._ZN3vex10controller4axis5valueEv
                0x038062a0       0x58 C:\Program Files (x86)\VEX Robotics\VEXcode Pro V5\sdk/vexv5\libv5rt.a(vex_controller.cpp.obj)
                0x038062a0                vex::controller::axis::value()
 .text._ZN3vex10controller4axis8positionENS_12percentUnitsE
                0x038062f8       0x1c C:\Program Files (x86)\VEX Robotics\VEXcode Pro V5\sdk/vexv5\libv5rt.a(vex_controller.cpp.obj)
                0x038062f8                vex::controller::axis::position(vex::percentUnits)
 .text._ZN3vex10controller4axis23_joystickToChangedEventEv
                0x03806314       0x20 C:\Program Files (x86)\VEX Robotics\VEXcode Pro V5\sdk/vexv5\libv5rt.a(vex_controller.cpp.obj)
                0x03806314                vex::controller::axis::_joystickToChangedEvent()
 .text._ZN3vex10controller4axisC2ENS0_9tAxisTypeEPS0_
                0x03806334       0x2c C:\Program Files (x86)\VEX Robotics\VEXcode Pro V5\sdk/vexv5\libv5rt.a(vex_controller.cpp.obj)
                0x03806334                vex::controller::axis::axis(vex::controller::tAxisType, vex::controller*)
                0x03806334                vex::controller::axis::axis(vex::controller::tAxisType, vex::controller*)
 .text._ZN3vex10controllerC2ENS_14controllerTypeE
                0x03806360      0x204 C:\Program Files (x86)\VEX Robotics\VEXcode Pro V5\sdk/vexv5\libv5rt.a(vex_controller.cpp.obj)
                0x03806360                vex::controller::controller(vex::controllerType)
                0x03806360                vex::controller::controller(vex::controllerType)
 .text._ZN3vex10controller3lcd15getControllerIdEv
                0x03806564       0x10 C:\Program Files (x86)\VEX Robotics\VEXcode Pro V5\sdk/vexv5\libv5rt.a(vex_controller.cpp.obj)
                0x03806564                vex::controller::lcd::getControllerId()
 .text._ZN3vex10controller3lcd9setCursorEll
                0x03806574       0x40 C:\Program Files (x86)\VEX Robotics\VEXcode Pro V5\sdk/vexv5\libv5rt.a(vex_controller.cpp.obj)
                0x03806574                vex::controller::lcd::setCursor(long, long)
 .text._ZN3vex10controller3lcd5printEPKcz
                0x038065b4       0x80 C:\Program Files (x86)\VEX Robotics\VEXcode Pro V5\sdk/vexv5\libv5rt.a(vex_controller.cpp.obj)
                0x038065b4                vex::controller::lcd::print(char const*, ...)
 .text._ZN3vex4taskC2Ev
                0x03806634       0x28 C:\Program Files (x86)\VEX Robotics\VEXcode Pro V5\sdk/vexv5\libv5rt.a(vex_task.cpp.obj)
                0x03806634                vex::task::task()
                0x03806634                vex::task::task()
 .text._ZN3vex4taskC2EPFivE
                0x0380665c       0x5c C:\Program Files (x86)\VEX Robotics\VEXcode Pro V5\sdk/vexv5\libv5rt.a(vex_task.cpp.obj)
                0x0380665c                vex::task::task(int (*)())
                0x0380665c                vex::task::task(int (*)())
 .text._ZN3vex4taskD2Ev
                0x038066b8        0x4 C:\Program Files (x86)\VEX Robotics\VEXcode Pro V5\sdk/vexv5\libv5rt.a(vex_task.cpp.obj)
                0x038066b8                vex::task::~task()
                0x038066b8                vex::task::~task()
 .text._ZN3vex4task4stopERKS0_
                0x038066bc       0x18 C:\Program Files (x86)\VEX Robotics\VEXcode Pro V5\sdk/vexv5\libv5rt.a(vex_task.cpp.obj)
                0x038066bc                vex::task::stop(vex::task const&)
 .text._ZN3vex4task5sleepEm
                0x038066d4        0x4 C:\Program Files (x86)\VEX Robotics\VEXcode Pro V5\sdk/vexv5\libv5rt.a(vex_task.cpp.obj)
                0x038066d4                vex::task::sleep(unsigned long)
 .text._ZN3vex4task6_indexEPFivE
                0x038066d8       0x14 C:\Program Files (x86)\VEX Robotics\VEXcode Pro V5\sdk/vexv5\libv5rt.a(vex_task.cpp.obj)
                0x038066d8                vex::task::_index(int (*)())
 .text._ZN3vex4task8_stopAllEv
                0x038066ec       0x3c C:\Program Files (x86)\VEX Robotics\VEXcode Pro V5\sdk/vexv5\libv5rt.a(vex_task.cpp.obj)
                0x038066ec                vex::task::_stopAll()
 .text._ZN3vex6threadC2EPFivE
                0x03806728       0x5c C:\Program Files (x86)\VEX Robotics\VEXcode Pro V5\sdk/vexv5\libv5rt.a(vex_thread.cpp.obj)
                0x03806728                vex::thread::thread(int (*)())
                0x03806728                vex::thread::thread(int (*)())
 .text._ZN3vex6threadC2EPFiPvES1_
                0x03806784       0x5c C:\Program Files (x86)\VEX Robotics\VEXcode Pro V5\sdk/vexv5\libv5rt.a(vex_thread.cpp.obj)
                0x03806784                vex::thread::thread(int (*)(void*), void*)
                0x03806784                vex::thread::thread(int (*)(void*), void*)
 .text._ZN3vex6threadD2Ev
                0x038067e0        0x4 C:\Program Files (x86)\VEX Robotics\VEXcode Pro V5\sdk/vexv5\libv5rt.a(vex_thread.cpp.obj)
                0x038067e0                vex::thread::~thread()
                0x038067e0                vex::thread::~thread()
 .text._ZN3vex11this_thread9sleep_forEm
                0x038067e4        0x4 C:\Program Files (x86)\VEX Robotics\VEXcode Pro V5\sdk/vexv5\libv5rt.a(vex_thread.cpp.obj)
                0x038067e4                vex::this_thread::sleep_for(unsigned long)
 .text._ZN3vex5mutexC2Ev
                0x038067e8       0x1c C:\Program Files (x86)\VEX Robotics\VEXcode Pro V5\sdk/vexv5\libv5rt.a(vex_thread.cpp.obj)
                0x038067e8                vex::mutex::mutex()
                0x038067e8                vex::mutex::mutex()
 .text._ZN3vex5mutexD2Ev
                0x03806804        0x4 C:\Program Files (x86)\VEX Robotics\VEXcode Pro V5\sdk/vexv5\libv5rt.a(vex_thread.cpp.obj)
                0x03806804                vex::mutex::~mutex()
                0x03806804                vex::mutex::~mutex()
 .text._ZN3vex5mutex4lockEv
                0x03806808        0x8 C:\Program Files (x86)\VEX Robotics\VEXcode Pro V5\sdk/vexv5\libv5rt.a(vex_thread.cpp.obj)
                0x03806808                vex::mutex::lock()
 .text._ZN3vex5mutex6unlockEv
                0x03806810        0x4 C:\Program Files (x86)\VEX Robotics\VEXcode Pro V5\sdk/vexv5\libv5rt.a(vex_thread.cpp.obj)
                0x03806810                vex::mutex::unlock()
 .text._ZN3vex5event4initEmmPFvvE
                0x03806814        0x4 C:\Program Files (x86)\VEX Robotics\VEXcode Pro V5\sdk/vexv5\libv5rt.a(vex_event.cpp.obj)
                0x03806814                vex::event::init(unsigned long, unsigned long, void (*)())
 .text._ZN3vex5event4initEmmPFvPvES1_
                0x03806818        0x4 C:\Program Files (x86)\VEX Robotics\VEXcode Pro V5\sdk/vexv5\libv5rt.a(vex_event.cpp.obj)
                0x03806818                vex::event::init(unsigned long, unsigned long, void (*)(void*), void*)
 .text._ZN3vex5event9userindexEv
                0x0380681c        0x4 C:\Program Files (x86)\VEX Robotics\VEXcode Pro V5\sdk/vexv5\libv5rt.a(vex_event.cpp.obj)
                0x0380681c                vex::event::userindex()
 .text._ZZN3vex6meventC4EmmENUlvE_4_FUNEv
                0x03806820        0x4 C:\Program Files (x86)\VEX Robotics\VEXcode Pro V5\sdk/vexv5\libv5rt.a(vex_mevent.cpp.obj)
 .text._ZN3vex6meventC2Emm
                0x03806824       0x70 C:\Program Files (x86)\VEX Robotics\VEXcode Pro V5\sdk/vexv5\libv5rt.a(vex_mevent.cpp.obj)
                0x03806824                vex::mevent::mevent(unsigned long, unsigned long)
                0x03806824                vex::mevent::mevent(unsigned long, unsigned long)
 .text._ZL9_hexDigitc
                0x03806894       0x48 C:\Program Files (x86)\VEX Robotics\VEXcode Pro V5\sdk/vexv5\libv5rt.a(vex_brain.cpp.obj)
 .text._ZN3vex5brain9_getIndexEv
                0x038068dc       0x10 C:\Program Files (x86)\VEX Robotics\VEXcode Pro V5\sdk/vexv5\libv5rt.a(vex_brain.cpp.obj)
                0x038068dc                vex::brain::_getIndex()
 .text._ZN3vex5brain3lcd9setCursorEll
                0x038068ec       0x44 C:\Program Files (x86)\VEX Robotics\VEXcode Pro V5\sdk/vexv5\libv5rt.a(vex_brain.cpp.obj)
                0x038068ec                vex::brain::lcd::setCursor(long, long)
 .text._ZN3vex5brain3lcd7setFontENS_8fontTypeE
                0x03806930      0x23c C:\Program Files (x86)\VEX Robotics\VEXcode Pro V5\sdk/vexv5\libv5rt.a(vex_brain.cpp.obj)
                0x03806930                vex::brain::lcd::setFont(vex::fontType)
 .text._ZN3vex5brain3lcdC2Ev
                0x03806b6c       0x94 C:\Program Files (x86)\VEX Robotics\VEXcode Pro V5\sdk/vexv5\libv5rt.a(vex_brain.cpp.obj)
                0x03806b6c                vex::brain::lcd::lcd()
                0x03806b6c                vex::brain::lcd::lcd()
 .text._ZN3vex5brainC2Ev
                0x03806c00       0x38 C:\Program Files (x86)\VEX Robotics\VEXcode Pro V5\sdk/vexv5\libv5rt.a(vex_brain.cpp.obj)
                0x03806c00                vex::brain::brain()
                0x03806c00                vex::brain::brain()
 .text._ZN3vex5brain3lcd11setPenColorERKNS_5colorE
                0x03806c38       0x14 C:\Program Files (x86)\VEX Robotics\VEXcode Pro V5\sdk/vexv5\libv5rt.a(vex_brain.cpp.obj)
                0x03806c38                vex::brain::lcd::setPenColor(vex::color const&)
 .text._ZN3vex5brain3lcd9drawPixelEii
                0x03806c4c       0x14 C:\Program Files (x86)\VEX Robotics\VEXcode Pro V5\sdk/vexv5\libv5rt.a(vex_brain.cpp.obj)
                0x03806c4c                vex::brain::lcd::drawPixel(int, int)
 .text._ZN3vex5brain3lcd8drawLineEiiii
                0x03806c60      0x2c4 C:\Program Files (x86)\VEX Robotics\VEXcode Pro V5\sdk/vexv5\libv5rt.a(vex_brain.cpp.obj)
                0x03806c60                vex::brain::lcd::drawLine(int, int, int, int)
 .text._ZN3vex5brain3lcd13drawRectangleEiiii
                0x03806f24       0xdc C:\Program Files (x86)\VEX Robotics\VEXcode Pro V5\sdk/vexv5\libv5rt.a(vex_brain.cpp.obj)
                0x03806f24                vex::brain::lcd::drawRectangle(int, int, int, int)
 .text._ZN3vex5brain3lcd10rowToPixelEl
                0x03807000       0x34 C:\Program Files (x86)\VEX Robotics\VEXcode Pro V5\sdk/vexv5\libv5rt.a(vex_brain.cpp.obj)
                0x03807000                vex::brain::lcd::rowToPixel(long)
 .text._ZN3vex5brain3lcd5printEPKcz
                0x03807034       0xb8 C:\Program Files (x86)\VEX Robotics\VEXcode Pro V5\sdk/vexv5\libv5rt.a(vex_brain.cpp.obj)
                0x03807034                vex::brain::lcd::print(char const*, ...)
 .text._ZN3vex5brain3lcd13webColorToRgbEPKc
                0x038070ec       0x9c C:\Program Files (x86)\VEX Robotics\VEXcode Pro V5\sdk/vexv5\libv5rt.a(vex_brain.cpp.obj)
                0x038070ec                vex::brain::lcd::webColorToRgb(char const*)
 .text._ZN3vex5brain3lcd11setPenColorEPKc
                0x03807188       0x10 C:\Program Files (x86)\VEX Robotics\VEXcode Pro V5\sdk/vexv5\libv5rt.a(vex_brain.cpp.obj)
                0x03807188                vex::brain::lcd::setPenColor(char const*)
 .text._ZN3vex5brain3lcd12setFillColorEPKc
                0x03807198       0x1c C:\Program Files (x86)\VEX Robotics\VEXcode Pro V5\sdk/vexv5\libv5rt.a(vex_brain.cpp.obj)
                0x03807198                vex::brain::lcd::setFillColor(char const*)
 .text._ZN3vex5brainD2Ev
                0x038071b4       0x20 C:\Program Files (x86)\VEX Robotics\VEXcode Pro V5\sdk/vexv5\libv5rt.a(vex_brain.cpp.obj)
                0x038071b4                vex::brain::~brain()
                0x038071b4                vex::brain::~brain()
 .text._ZN3vex11competition11_autonomousEv
                0x038071d4       0x90 C:\Program Files (x86)\VEX Robotics\VEXcode Pro V5\sdk/vexv5\libv5rt.a(vex_competition.cpp.obj)
                0x038071d4                vex::competition::_autonomous()
 .text._ZN3vex11competition14_drivercontrolEv
                0x03807264       0x90 C:\Program Files (x86)\VEX Robotics\VEXcode Pro V5\sdk/vexv5\libv5rt.a(vex_competition.cpp.obj)
                0x03807264                vex::competition::_drivercontrol()
 .text._ZN3vex11competition8_disableEPv
                0x038072f4       0xc8 C:\Program Files (x86)\VEX Robotics\VEXcode Pro V5\sdk/vexv5\libv5rt.a(vex_competition.cpp.obj)
                0x038072f4                vex::competition::_disable(void*)
 .text._ZN3vex11competitionC2Ev
                0x038073bc      0x13c C:\Program Files (x86)\VEX Robotics\VEXcode Pro V5\sdk/vexv5\libv5rt.a(vex_competition.cpp.obj)
                0x038073bc                vex::competition::competition()
                0x038073bc                vex::competition::competition()
 .text._ZN3vex11competitionD2Ev
                0x038074f8        0x4 C:\Program Files (x86)\VEX Robotics\VEXcode Pro V5\sdk/vexv5\libv5rt.a(vex_competition.cpp.obj)
                0x038074f8                vex::competition::~competition()
                0x038074f8                vex::competition::~competition()
 .text._ZN3vex11competition10autonomousEPFvvE
                0x038074fc       0x44 C:\Program Files (x86)\VEX Robotics\VEXcode Pro V5\sdk/vexv5\libv5rt.a(vex_competition.cpp.obj)
                0x038074fc                vex::competition::autonomous(void (*)())
 .text._ZN3vex11competition13drivercontrolEPFvvE
                0x03807540       0x44 C:\Program Files (x86)\VEX Robotics\VEXcode Pro V5\sdk/vexv5\libv5rt.a(vex_competition.cpp.obj)
                0x03807540                vex::competition::drivercontrol(void (*)())
 .text._ZN3vex7triportD2Ev
                0x03807584       0x38 C:\Program Files (x86)\VEX Robotics\VEXcode Pro V5\sdk/vexv5\libv5rt.a(vex_triport.cpp.obj)
                0x03807584                vex::triport::~triport()
                0x03807584                vex::triport::~triport()
 .text._ZN3vex7triportD0Ev
                0x038075bc       0x1c C:\Program Files (x86)\VEX Robotics\VEXcode Pro V5\sdk/vexv5\libv5rt.a(vex_triport.cpp.obj)
                0x038075bc                vex::triport::~triport()
 .text._ZN3vex7triport9installedEv
                0x038075d8       0x18 C:\Program Files (x86)\VEX Robotics\VEXcode Pro V5\sdk/vexv5\libv5rt.a(vex_triport.cpp.obj)
                0x038075d8                vex::triport::installed()
 .text._ZN3vex7triport4portC2ElPS0_
                0x038075f0       0x74 C:\Program Files (x86)\VEX Robotics\VEXcode Pro V5\sdk/vexv5\libv5rt.a(vex_triport.cpp.obj)
                0x038075f0                vex::triport::port::port(long, vex::triport*)
                0x038075f0                vex::triport::port::port(long, vex::triport*)
 .text._ZN3vex7triportC2El
                0x03807664       0xf0 C:\Program Files (x86)\VEX Robotics\VEXcode Pro V5\sdk/vexv5\libv5rt.a(vex_triport.cpp.obj)
                0x03807664                vex::triport::triport(long)
                0x03807664                vex::triport::triport(long)
 .text._ZN3vex7triport4port4typeENS_11triportTypeE
                0x03807754       0x30 C:\Program Files (x86)\VEX Robotics\VEXcode Pro V5\sdk/vexv5\libv5rt.a(vex_triport.cpp.obj)
                0x03807754                vex::triport::port::type(vex::triportType)
 .text._ZN3vex7triport4port4typeEv
                0x03807784       0x38 C:\Program Files (x86)\VEX Robotics\VEXcode Pro V5\sdk/vexv5\libv5rt.a(vex_triport.cpp.obj)
                0x03807784                vex::triport::port::type()
 .text._ZN3vex7triport4port5valueEv
                0x038077bc       0x14 C:\Program Files (x86)\VEX Robotics\VEXcode Pro V5\sdk/vexv5\libv5rt.a(vex_triport.cpp.obj)
                0x038077bc                vex::triport::port::value()
 .text._ZN3vex7triport4port5valueEl
                0x038077d0       0x18 C:\Program Files (x86)\VEX Robotics\VEXcode Pro V5\sdk/vexv5\libv5rt.a(vex_triport.cpp.obj)
                0x038077d0                vex::triport::port::value(long)
 .text._ZN3vex11__trideviceC2ERNS_7triport4portENS_11triportTypeE
                0x038077e8       0x5c C:\Program Files (x86)\VEX Robotics\VEXcode Pro V5\sdk/vexv5\libv5rt.a(vex_triport.cpp.obj)
                0x038077e8                vex::__tridevice::__tridevice(vex::triport::port&, vex::triportType)
                0x038077e8                vex::__tridevice::__tridevice(vex::triport::port&, vex::triportType)
 .text._ZN3vex6bumperC2ERNS_7triport4portE
                0x03807844       0x28 C:\Program Files (x86)\VEX Robotics\VEXcode Pro V5\sdk/vexv5\libv5rt.a(vex_triport.cpp.obj)
                0x03807844                vex::bumper::bumper(vex::triport::port&)
                0x03807844                vex::bumper::bumper(vex::triport::port&)
 .text._ZN3vex6bumperD2Ev
                0x0380786c        0x4 C:\Program Files (x86)\VEX Robotics\VEXcode Pro V5\sdk/vexv5\libv5rt.a(vex_triport.cpp.obj)
                0x0380786c                vex::bumper::~bumper()
                0x0380786c                vex::bumper::~bumper()
 .text._ZN3vex6bumper5valueEv
                0x03807870        0x8 C:\Program Files (x86)\VEX Robotics\VEXcode Pro V5\sdk/vexv5\libv5rt.a(vex_triport.cpp.obj)
                0x03807870                vex::bumper::value()
 .text._ZN3vex11digital_outC2ERNS_7triport4portE
                0x03807878       0x18 C:\Program Files (x86)\VEX Robotics\VEXcode Pro V5\sdk/vexv5\libv5rt.a(vex_triport.cpp.obj)
                0x03807878                vex::digital_out::digital_out(vex::triport::port&)
                0x03807878                vex::digital_out::digital_out(vex::triport::port&)
 .text._ZN3vex11digital_outD2Ev
                0x03807890        0x4 C:\Program Files (x86)\VEX Robotics\VEXcode Pro V5\sdk/vexv5\libv5rt.a(vex_triport.cpp.obj)
                0x03807890                vex::digital_out::~digital_out()
                0x03807890                vex::digital_out::~digital_out()
 .text._ZN3vex11digital_out3setEb
                0x03807894        0x8 C:\Program Files (x86)\VEX Robotics\VEXcode Pro V5\sdk/vexv5\libv5rt.a(vex_triport.cpp.obj)
                0x03807894                vex::digital_out::set(bool)
 .text.startup._GLOBAL__sub_I__ZN3vex7triportC2El
                0x0380789c       0x30 C:\Program Files (x86)\VEX Robotics\VEXcode Pro V5\sdk/vexv5\libv5rt.a(vex_triport.cpp.obj)
 .text._ZN3vex5colorD2Ev
                0x038078cc        0x4 C:\Program Files (x86)\VEX Robotics\VEXcode Pro V5\sdk/vexv5\libv5rt.a(vex_color.cpp.obj)
                0x038078cc                vex::color::~color()
                0x038078cc                vex::color::~color()
 .text._ZNK3vex5colorcvmEv
                0x038078d0        0x8 C:\Program Files (x86)\VEX Robotics\VEXcode Pro V5\sdk/vexv5\libv5rt.a(vex_color.cpp.obj)
                0x038078d0                vex::color::operator unsigned long() const
 .text.startup._GLOBAL__sub_I__ZN3vex5color5blackE
                0x038078d8      0x164 C:\Program Files (x86)\VEX Robotics\VEXcode Pro V5\sdk/vexv5\libv5rt.a(vex_color.cpp.obj)
 .text._ZN3vex5timerD2Ev
                0x03807a3c        0x4 C:\Program Files (x86)\VEX Robotics\VEXcode Pro V5\sdk/vexv5\libv5rt.a(vex_timer.cpp.obj)
                0x03807a3c                vex::timer::~timer()
                0x03807a3c                vex::timer::~timer()
 .text._ZN3vex5timer5clearEv
                0x03807a40       0x1c C:\Program Files (x86)\VEX Robotics\VEXcode Pro V5\sdk/vexv5\libv5rt.a(vex_timer.cpp.obj)
                0x03807a40                vex::timer::clear()
 .text._ZN3vex5timerC2Ev
                0x03807a5c       0x14 C:\Program Files (x86)\VEX Robotics\VEXcode Pro V5\sdk/vexv5\libv5rt.a(vex_timer.cpp.obj)
                0x03807a5c                vex::timer::timer()
                0x03807a5c                vex::timer::timer()
 .text.vexAdiPortConfigSet
                0x03807a70       0x28 C:\Program Files (x86)\VEX Robotics\VEXcode Pro V5\sdk/vexv5\libv5rt.a(v5_apiuser.c.obj)
                0x03807a70                vexAdiPortConfigSet
 .text.vexAdiPortConfigGet
                0x03807a98       0x28 C:\Program Files (x86)\VEX Robotics\VEXcode Pro V5\sdk/vexv5\libv5rt.a(v5_apiuser.c.obj)
                0x03807a98                vexAdiPortConfigGet
 .text.vexAdiValueSet
                0x03807ac0       0x28 C:\Program Files (x86)\VEX Robotics\VEXcode Pro V5\sdk/vexv5\libv5rt.a(v5_apiuser.c.obj)
                0x03807ac0                vexAdiValueSet
 .text.vexAdiValueGet
                0x03807ae8       0x20 C:\Program Files (x86)\VEX Robotics\VEXcode Pro V5\sdk/vexv5\libv5rt.a(v5_apiuser.c.obj)
                0x03807ae8                vexAdiValueGet
 .text.vexMotorVelocitySet
                0x03807b08       0x20 C:\Program Files (x86)\VEX Robotics\VEXcode Pro V5\sdk/vexv5\libv5rt.a(v5_apiuser.c.obj)
                0x03807b08                vexMotorVelocitySet
 .text.vexMotorVoltageSet
                0x03807b28       0x20 C:\Program Files (x86)\VEX Robotics\VEXcode Pro V5\sdk/vexv5\libv5rt.a(v5_apiuser.c.obj)
                0x03807b28                vexMotorVoltageSet
 .text.vexMotorActualVelocityGet
                0x03807b48       0x24 C:\Program Files (x86)\VEX Robotics\VEXcode Pro V5\sdk/vexv5\libv5rt.a(v5_apiuser.c.obj)
                0x03807b48                vexMotorActualVelocityGet
 .text.vexMotorZeroPositionFlagGet
                0x03807b6c       0x18 C:\Program Files (x86)\VEX Robotics\VEXcode Pro V5\sdk/vexv5\libv5rt.a(v5_apiuser.c.obj)
                0x03807b6c                vexMotorZeroPositionFlagGet
 .text.vexMotorReverseFlagSet
                0x03807b84       0x20 C:\Program Files (x86)\VEX Robotics\VEXcode Pro V5\sdk/vexv5\libv5rt.a(v5_apiuser.c.obj)
                0x03807b84                vexMotorReverseFlagSet
 .text.vexMotorEncoderUnitsSet
                0x03807ba4       0x20 C:\Program Files (x86)\VEX Robotics\VEXcode Pro V5\sdk/vexv5\libv5rt.a(v5_apiuser.c.obj)
                0x03807ba4                vexMotorEncoderUnitsSet
 .text.vexMotorBrakeModeSet
                0x03807bc4       0x20 C:\Program Files (x86)\VEX Robotics\VEXcode Pro V5\sdk/vexv5\libv5rt.a(v5_apiuser.c.obj)
                0x03807bc4                vexMotorBrakeModeSet
 .text.vexMotorPositionSet
                0x03807be4       0x28 C:\Program Files (x86)\VEX Robotics\VEXcode Pro V5\sdk/vexv5\libv5rt.a(v5_apiuser.c.obj)
                0x03807be4                vexMotorPositionSet
 .text.vexMotorPositionGet
                0x03807c0c       0x24 C:\Program Files (x86)\VEX Robotics\VEXcode Pro V5\sdk/vexv5\libv5rt.a(v5_apiuser.c.obj)
                0x03807c0c                vexMotorPositionGet
 .text.vexMotorRelativeTargetSet
                0x03807c30       0x30 C:\Program Files (x86)\VEX Robotics\VEXcode Pro V5\sdk/vexv5\libv5rt.a(v5_apiuser.c.obj)
                0x03807c30                vexMotorRelativeTargetSet
 .text.vexMotorGearingSet
                0x03807c60       0x20 C:\Program Files (x86)\VEX Robotics\VEXcode Pro V5\sdk/vexv5\libv5rt.a(v5_apiuser.c.obj)
                0x03807c60                vexMotorGearingSet
 .text.vexMotorGearingGet
                0x03807c80       0x18 C:\Program Files (x86)\VEX Robotics\VEXcode Pro V5\sdk/vexv5\libv5rt.a(v5_apiuser.c.obj)
                0x03807c80                vexMotorGearingGet
 .text.vexImuReset
                0x03807c98       0x10 C:\Program Files (x86)\VEX Robotics\VEXcode Pro V5\sdk/vexv5\libv5rt.a(v5_apiuser.c.obj)
                0x03807c98                vexImuReset
 .text.vexImuHeadingGet
                0x03807ca8       0x10 C:\Program Files (x86)\VEX Robotics\VEXcode Pro V5\sdk/vexv5\libv5rt.a(v5_apiuser.c.obj)
                0x03807ca8                vexImuHeadingGet
 .text.vexImuDegreesGet
                0x03807cb8       0x10 C:\Program Files (x86)\VEX Robotics\VEXcode Pro V5\sdk/vexv5\libv5rt.a(v5_apiuser.c.obj)
                0x03807cb8                vexImuDegreesGet
 .text.vexImuStatusGet
                0x03807cc8       0x10 C:\Program Files (x86)\VEX Robotics\VEXcode Pro V5\sdk/vexv5\libv5rt.a(v5_apiuser.c.obj)
                0x03807cc8                vexImuStatusGet
 .text.vexAbsEncPositionSet
                0x03807cd8       0x18 C:\Program Files (x86)\VEX Robotics\VEXcode Pro V5\sdk/vexv5\libv5rt.a(v5_apiuser.c.obj)
                0x03807cd8                vexAbsEncPositionSet
 .text.vexAbsEncPositionGet
                0x03807cf0       0x10 C:\Program Files (x86)\VEX Robotics\VEXcode Pro V5\sdk/vexv5\libv5rt.a(v5_apiuser.c.obj)
                0x03807cf0                vexAbsEncPositionGet
 .text.vexAbsEncAngleGet
                0x03807d00       0x10 C:\Program Files (x86)\VEX Robotics\VEXcode Pro V5\sdk/vexv5\libv5rt.a(v5_apiuser.c.obj)
                0x03807d00                vexAbsEncAngleGet
 .text.vexAbsEncReverseFlagSet
                0x03807d10       0x18 C:\Program Files (x86)\VEX Robotics\VEXcode Pro V5\sdk/vexv5\libv5rt.a(v5_apiuser.c.obj)
                0x03807d10                vexAbsEncReverseFlagSet
 .text.vexDistanceDistanceGet
                0x03807d28       0x10 C:\Program Files (x86)\VEX Robotics\VEXcode Pro V5\sdk/vexv5\libv5rt.a(v5_apiuser.c.obj)
                0x03807d28                vexDistanceDistanceGet
 .text.vexDistanceObjectSizeGet
                0x03807d38       0x10 C:\Program Files (x86)\VEX Robotics\VEXcode Pro V5\sdk/vexv5\libv5rt.a(v5_apiuser.c.obj)
                0x03807d38                vexDistanceObjectSizeGet
 .text.vexGpsReset
                0x03807d48       0x10 C:\Program Files (x86)\VEX Robotics\VEXcode Pro V5\sdk/vexv5\libv5rt.a(v5_apiuser.c.obj)
                0x03807d48                vexGpsReset
 .text.vexGpsHeadingGet
                0x03807d58       0x10 C:\Program Files (x86)\VEX Robotics\VEXcode Pro V5\sdk/vexv5\libv5rt.a(v5_apiuser.c.obj)
                0x03807d58                vexGpsHeadingGet
 .text.vexGpsDegreesGet
                0x03807d68       0x10 C:\Program Files (x86)\VEX Robotics\VEXcode Pro V5\sdk/vexv5\libv5rt.a(v5_apiuser.c.obj)
                0x03807d68                vexGpsDegreesGet
 .text.vexGpsAttitudeGet
                0x03807d78       0x20 C:\Program Files (x86)\VEX Robotics\VEXcode Pro V5\sdk/vexv5\libv5rt.a(v5_apiuser.c.obj)
                0x03807d78                vexGpsAttitudeGet
 .text.vexGpsStatusGet
                0x03807d98       0x10 C:\Program Files (x86)\VEX Robotics\VEXcode Pro V5\sdk/vexv5\libv5rt.a(v5_apiuser.c.obj)
                0x03807d98                vexGpsStatusGet
 .text.vexGpsModeSet
                0x03807da8       0x18 C:\Program Files (x86)\VEX Robotics\VEXcode Pro V5\sdk/vexv5\libv5rt.a(v5_apiuser.c.obj)
                0x03807da8                vexGpsModeSet
 .text.vexGpsOriginSet
                0x03807dc0       0x28 C:\Program Files (x86)\VEX Robotics\VEXcode Pro V5\sdk/vexv5\libv5rt.a(v5_apiuser.c.obj)
                0x03807dc0                vexGpsOriginSet
 .text.vexGpsRotationSet
                0x03807de8       0x20 C:\Program Files (x86)\VEX Robotics\VEXcode Pro V5\sdk/vexv5\libv5rt.a(v5_apiuser.c.obj)
                0x03807de8                vexGpsRotationSet
 .text.vexGpsRotationGet
                0x03807e08       0x10 C:\Program Files (x86)\VEX Robotics\VEXcode Pro V5\sdk/vexv5\libv5rt.a(v5_apiuser.c.obj)
                0x03807e08                vexGpsRotationGet
 .text.vexEventMaskSet
                0x03807e18       0x28 C:\Program Files (x86)\VEX Robotics\VEXcode Pro V5\sdk/vexv5\libv5rt.a(v5_apiuser.c.obj)
                0x03807e18                vexEventMaskSet
 .text.vexEventMaskGet
                0x03807e40       0x18 C:\Program Files (x86)\VEX Robotics\VEXcode Pro V5\sdk/vexv5\libv5rt.a(v5_apiuser.c.obj)
                0x03807e40                vexEventMaskGet
 .text._ZN3vex6deviceD2Ev
                0x03807e58        0x4 C:\Program Files (x86)\VEX Robotics\VEXcode Pro V5\sdk/vexv5\libv5rt.a(vex_device.cpp.obj)
                0x03807e58                vex::device::~device()
                0x03807e58                vex::device::~device()
 .text._ZN3vex6device5valueEv
                0x03807e5c        0x8 C:\Program Files (x86)\VEX Robotics\VEXcode Pro V5\sdk/vexv5\libv5rt.a(vex_device.cpp.obj)
                0x03807e5c                vex::device::value()
 .text._ZN3vex6deviceD0Ev
                0x03807e64       0x14 C:\Program Files (x86)\VEX Robotics\VEXcode Pro V5\sdk/vexv5\libv5rt.a(vex_device.cpp.obj)
                0x03807e64                vex::device::~device()
 .text._ZN3vex6device4initEl
                0x03807e78       0x30 C:\Program Files (x86)\VEX Robotics\VEXcode Pro V5\sdk/vexv5\libv5rt.a(vex_device.cpp.obj)
                0x03807e78                vex::device::init(long)
 .text._ZN3vex6deviceC2El
                0x03807ea8       0x20 C:\Program Files (x86)\VEX Robotics\VEXcode Pro V5\sdk/vexv5\libv5rt.a(vex_device.cpp.obj)
                0x03807ea8                vex::device::device(long)
                0x03807ea8                vex::device::device(long)
 .text._ZN3vex6device4typeEv
                0x03807ec8       0x10 C:\Program Files (x86)\VEX Robotics\VEXcode Pro V5\sdk/vexv5\libv5rt.a(vex_device.cpp.obj)
                0x03807ec8                vex::device::type()
 .text._ZN3vex6device9installedEv
                0x03807ed8       0x14 C:\Program Files (x86)\VEX Robotics\VEXcode Pro V5\sdk/vexv5\libv5rt.a(vex_device.cpp.obj)
                0x03807ed8                vex::device::installed()
 .text.__libc_fini_array
                0x03807eec       0x30 C:\Program Files (x86)\VEX Robotics\VEXcode Pro V5\sdk/vexv5/gcc/libs\libc.a(lib_a-fini.o)
                0x03807eec                __libc_fini_array
 .text.__libc_init_array
                0x03807f1c       0x58 C:\Program Files (x86)\VEX Robotics\VEXcode Pro V5\sdk/vexv5/gcc/libs\libc.a(lib_a-init.o)
                0x03807f1c                __libc_init_array
 *fill*         0x03807f74        0x4 
 .text.__libc_init_array.__stub
                0x03807f78       0x18 linker stubs
 *(.gnu.linkonce.t.*)
 *(.plt)
 *(.gnu_warning)
 *(.gcc_except_table)
 *(.glue_7)
 .glue_7        0x00000000        0x0 linker stubs
 *(.glue_7t)
 .glue_7t       0x00000000        0x0 linker stubs
 *(.vfp11_veneer)
 .vfp11_veneer  0x00000000        0x0 linker stubs
 *(.ARM.extab)
 *(.gnu.linkonce.armextab.*)

.v4_bx          0x03807f90        0x0
 .v4_bx         0x00000000        0x0 linker stubs

.iplt           0x03807f90        0x0
 .iplt          0x00000000        0x0 build/src/util.o

.init
 *(.init)

.fini
 *(.fini)

.rodata         0x03807f90      0x314
                0x03807f90                __rodata_start = .
 *(.rodata)
 *(.rodata.*)
 .rodata.EPSILON
                0x03807f90        0x8 build/src/util.o
                0x03807f90                EPSILON
 .rodata.TURNS_TO_INCHES
                0x03807f98        0x8 build/src/util.o
                0x03807f98                TURNS_TO_INCHES
 .rodata.TURNING_RADIUS
                0x03807fa0        0x8 build/src/util.o
                0x03807fa0                TURNING_RADIUS
 .rodata.MOTOR_PERCENT_TO_IN_PER_SEC
                0x03807fa8        0x8 build/src/util.o
                0x03807fa8                MOTOR_PERCENT_TO_IN_PER_SEC
 .rodata.str1.1
                0x03807fb0       0x19 build/src/main.o
 .rodata.str1.1
                0x03807fc9       0x34 build/src/DrawField.o
 .rodata.str1.1
                0x03807ffd       0x10 build/src/chasis.o
                                 0x15 (size before relaxing)
 .rodata.str1.1
                0x0380800d       0x2e C:\Program Files (x86)\VEX Robotics\VEXcode Pro V5\sdk/vexv5\libv5rt.a(v5_startup.c.obj)
 *fill*         0x0380803b        0x1 
 .rodata._ZN3vex6PORT20E
                0x0380803c        0x4 C:\Program Files (x86)\VEX Robotics\VEXcode Pro V5\sdk/vexv5\libv5rt.a(vex_global.cpp.obj)
                0x0380803c                vex::PORT20
 .rodata._ZN3vex3fwdE
                0x03808040        0x4 C:\Program Files (x86)\VEX Robotics\VEXcode Pro V5\sdk/vexv5\libv5rt.a(vex_global.cpp.obj)
                0x03808040                vex::fwd
 .rodata._ZN3vex5PORT3E
                0x03808044        0x4 C:\Program Files (x86)\VEX Robotics\VEXcode Pro V5\sdk/vexv5\libv5rt.a(vex_global.cpp.obj)
                0x03808044                vex::PORT3
 .rodata._ZN3vex5PORT1E
                0x03808048        0x4 C:\Program Files (x86)\VEX Robotics\VEXcode Pro V5\sdk/vexv5\libv5rt.a(vex_global.cpp.obj)
                0x03808048                vex::PORT1
 .rodata._ZN3vex7reverseE
                0x0380804c        0x4 C:\Program Files (x86)\VEX Robotics\VEXcode Pro V5\sdk/vexv5\libv5rt.a(vex_global.cpp.obj)
                0x0380804c                vex::reverse
 .rodata._ZN3vex4voltE
                0x03808050        0x4 C:\Program Files (x86)\VEX Robotics\VEXcode Pro V5\sdk/vexv5\libv5rt.a(vex_global.cpp.obj)
                0x03808050                vex::volt
 .rodata._ZN3vex6PORT10E
                0x03808054        0x4 C:\Program Files (x86)\VEX Robotics\VEXcode Pro V5\sdk/vexv5\libv5rt.a(vex_global.cpp.obj)
                0x03808054                vex::PORT10
 .rodata._ZN3vex6PORT14E
                0x03808058        0x4 C:\Program Files (x86)\VEX Robotics\VEXcode Pro V5\sdk/vexv5\libv5rt.a(vex_global.cpp.obj)
                0x03808058                vex::PORT14
 .rodata._ZN3vex3pctE
                0x0380805c        0x4 C:\Program Files (x86)\VEX Robotics\VEXcode Pro V5\sdk/vexv5\libv5rt.a(vex_global.cpp.obj)
                0x0380805c                vex::pct
 .rodata._ZN3vex3secE
                0x03808060        0x4 C:\Program Files (x86)\VEX Robotics\VEXcode Pro V5\sdk/vexv5\libv5rt.a(vex_global.cpp.obj)
                0x03808060                vex::sec
 .rodata._ZN3vex5blackE
                0x03808064        0x4 C:\Program Files (x86)\VEX Robotics\VEXcode Pro V5\sdk/vexv5\libv5rt.a(vex_global.cpp.obj)
                0x03808064                vex::black
 .rodata._ZN3vex4msecE
                0x03808068        0x4 C:\Program Files (x86)\VEX Robotics\VEXcode Pro V5\sdk/vexv5\libv5rt.a(vex_global.cpp.obj)
                0x03808068                vex::msec
 .rodata._ZN3vex6PORT18E
                0x0380806c        0x4 C:\Program Files (x86)\VEX Robotics\VEXcode Pro V5\sdk/vexv5\libv5rt.a(vex_global.cpp.obj)
                0x0380806c                vex::PORT18
 .rodata._ZN3vex9ratio36_1E
                0x03808070        0x4 C:\Program Files (x86)\VEX Robotics\VEXcode Pro V5\sdk/vexv5\libv5rt.a(vex_global.cpp.obj)
                0x03808070                vex::ratio36_1
 .rodata._ZN3vex6PORT21E
                0x03808074        0x4 C:\Program Files (x86)\VEX Robotics\VEXcode Pro V5\sdk/vexv5\libv5rt.a(vex_global.cpp.obj)
                0x03808074                vex::PORT21
 .rodata._ZN3vex5PORT2E
                0x03808078        0x4 C:\Program Files (x86)\VEX Robotics\VEXcode Pro V5\sdk/vexv5\libv5rt.a(vex_global.cpp.obj)
                0x03808078                vex::PORT2
 .rodata._ZN3vex6PORT11E
                0x0380807c        0x4 C:\Program Files (x86)\VEX Robotics\VEXcode Pro V5\sdk/vexv5\libv5rt.a(vex_global.cpp.obj)
                0x0380807c                vex::PORT11
 .rodata._ZN3vex5PORT6E
                0x03808080        0x4 C:\Program Files (x86)\VEX Robotics\VEXcode Pro V5\sdk/vexv5\libv5rt.a(vex_global.cpp.obj)
                0x03808080                vex::PORT6
 .rodata._ZN3vex7primaryE
                0x03808084        0x4 C:\Program Files (x86)\VEX Robotics\VEXcode Pro V5\sdk/vexv5\libv5rt.a(vex_global.cpp.obj)
                0x03808084                vex::primary
 .rodata._ZN3vex3degE
                0x03808088        0x4 C:\Program Files (x86)\VEX Robotics\VEXcode Pro V5\sdk/vexv5\libv5rt.a(vex_global.cpp.obj)
                0x03808088                vex::deg
 .rodata._ZN3vex7percentE
                0x0380808c        0x4 C:\Program Files (x86)\VEX Robotics\VEXcode Pro V5\sdk/vexv5\libv5rt.a(vex_global.cpp.obj)
                0x0380808c                vex::percent
 .rodata._ZN3vex6PORT15E
                0x03808090        0x4 C:\Program Files (x86)\VEX Robotics\VEXcode Pro V5\sdk/vexv5\libv5rt.a(vex_global.cpp.obj)
                0x03808090                vex::PORT15
 .rodata._ZN3vex6PORT19E
                0x03808094        0x4 C:\Program Files (x86)\VEX Robotics\VEXcode Pro V5\sdk/vexv5\libv5rt.a(vex_global.cpp.obj)
                0x03808094                vex::PORT19
 .rodata._ZN3vex7degreesE
                0x03808098        0x4 C:\Program Files (x86)\VEX Robotics\VEXcode Pro V5\sdk/vexv5\libv5rt.a(vex_global.cpp.obj)
                0x03808098                vex::degrees
 .rodata._ZN3vex6PORT22E
                0x0380809c        0x4 C:\Program Files (x86)\VEX Robotics\VEXcode Pro V5\sdk/vexv5\libv5rt.a(vex_global.cpp.obj)
                0x0380809c                vex::PORT22
 .rodata._ZN3vex7partnerE
                0x038080a0        0x4 C:\Program Files (x86)\VEX Robotics\VEXcode Pro V5\sdk/vexv5\libv5rt.a(vex_global.cpp.obj)
                0x038080a0                vex::partner
 .rodata._ZN3vex4holdE
                0x038080a4        0x4 C:\Program Files (x86)\VEX Robotics\VEXcode Pro V5\sdk/vexv5\libv5rt.a(vex_global.cpp.obj)
                0x038080a4                vex::hold
 .rodata._ZN3vex5PORT7E
                0x038080a8        0x4 C:\Program Files (x86)\VEX Robotics\VEXcode Pro V5\sdk/vexv5\libv5rt.a(vex_global.cpp.obj)
                0x038080a8                vex::PORT7
 .rodata._ZN3vex6PORT16E
                0x038080ac        0x4 C:\Program Files (x86)\VEX Robotics\VEXcode Pro V5\sdk/vexv5\libv5rt.a(vex_global.cpp.obj)
                0x038080ac                vex::PORT16
 .rodata._ZN3vex5turnsE
                0x038080b0        0x4 C:\Program Files (x86)\VEX Robotics\VEXcode Pro V5\sdk/vexv5\libv5rt.a(vex_global.cpp.obj)
                0x038080b0                vex::turns
 .rodata._ZN3vex8ratio6_1E
                0x038080b4        0x4 C:\Program Files (x86)\VEX Robotics\VEXcode Pro V5\sdk/vexv5\libv5rt.a(vex_global.cpp.obj)
                0x038080b4                vex::ratio6_1
 .rodata._ZN3vex2mmE
                0x038080b8        0x4 C:\Program Files (x86)\VEX Robotics\VEXcode Pro V5\sdk/vexv5\libv5rt.a(vex_global.cpp.obj)
                0x038080b8                vex::mm
 .rodata._ZN3vex5brakeE
                0x038080bc        0x4 C:\Program Files (x86)\VEX Robotics\VEXcode Pro V5\sdk/vexv5\libv5rt.a(vex_global.cpp.obj)
                0x038080bc                vex::brake
 .rodata._ZN3vex5coastE
                0x038080c0        0x4 C:\Program Files (x86)\VEX Robotics\VEXcode Pro V5\sdk/vexv5\libv5rt.a(vex_global.cpp.obj)
                0x038080c0                vex::coast
 .rodata._ZN3vex5PORT4E
                0x038080c4        0x4 C:\Program Files (x86)\VEX Robotics\VEXcode Pro V5\sdk/vexv5\libv5rt.a(vex_global.cpp.obj)
                0x038080c4                vex::PORT4
 .rodata._ZN3vex6PORT13E
                0x038080c8        0x4 C:\Program Files (x86)\VEX Robotics\VEXcode Pro V5\sdk/vexv5\libv5rt.a(vex_global.cpp.obj)
                0x038080c8                vex::PORT13
 .rodata._ZN3vex9ratio18_1E
                0x038080cc        0x4 C:\Program Files (x86)\VEX Robotics\VEXcode Pro V5\sdk/vexv5\libv5rt.a(vex_global.cpp.obj)
                0x038080cc                vex::ratio18_1
 .rodata._ZN3vex6PORT17E
                0x038080d0        0x4 C:\Program Files (x86)\VEX Robotics\VEXcode Pro V5\sdk/vexv5\libv5rt.a(vex_global.cpp.obj)
                0x038080d0                vex::PORT17
 *fill*         0x038080d4        0x4 
 .rodata._ZTVN3vex5motorE
                0x038080d8       0x18 C:\Program Files (x86)\VEX Robotics\VEXcode Pro V5\sdk/vexv5\libv5rt.a(vex_motor.cpp.obj)
                0x038080d8                vtable for vex::motor
 .rodata._ZTVN3vex8inertialE
                0x038080f0       0x60 C:\Program Files (x86)\VEX Robotics\VEXcode Pro V5\sdk/vexv5\libv5rt.a(vex_imu.cpp.obj)
                0x038080f0                vtable for vex::inertial
 .rodata._ZTVN3vex8rotationE
                0x03808150       0x18 C:\Program Files (x86)\VEX Robotics\VEXcode Pro V5\sdk/vexv5\libv5rt.a(vex_rotation.cpp.obj)
                0x03808150                vtable for vex::rotation
 .rodata._ZTVN3vex8distanceE
                0x03808168       0x18 C:\Program Files (x86)\VEX Robotics\VEXcode Pro V5\sdk/vexv5\libv5rt.a(vex_distance.cpp.obj)
                0x03808168                vtable for vex::distance
 .rodata._ZTVN3vex3gpsE
                0x03808180       0x60 C:\Program Files (x86)\VEX Robotics\VEXcode Pro V5\sdk/vexv5\libv5rt.a(vex_gps.cpp.obj)
                0x03808180                vtable for vex::gps
 .rodata.CSWTCH.16
                0x038081e0        0xb C:\Program Files (x86)\VEX Robotics\VEXcode Pro V5\sdk/vexv5\libv5rt.a(vex_controller.cpp.obj)
 .rodata.CSWTCH.18
                0x038081eb        0xb C:\Program Files (x86)\VEX Robotics\VEXcode Pro V5\sdk/vexv5\libv5rt.a(vex_controller.cpp.obj)
 .rodata.CSWTCH.24
                0x038081f6        0x3 C:\Program Files (x86)\VEX Robotics\VEXcode Pro V5\sdk/vexv5\libv5rt.a(vex_controller.cpp.obj)
 .rodata.str1.1
                0x038081f9       0x14 C:\Program Files (x86)\VEX Robotics\VEXcode Pro V5\sdk/vexv5\libv5rt.a(vex_task.cpp.obj)
 .rodata.str1.1
                0x0380820d       0x14 C:\Program Files (x86)\VEX Robotics\VEXcode Pro V5\sdk/vexv5\libv5rt.a(vex_thread.cpp.obj)
 .rodata.str1.1
                0x03808221       0x2d C:\Program Files (x86)\VEX Robotics\VEXcode Pro V5\sdk/vexv5\libv5rt.a(vex_brain.cpp.obj)
 .rodata.CSWTCH.36
                0x0380824e       0x10 C:\Program Files (x86)\VEX Robotics\VEXcode Pro V5\sdk/vexv5\libv5rt.a(vex_triport.cpp.obj)
 *fill*         0x0380825e        0x2 
 .rodata._ZTVN3vex7triportE
                0x03808260       0x18 C:\Program Files (x86)\VEX Robotics\VEXcode Pro V5\sdk/vexv5\libv5rt.a(vex_triport.cpp.obj)
                0x03808260                vtable for vex::triport
 .rodata.CSWTCH.31